Archive member included to satisfy reference by file (symbol)

/opt/st/stm32cubeide_1.12.1/plugins/com.st.stm32cube.ide.mcu.externaltools.gnu-tools-for-stm32.10.3-2021.10.linux64_1.0.200.202301161003/tools/bin/../lib/gcc/arm-none-eabi/10.3.1/../../../../arm-none-eabi/lib/thumb/v7e-m+fp/hard/libc_nano.a(lib_a-errno.o)
                              ./Core/Src/syscalls.o (__errno)
/opt/st/stm32cubeide_1.12.1/plugins/com.st.stm32cube.ide.mcu.externaltools.gnu-tools-for-stm32.10.3-2021.10.linux64_1.0.200.202301161003/tools/bin/../lib/gcc/arm-none-eabi/10.3.1/../../../../arm-none-eabi/lib/thumb/v7e-m+fp/hard/libc_nano.a(lib_a-exit.o)
                              /opt/st/stm32cubeide_1.12.1/plugins/com.st.stm32cube.ide.mcu.externaltools.gnu-tools-for-stm32.10.3-2021.10.linux64_1.0.200.202301161003/tools/bin/../lib/gcc/arm-none-eabi/10.3.1/../../../../arm-none-eabi/lib/thumb/v7e-m+fp/hard/crt0.o (exit)
/opt/st/stm32cubeide_1.12.1/plugins/com.st.stm32cube.ide.mcu.externaltools.gnu-tools-for-stm32.10.3-2021.10.linux64_1.0.200.202301161003/tools/bin/../lib/gcc/arm-none-eabi/10.3.1/../../../../arm-none-eabi/lib/thumb/v7e-m+fp/hard/libc_nano.a(lib_a-impure.o)
                              /opt/st/stm32cubeide_1.12.1/plugins/com.st.stm32cube.ide.mcu.externaltools.gnu-tools-for-stm32.10.3-2021.10.linux64_1.0.200.202301161003/tools/bin/../lib/gcc/arm-none-eabi/10.3.1/../../../../arm-none-eabi/lib/thumb/v7e-m+fp/hard/libc_nano.a(lib_a-exit.o) (_global_impure_ptr)
/opt/st/stm32cubeide_1.12.1/plugins/com.st.stm32cube.ide.mcu.externaltools.gnu-tools-for-stm32.10.3-2021.10.linux64_1.0.200.202301161003/tools/bin/../lib/gcc/arm-none-eabi/10.3.1/../../../../arm-none-eabi/lib/thumb/v7e-m+fp/hard/libc_nano.a(lib_a-init.o)
                              /opt/st/stm32cubeide_1.12.1/plugins/com.st.stm32cube.ide.mcu.externaltools.gnu-tools-for-stm32.10.3-2021.10.linux64_1.0.200.202301161003/tools/bin/../lib/gcc/arm-none-eabi/10.3.1/../../../../arm-none-eabi/lib/thumb/v7e-m+fp/hard/crt0.o (__libc_init_array)
/opt/st/stm32cubeide_1.12.1/plugins/com.st.stm32cube.ide.mcu.externaltools.gnu-tools-for-stm32.10.3-2021.10.linux64_1.0.200.202301161003/tools/bin/../lib/gcc/arm-none-eabi/10.3.1/../../../../arm-none-eabi/lib/thumb/v7e-m+fp/hard/libc_nano.a(lib_a-memset.o)
                              /opt/st/stm32cubeide_1.12.1/plugins/com.st.stm32cube.ide.mcu.externaltools.gnu-tools-for-stm32.10.3-2021.10.linux64_1.0.200.202301161003/tools/bin/../lib/gcc/arm-none-eabi/10.3.1/../../../../arm-none-eabi/lib/thumb/v7e-m+fp/hard/crt0.o (memset)
/opt/st/stm32cubeide_1.12.1/plugins/com.st.stm32cube.ide.mcu.externaltools.gnu-tools-for-stm32.10.3-2021.10.linux64_1.0.200.202301161003/tools/bin/../lib/gcc/arm-none-eabi/10.3.1/../../../../arm-none-eabi/lib/thumb/v7e-m+fp/hard/libc_nano.a(lib_a-strlen.o)
                              ./Core/Src/main.o (strlen)
/opt/st/stm32cubeide_1.12.1/plugins/com.st.stm32cube.ide.mcu.externaltools.gnu-tools-for-stm32.10.3-2021.10.linux64_1.0.200.202301161003/tools/bin/../lib/gcc/arm-none-eabi/10.3.1/thumb/v7e-m+fp/hard/libgcc.a(_arm_muldf3.o)
                              ./Core/Src/main.o (__aeabi_dmul)
/opt/st/stm32cubeide_1.12.1/plugins/com.st.stm32cube.ide.mcu.externaltools.gnu-tools-for-stm32.10.3-2021.10.linux64_1.0.200.202301161003/tools/bin/../lib/gcc/arm-none-eabi/10.3.1/thumb/v7e-m+fp/hard/libgcc.a(_arm_addsubdf3.o)
                              ./Core/Src/main.o (__aeabi_dsub)
/opt/st/stm32cubeide_1.12.1/plugins/com.st.stm32cube.ide.mcu.externaltools.gnu-tools-for-stm32.10.3-2021.10.linux64_1.0.200.202301161003/tools/bin/../lib/gcc/arm-none-eabi/10.3.1/thumb/v7e-m+fp/hard/libgcc.a(_arm_cmpdf2.o)
                              ./Core/Src/main.o (__aeabi_dcmpeq)
/opt/st/stm32cubeide_1.12.1/plugins/com.st.stm32cube.ide.mcu.externaltools.gnu-tools-for-stm32.10.3-2021.10.linux64_1.0.200.202301161003/tools/bin/../lib/gcc/arm-none-eabi/10.3.1/thumb/v7e-m+fp/hard/libgcc.a(_arm_fixunsdfsi.o)
                              ./Core/Src/main.o (__aeabi_d2uiz)
/opt/st/stm32cubeide_1.12.1/plugins/com.st.stm32cube.ide.mcu.externaltools.gnu-tools-for-stm32.10.3-2021.10.linux64_1.0.200.202301161003/tools/bin/../lib/gcc/arm-none-eabi/10.3.1/thumb/v7e-m+fp/hard/libgcc.a(_aeabi_uldivmod.o)
                              ./Core/Src/main.o (__aeabi_uldivmod)
/opt/st/stm32cubeide_1.12.1/plugins/com.st.stm32cube.ide.mcu.externaltools.gnu-tools-for-stm32.10.3-2021.10.linux64_1.0.200.202301161003/tools/bin/../lib/gcc/arm-none-eabi/10.3.1/thumb/v7e-m+fp/hard/libgcc.a(_udivmoddi4.o)
                              /opt/st/stm32cubeide_1.12.1/plugins/com.st.stm32cube.ide.mcu.externaltools.gnu-tools-for-stm32.10.3-2021.10.linux64_1.0.200.202301161003/tools/bin/../lib/gcc/arm-none-eabi/10.3.1/thumb/v7e-m+fp/hard/libgcc.a(_aeabi_uldivmod.o) (__udivmoddi4)
[...]
Memory Configuration

Name             Origin             Length             Attributes
CCMRAM           0x0000000010000000 0x0000000000001000 xrw
RAM              0x0000000020000000 0x0000000000003000 xrw
FLASH            0x0000000008000000 0x0000000000010000 xr
*default*        0x0000000000000000 0xffffffffffffffff

Linker script and memory map

LOAD /opt/st/stm32cubeide_1.12.1/plugins/com.st.stm32cube.ide.mcu.externaltools.gnu-tools-for-stm32.10.3-2021.10.linux64_1.0.200.202301161003/tools/bin/../lib/gcc/arm-none-eabi/10.3.1/thumb/v7e-m+fp/hard/crti.o
LOAD /opt/st/stm32cubeide_1.12.1/plugins/com.st.stm32cube.ide.mcu.externaltools.gnu-tools-for-stm32.10.3-2021.10.linux64_1.0.200.202301161003/tools/bin/../lib/gcc/arm-none-eabi/10.3.1/thumb/v7e-m+fp/hard/crtbegin.o
LOAD /opt/st/stm32cubeide_1.12.1/plugins/com.st.stm32cube.ide.mcu.externaltools.gnu-tools-for-stm32.10.3-2021.10.linux64_1.0.200.202301161003/tools/bin/../lib/gcc/arm-none-eabi/10.3.1/../../../../arm-none-eabi/lib/thumb/v7e-m+fp/hard/crt0.o
LOAD ./Core/Src/main.o
LOAD ./Core/Src/stm32f3xx_hal_msp.o
LOAD ./Core/Src/stm32f3xx_it.o
LOAD ./Core/Src/syscalls.o
LOAD ./Core/Src/sysmem.o
LOAD ./Core/Src/system_stm32f3xx.o
LOAD ./Core/Startup/startup_stm32f303k8tx.o
LOAD ./Drivers/STM32F3xx_HAL_Driver/Src/stm32f3xx_hal.o
LOAD ./Drivers/STM32F3xx_HAL_Driver/Src/stm32f3xx_hal_cortex.o
LOAD ./Drivers/STM32F3xx_HAL_Driver/Src/stm32f3xx_hal_dma.o
LOAD ./Drivers/STM32F3xx_HAL_Driver/Src/stm32f3xx_hal_exti.o
LOAD ./Drivers/STM32F3xx_HAL_Driver/Src/stm32f3xx_hal_flash.o
LOAD ./Drivers/STM32F3xx_HAL_Driver/Src/stm32f3xx_hal_flash_ex.o
LOAD ./Drivers/STM32F3xx_HAL_Driver/Src/stm32f3xx_hal_gpio.o
LOAD ./Drivers/STM32F3xx_HAL_Driver/Src/stm32f3xx_hal_i2c.o
LOAD ./Drivers/STM32F3xx_HAL_Driver/Src/stm32f3xx_hal_i2c_ex.o
LOAD ./Drivers/STM32F3xx_HAL_Driver/Src/stm32f3xx_hal_pwr.o
LOAD ./Drivers/STM32F3xx_HAL_Driver/Src/stm32f3xx_hal_pwr_ex.o
LOAD ./Drivers/STM32F3xx_HAL_Driver/Src/stm32f3xx_hal_rcc.o
LOAD ./Drivers/STM32F3xx_HAL_Driver/Src/stm32f3xx_hal_rcc_ex.o
LOAD ./Drivers/STM32F3xx_HAL_Driver/Src/stm32f3xx_hal_spi.o
LOAD ./Drivers/STM32F3xx_HAL_Driver/Src/stm32f3xx_hal_spi_ex.o
LOAD ./Drivers/STM32F3xx_HAL_Driver/Src/stm32f3xx_hal_tim.o
LOAD ./Drivers/STM32F3xx_HAL_Driver/Src/stm32f3xx_hal_tim_ex.o
LOAD ./Drivers/STM32F3xx_HAL_Driver/Src/stm32f3xx_hal_uart.o
LOAD ./Drivers/STM32F3xx_HAL_Driver/Src/stm32f3xx_hal_uart_ex.o
START GROUP
LOAD /opt/st/stm32cubeide_1.12.1/plugins/com.st.stm32cube.ide.mcu.externaltools.gnu-tools-for-stm32.10.3-2021.10.linux64_1.0.200.202301161003/tools/bin/../lib/gcc/arm-none-eabi/10.3.1/../../../../arm-none-eabi/lib/thumb/v7e-m+fp/hard/libstdc++_nano.a
LOAD /opt/st/stm32cubeide_1.12.1/plugins/com.st.stm32cube.ide.mcu.externaltools.gnu-tools-for-stm32.10.3-2021.10.linux64_1.0.200.202301161003/tools/bin/../lib/gcc/arm-none-eabi/10.3.1/../../../../arm-none-eabi/lib/thumb/v7e-m+fp/hard/libsupc++_nano.a
END GROUP
LOAD /opt/st/stm32cubeide_1.12.1/plugins/com.st.stm32cube.ide.mcu.externaltools.gnu-tools-for-stm32.10.3-2021.10.linux64_1.0.200.202301161003/tools/bin/../lib/gcc/arm-none-eabi/10.3.1/../../../../arm-none-eabi/lib/thumb/v7e-m+fp/hard/libstdc++_nano.a
LOAD /opt/st/stm32cubeide_1.12.1/plugins/com.st.stm32cube.ide.mcu.externaltools.gnu-tools-for-stm32.10.3-2021.10.linux64_1.0.200.202301161003/tools/bin/../lib/gcc/arm-none-eabi/10.3.1/../../../../arm-none-eabi/lib/thumb/v7e-m+fp/hard/libm.a
LOAD /opt/st/stm32cubeide_1.12.1/plugins/com.st.stm32cube.ide.mcu.externaltools.gnu-tools-for-stm32.10.3-2021.10.linux64_1.0.200.202301161003/tools/bin/../lib/gcc/arm-none-eabi/10.3.1/../../../../arm-none-eabi/lib/thumb/v7e-m+fp/hard/libc_nano.a
START GROUP
LOAD /opt/st/stm32cubeide_1.12.1/plugins/com.st.stm32cube.ide.mcu.externaltools.gnu-tools-for-stm32.10.3-2021.10.linux64_1.0.200.202301161003/tools/bin/../lib/gcc/arm-none-eabi/10.3.1/thumb/v7e-m+fp/hard/libgcc.a
LOAD /opt/st/stm32cubeide_1.12.1/plugins/com.st.stm32cube.ide.mcu.externaltools.gnu-tools-for-stm32.10.3-2021.10.linux64_1.0.200.202301161003/tools/bin/../lib/gcc/arm-none-eabi/10.3.1/../../../../arm-none-eabi/lib/thumb/v7e-m+fp/hard/libc_nano.a
END GROUP
START GROUP
LOAD /opt/st/stm32cubeide_1.12.1/plugins/com.st.stm32cube.ide.mcu.externaltools.gnu-tools-for-stm32.10.3-2021.10.linux64_1.0.200.202301161003/tools/bin/../lib/gcc/arm-none-eabi/10.3.1/thumb/v7e-m+fp/hard/libgcc.a
LOAD /opt/st/stm32cubeide_1.12.1/plugins/com.st.stm32cube.ide.mcu.externaltools.gnu-tools-for-stm32.10.3-2021.10.linux64_1.0.200.202301161003/tools/bin/../lib/gcc/arm-none-eabi/10.3.1/../../../../arm-none-eabi/lib/thumb/v7e-m+fp/hard/libc_nano.a
LOAD /opt/st/stm32cubeide_1.12.1/plugins/com.st.stm32cube.ide.mcu.externaltools.gnu-tools-for-stm32.10.3-2021.10.linux64_1.0.200.202301161003/tools/bin/../lib/gcc/arm-none-eabi/10.3.1/../../../../arm-none-eabi/lib/thumb/v7e-m+fp/hard/libnosys.a
END GROUP
START GROUP
LOAD /opt/st/stm32cubeide_1.12.1/plugins/com.st.stm32cube.ide.mcu.externaltools.gnu-tools-for-stm32.10.3-2021.10.linux64_1.0.200.202301161003/tools/bin/../lib/gcc/arm-none-eabi/10.3.1/thumb/v7e-m+fp/hard/libgcc.a
LOAD /opt/st/stm32cubeide_1.12.1/plugins/com.st.stm32cube.ide.mcu.externaltools.gnu-tools-for-stm32.10.3-2021.10.linux64_1.0.200.202301161003/tools/bin/../lib/gcc/arm-none-eabi/10.3.1/../../../../arm-none-eabi/lib/thumb/v7e-m+fp/hard/libc_nano.a
LOAD /opt/st/stm32cubeide_1.12.1/plugins/com.st.stm32cube.ide.mcu.externaltools.gnu-tools-for-stm32.10.3-2021.10.linux64_1.0.200.202301161003/tools/bin/../lib/gcc/arm-none-eabi/10.3.1/../../../../arm-none-eabi/lib/thumb/v7e-m+fp/hard/libnosys.a
END GROUP
LOAD /opt/st/stm32cubeide_1.12.1/plugins/com.st.stm32cube.ide.mcu.externaltools.gnu-tools-for-stm32.10.3-2021.10.linux64_1.0.200.202301161003/tools/bin/../lib/gcc/arm-none-eabi/10.3.1/thumb/v7e-m+fp/hard/crtend.o
LOAD /opt/st/stm32cubeide_1.12.1/plugins/com.st.stm32cube.ide.mcu.externaltools.gnu-tools-for-stm32.10.3-2021.10.linux64_1.0.200.202301161003/tools/bin/../lib/gcc/arm-none-eabi/10.3.1/thumb/v7e-m+fp/hard/crtn.o
                0x0000000020003000                _estack = (ORIGIN (RAM) + LENGTH (RAM))
                0x0000000000000200                _Min_Heap_Size = 0x200
                0x0000000000000400                _Min_Stack_Size = 0x400

.isr_vector     0x0000000008000000      0x188
                0x0000000008000000                . = ALIGN (0x4)
 *(.isr_vector)
 .isr_vector    0x0000000008000000      0x188 ./Core/Startup/startup_stm32f303k8tx.o
                0x0000000008000000                g_pfnVectors
                0x0000000008000188                . = ALIGN (0x4)

.text           0x0000000008000188     0x5c04
                0x0000000008000188                . = ALIGN (0x4)
 *(.text)
 .text          0x0000000008000188       0x40 /opt/st/stm32cubeide_1.12.1/plugins/com.st.stm32cube.ide.mcu.externaltools.gnu-tools-for-stm32.10.3-2021.10.linux64_1.0.200.202301161003/tools/bin/../lib/gcc/arm-none-eabi/10.3.1/thumb/v7e-m+fp/hard/crtbegin.o
 .text          0x00000000080001c8       0x10 /opt/st/stm32cubeide_1.12.1/plugins/com.st.stm32cube.ide.mcu.externaltools.gnu-tools-for-stm32.10.3-2021.10.linux64_1.0.200.202301161003/tools/bin/../lib/gcc/arm-none-eabi/10.3.1/../../../../arm-none-eabi/lib/thumb/v7e-m+fp/hard/libc_nano.a(lib_a-strlen.o)
                0x00000000080001c8                strlen
 .text          0x00000000080001d8      0x254 /opt/st/stm32cubeide_1.12.1/plugins/com.st.stm32cube.ide.mcu.externaltools.gnu-tools-for-stm32.10.3-2021.10.linux64_1.0.200.202301161003/tools/bin/../lib/gcc/arm-none-eabi/10.3.1/thumb/v7e-m+fp/hard/libgcc.a(_arm_muldf3.o)
                0x00000000080001d8                __aeabi_dmul
                0x00000000080001d8                __muldf3
 .text          0x000000000800042c      0x378 /opt/st/stm32cubeide_1.12.1/plugins/com.st.stm32cube.ide.mcu.externaltools.gnu-tools-for-stm32.10.3-2021.10.linux64_1.0.200.202301161003/tools/bin/../lib/gcc/arm-none-eabi/10.3.1/thumb/v7e-m+fp/hard/libgcc.a(_arm_addsubdf3.o)
                0x000000000800042c                __aeabi_drsub
                0x0000000008000434                __aeabi_dsub
                0x0000000008000434                __subdf3
                0x0000000008000438                __adddf3
                0x0000000008000438                __aeabi_dadd
                0x00000000080006b0                __aeabi_ui2d
                0x00000000080006b0                __floatunsidf
                0x00000000080006d0                __floatsidf
                0x00000000080006d0                __aeabi_i2d
                0x00000000080006f4                __extendsfdf2
                0x00000000080006f4                __aeabi_f2d
                0x0000000008000738                __aeabi_ul2d
                0x0000000008000738                __floatundidf
                0x0000000008000748                __floatdidf
                0x0000000008000748                __aeabi_l2d
 .text          0x00000000080007a4      0x110 /opt/st/stm32cubeide_1.12.1/plugins/com.st.stm32cube.ide.mcu.externaltools.gnu-tools-for-stm32.10.3-2021.10.linux64_1.0.200.202301161003/tools/bin/../lib/gcc/arm-none-eabi/10.3.1/thumb/v7e-m+fp/hard/libgcc.a(_arm_cmpdf2.o)
                0x00000000080007a4                __gtdf2
                0x00000000080007a4                __gedf2
                0x00000000080007ac                __ltdf2
                0x00000000080007ac                __ledf2
                0x00000000080007b4                __cmpdf2
                0x00000000080007b4                __eqdf2
                0x00000000080007b4                __nedf2
                0x0000000008000830                __aeabi_cdrcmple
                0x0000000008000840                __aeabi_cdcmple
                0x0000000008000840                __aeabi_cdcmpeq
                0x0000000008000850                __aeabi_dcmpeq
                0x0000000008000864                __aeabi_dcmplt
                0x0000000008000878                __aeabi_dcmple
                0x000000000800088c                __aeabi_dcmpge
                0x00000000080008a0                __aeabi_dcmpgt
 .text          0x00000000080008b4       0x40 /opt/st/stm32cubeide_1.12.1/plugins/com.st.stm32cube.ide.mcu.externaltools.gnu-tools-for-stm32.10.3-2021.10.linux64_1.0.200.202301161003/tools/bin/../lib/gcc/arm-none-eabi/10.3.1/thumb/v7e-m+fp/hard/libgcc.a(_arm_fixunsdfsi.o)
                0x00000000080008b4                __fixunsdfsi
                0x00000000080008b4                __aeabi_d2uiz
 .text          0x00000000080008f4       0x30 /opt/st/stm32cubeide_1.12.1/plugins/com.st.stm32cube.ide.mcu.externaltools.gnu-tools-for-stm32.10.3-2021.10.linux64_1.0.200.202301161003/tools/bin/../lib/gcc/arm-none-eabi/10.3.1/thumb/v7e-m+fp/hard/libgcc.a(_aeabi_uldivmod.o)
                0x00000000080008f4                __aeabi_uldivmod
 .text          0x0000000008000924      0x2d0 /opt/st/stm32cubeide_1.12.1/plugins/com.st.stm32cube.ide.mcu.externaltools.gnu-tools-for-stm32.10.3-2021.10.linux64_1.0.200.202301161003/tools/bin/../lib/gcc/arm-none-eabi/10.3.1/thumb/v7e-m+fp/hard/libgcc.a(_udivmoddi4.o)
                0x0000000008000924                __udivmoddi4
 .text          0x0000000008000bf4        0x4 /opt/st/stm32cubeide_1.12.1/plugins/com.st.stm32cube.ide.mcu.externaltools.gnu-tools-for-stm32.10.3-2021.10.linux64_1.0.200.202301161003/tools/bin/../lib/gcc/arm-none-eabi/10.3.1/thumb/v7e-m+fp/hard/libgcc.a(_dvmd_tls.o)
                0x0000000008000bf4                __aeabi_ldiv0
                0x0000000008000bf4                __aeabi_idiv0
 *(.text*)
 .text._ZN11ArduinoJson8V6213HB26detail23ZeroTerminatedRamStringC2EPKc
                0x0000000008000bf8       0x1e ./Core/Src/main.o
                0x0000000008000bf8                ArduinoJson::V6213HB2::detail::ZeroTerminatedRamString::ZeroTerminatedRamString(char const*)
                0x0000000008000bf8                ArduinoJson::V6213HB2::detail::ZeroTerminatedRamString::ZeroTerminatedRamString(char const*)
 .text._ZNK11ArduinoJson8V6213HB26detail23ZeroTerminatedRamString6isNullEv
                0x0000000008000c16       0x22 ./Core/Src/main.o
                0x0000000008000c16                ArduinoJson::V6213HB2::detail::ZeroTerminatedRamString::isNull() const
 .text._ZNK11ArduinoJson8V6213HB26detail23ZeroTerminatedRamString4sizeEv
                0x0000000008000c38       0x28 ./Core/Src/main.o
                0x0000000008000c38                ArduinoJson::V6213HB2::detail::ZeroTerminatedRamString::size() const
 .text._ZNK11ArduinoJson8V6213HB26detail23ZeroTerminatedRamStringixEj
                0x0000000008000c60       0x20 ./Core/Src/main.o
                0x0000000008000c60                ArduinoJson::V6213HB2::detail::ZeroTerminatedRamString::operator[](unsigned int) const
 .text._ZNK11ArduinoJson8V6213HB26detail23ZeroTerminatedRamString4dataEv
                0x0000000008000c80       0x18 ./Core/Src/main.o
                0x0000000008000c80                ArduinoJson::V6213HB2::detail::ZeroTerminatedRamString::data() const
 .text._ZN11ArduinoJson8V6213HB26detail19StaticStringAdapterC2EPKc
                0x0000000008000c98       0x1e ./Core/Src/main.o
                0x0000000008000c98                ArduinoJson::V6213HB2::detail::StaticStringAdapter::StaticStringAdapter(char const*)
                0x0000000008000c98                ArduinoJson::V6213HB2::detail::StaticStringAdapter::StaticStringAdapter(char const*)
 .text._ZNK11ArduinoJson8V6213HB26detail19StaticStringAdapter13storagePolicyEv
                0x0000000008000cb6       0x16 ./Core/Src/main.o
                0x0000000008000cb6                ArduinoJson::V6213HB2::detail::StaticStringAdapter::storagePolicy() const
 .text._ZN11ArduinoJson8V6213HB26detail13StringAdapterIPKcvE5adaptES4_
                0x0000000008000ccc       0x1e ./Core/Src/main.o
                0x0000000008000ccc                ArduinoJson::V6213HB2::detail::StringAdapter<char const*, void>::adapt(char const*)
 .text._ZN11ArduinoJson8V6213HB210JsonStringC2EPKcjNS1_9OwnershipE
                0x0000000008000cea       0x2e ./Core/Src/main.o
                0x0000000008000cea                ArduinoJson::V6213HB2::JsonString::JsonString(char const*, unsigned int, ArduinoJson::V6213HB2::JsonString::Ownership)
                0x0000000008000cea                ArduinoJson::V6213HB2::JsonString::JsonString(char const*, unsigned int, ArduinoJson::V6213HB2::JsonString::Ownership)
 .text._ZNK11ArduinoJson8V6213HB210JsonString5c_strEv
                0x0000000008000d18       0x18 ./Core/Src/main.o
                0x0000000008000d18                ArduinoJson::V6213HB2::JsonString::c_str() const
 .text._ZNK11ArduinoJson8V6213HB210JsonString8isLinkedEv
                0x0000000008000d30       0x22 ./Core/Src/main.o
                0x0000000008000d30                ArduinoJson::V6213HB2::JsonString::isLinked() const
 .text._ZNK11ArduinoJson8V6213HB210JsonString4sizeEv
                0x0000000008000d52       0x18 ./Core/Src/main.o
                0x0000000008000d52                ArduinoJson::V6213HB2::JsonString::size() const
 .text._ZNK11ArduinoJson8V6213HB210JsonStringcvbEv
                0x0000000008000d6a       0x22 ./Core/Src/main.o
                0x0000000008000d6a                ArduinoJson::V6213HB2::JsonString::operator bool() const
 .text._ZNK11ArduinoJson8V6213HB26detail14CollectionData4headEv
                0x0000000008000d8c       0x18 ./Core/Src/main.o
                0x0000000008000d8c                ArduinoJson::V6213HB2::detail::CollectionData::head() const
 .text._ZN11ArduinoJson8V6213HB26detail11VariantSlot4dataEv
                0x0000000008000da4       0x16 ./Core/Src/main.o
                0x0000000008000da4                ArduinoJson::V6213HB2::detail::VariantSlot::data()
 .text._ZNK11ArduinoJson8V6213HB26detail11VariantSlot4dataEv
                0x0000000008000dba       0x16 ./Core/Src/main.o
                0x0000000008000dba                ArduinoJson::V6213HB2::detail::VariantSlot::data() const
 .text._ZN11ArduinoJson8V6213HB26detail11VariantSlot4nextEv
                0x0000000008000dd0       0x2e ./Core/Src/main.o
                0x0000000008000dd0                ArduinoJson::V6213HB2::detail::VariantSlot::next()
 .text._ZNK11ArduinoJson8V6213HB26detail11VariantSlot4nextEv
                0x0000000008000dfe       0x18 ./Core/Src/main.o
                0x0000000008000dfe                ArduinoJson::V6213HB2::detail::VariantSlot::next() const
 .text._ZN11ArduinoJson8V6213HB26detail11VariantSlot7setNextEPS2_
                0x0000000008000e16       0x2e ./Core/Src/main.o
                0x0000000008000e16                ArduinoJson::V6213HB2::detail::VariantSlot::setNext(ArduinoJson::V6213HB2::detail::VariantSlot*)
 .text._ZN11ArduinoJson8V6213HB26detail11VariantSlot14setNextNotNullEPS2_
                0x0000000008000e44       0x24 ./Core/Src/main.o
                0x0000000008000e44                ArduinoJson::V6213HB2::detail::VariantSlot::setNextNotNull(ArduinoJson::V6213HB2::detail::VariantSlot*)
 .text._ZN11ArduinoJson8V6213HB26detail11VariantSlot6setKeyENS0_10JsonStringE
                0x0000000008000e68       0x50 ./Core/Src/main.o
                0x0000000008000e68                ArduinoJson::V6213HB2::detail::VariantSlot::setKey(ArduinoJson::V6213HB2::JsonString)
 .text._ZNK11ArduinoJson8V6213HB26detail11VariantSlot3keyEv
                0x0000000008000eb8       0x18 ./Core/Src/main.o
                0x0000000008000eb8                ArduinoJson::V6213HB2::detail::VariantSlot::key() const
 .text._ZN11ArduinoJson8V6213HB26detail11VariantSlot5clearEv
                0x0000000008000ed0       0x26 ./Core/Src/main.o
                0x0000000008000ed0                ArduinoJson::V6213HB2::detail::VariantSlot::clear()
 .text._ZN11ArduinoJson8V6213HB26detail10MemoryPoolC2EPcj
                0x0000000008000ef6       0x54 ./Core/Src/main.o
                0x0000000008000ef6                ArduinoJson::V6213HB2::detail::MemoryPool::MemoryPool(char*, unsigned int)
                0x0000000008000ef6                ArduinoJson::V6213HB2::detail::MemoryPool::MemoryPool(char*, unsigned int)
 .text._ZNK11ArduinoJson8V6213HB26detail10MemoryPool10overflowedEv
                0x0000000008000f4a       0x18 ./Core/Src/main.o
                0x0000000008000f4a                ArduinoJson::V6213HB2::detail::MemoryPool::overflowed() const
 .text._ZN11ArduinoJson8V6213HB26detail10MemoryPool12allocVariantEv
                0x0000000008000f62       0x18 ./Core/Src/main.o
                0x0000000008000f62                ArduinoJson::V6213HB2::detail::MemoryPool::allocVariant()
 .text._ZNK11ArduinoJson8V6213HB26detail10MemoryPool8canAllocEj
                0x0000000008000f7a       0x2c ./Core/Src/main.o
                0x0000000008000f7a                ArduinoJson::V6213HB2::detail::MemoryPool::canAlloc(unsigned int) const
 .text._ZN11ArduinoJson8V6213HB26detail10MemoryPool10allocRightEj
                0x0000000008000fa6       0x42 ./Core/Src/main.o
                0x0000000008000fa6                ArduinoJson::V6213HB2::detail::MemoryPool::allocRight(unsigned int)
 .text._ZN11ArduinoJson8V6213HB26detail11VariantDataC2Ev
                0x0000000008000fe8       0x1c ./Core/Src/main.o
                0x0000000008000fe8                ArduinoJson::V6213HB2::detail::VariantData::VariantData()
                0x0000000008000fe8                ArduinoJson::V6213HB2::detail::VariantData::VariantData()
 .text._ZNK11ArduinoJson8V6213HB26detail11VariantData8isObjectEv
                0x0000000008001004       0x26 ./Core/Src/main.o
                0x0000000008001004                ArduinoJson::V6213HB2::detail::VariantData::isObject() const
 .text._ZNK11ArduinoJson8V6213HB26detail11VariantData6isNullEv
                0x000000000800102a       0x22 ./Core/Src/main.o
                0x000000000800102a                ArduinoJson::V6213HB2::detail::VariantData::isNull() const
 .text._ZN11ArduinoJson8V6213HB26detail11VariantData7setNullEv
                0x000000000800104c       0x18 ./Core/Src/main.o
                0x000000000800104c                ArduinoJson::V6213HB2::detail::VariantData::setNull()
 .text._ZN11ArduinoJson8V6213HB26detail11VariantData9setStringENS0_10JsonStringE
                0x0000000008001064       0x52 ./Core/Src/main.o
                0x0000000008001064                ArduinoJson::V6213HB2::detail::VariantData::setString(ArduinoJson::V6213HB2::JsonString)
 .text._ZN11ArduinoJson8V6213HB26detail11VariantData8toObjectEv
                0x00000000080010b6       0x22 ./Core/Src/main.o
                0x00000000080010b6                ArduinoJson::V6213HB2::detail::VariantData::toObject()
 .text._ZNK11ArduinoJson8V6213HB26detail11VariantData4typeEv
                0x00000000080010d8       0x1e ./Core/Src/main.o
                0x00000000080010d8                ArduinoJson::V6213HB2::detail::VariantData::type() const
 .text._ZN11ArduinoJson8V6213HB26detail11VariantData7setTypeEh
                0x00000000080010f6       0x34 ./Core/Src/main.o
                0x00000000080010f6                ArduinoJson::V6213HB2::detail::VariantData::setType(unsigned char)
 .text._ZN11ArduinoJson8V6213HB26detail11VariantData19VariantStringSetterC2EPS2_
                0x000000000800112a       0x1e ./Core/Src/main.o
                0x000000000800112a                ArduinoJson::V6213HB2::detail::VariantData::VariantStringSetter::VariantStringSetter(ArduinoJson::V6213HB2::detail::VariantData*)
                0x000000000800112a                ArduinoJson::V6213HB2::detail::VariantData::VariantStringSetter::VariantStringSetter(ArduinoJson::V6213HB2::detail::VariantData*)
 .text._ZN11ArduinoJson8V6213HB216JsonVariantConstC2EPKNS0_6detail11VariantDataE
                0x0000000008001148       0x1e ./Core/Src/main.o
                0x0000000008001148                ArduinoJson::V6213HB2::JsonVariantConst::JsonVariantConst(ArduinoJson::V6213HB2::detail::VariantData const*)
                0x0000000008001148                ArduinoJson::V6213HB2::JsonVariantConst::JsonVariantConst(ArduinoJson::V6213HB2::detail::VariantData const*)
 .text._ZNK11ArduinoJson8V6213HB216JsonVariantConst7getDataEv
                0x0000000008001166       0x18 ./Core/Src/main.o
                0x0000000008001166                ArduinoJson::V6213HB2::JsonVariantConst::getData() const
 .text._ZN11ArduinoJson8V6213HB211JsonVariantC2EPNS0_6detail10MemoryPoolEPNS2_11VariantDataE
                0x000000000800117e       0x26 ./Core/Src/main.o
                0x000000000800117e                ArduinoJson::V6213HB2::JsonVariant::JsonVariant(ArduinoJson::V6213HB2::detail::MemoryPool*, ArduinoJson::V6213HB2::detail::VariantData*)
                0x000000000800117e                ArduinoJson::V6213HB2::JsonVariant::JsonVariant(ArduinoJson::V6213HB2::detail::MemoryPool*, ArduinoJson::V6213HB2::detail::VariantData*)
 .text._ZN11ArduinoJson8V6213HB26detail13SlotKeySetterC2EPNS1_11VariantSlotE
                0x00000000080011a4       0x1e ./Core/Src/main.o
                0x00000000080011a4                ArduinoJson::V6213HB2::detail::SlotKeySetter::SlotKeySetter(ArduinoJson::V6213HB2::detail::VariantSlot*)
                0x00000000080011a4                ArduinoJson::V6213HB2::detail::SlotKeySetter::SlotKeySetter(ArduinoJson::V6213HB2::detail::VariantSlot*)
 .text._ZN11ArduinoJson8V6213HB212JsonDocumentC2EPcj
                0x00000000080011c2       0x2c ./Core/Src/main.o
                0x00000000080011c2                ArduinoJson::V6213HB2::JsonDocument::JsonDocument(char*, unsigned int)
                0x00000000080011c2                ArduinoJson::V6213HB2::JsonDocument::JsonDocument(char*, unsigned int)
 .text._ZNK11ArduinoJson8V6213HB212JsonDocument10getVariantEv
                0x00000000080011ee       0x24 ./Core/Src/main.o
                0x00000000080011ee                ArduinoJson::V6213HB2::JsonDocument::getVariant() const
 .text._ZN11ArduinoJson8V6213HB212JsonDocument7getPoolEv
                0x0000000008001212       0x16 ./Core/Src/main.o
                0x0000000008001212                ArduinoJson::V6213HB2::JsonDocument::getPool()
 .text._ZN11ArduinoJson8V6213HB212JsonDocument15getOrCreateDataEv
                0x0000000008001228       0x18 ./Core/Src/main.o
                0x0000000008001228                ArduinoJson::V6213HB2::JsonDocument::getOrCreateData()
 .text._ZN11ArduinoJson8V6213HB26detail14CollectionData7addSlotEPNS1_10MemoryPoolE
                0x0000000008001240       0x54 ./Core/Src/main.o
                0x0000000008001240                ArduinoJson::V6213HB2::detail::CollectionData::addSlot(ArduinoJson::V6213HB2::detail::MemoryPool*)
 .text._ZN11ArduinoJson8V6213HB26detail14CollectionData5clearEv
                0x0000000008001294       0x20 ./Core/Src/main.o
                0x0000000008001294                ArduinoJson::V6213HB2::detail::CollectionData::clear()
 .text._ZNK11ArduinoJson8V6213HB26detail14CollectionData15getPreviousSlotEPNS1_11VariantSlotE
                0x00000000080012b4       0x3a ./Core/Src/main.o
                0x00000000080012b4                ArduinoJson::V6213HB2::detail::CollectionData::getPreviousSlot(ArduinoJson::V6213HB2::detail::VariantSlot*) const
 .text._ZN11ArduinoJson8V6213HB26detail14CollectionData10removeSlotEPNS1_11VariantSlotE
                0x00000000080012ee       0x4e ./Core/Src/main.o
                0x00000000080012ee                ArduinoJson::V6213HB2::detail::CollectionData::removeSlot(ArduinoJson::V6213HB2::detail::VariantSlot*)
 .text._ZN11ArduinoJson8V6213HB26detail14EscapeSequence10escapeCharEc
                0x000000000800133c       0x3a ./Core/Src/main.o
                0x000000000800133c                ArduinoJson::V6213HB2::detail::EscapeSequence::escapeChar(char)
 *fill*         0x0000000008001376        0x2 
 .text._ZN11ArduinoJson8V6213HB26detail14EscapeSequence11escapeTableEb
                0x0000000008001378       0x2c ./Core/Src/main.o
                0x0000000008001378                ArduinoJson::V6213HB2::detail::EscapeSequence::escapeTable(bool)
 .text._ZN11ArduinoJson8V6213HB26detail18StaticStringWriterC2EPcj
                0x00000000080013a4       0x2a ./Core/Src/main.o
                0x00000000080013a4                ArduinoJson::V6213HB2::detail::StaticStringWriter::StaticStringWriter(char*, unsigned int)
                0x00000000080013a4                ArduinoJson::V6213HB2::detail::StaticStringWriter::StaticStringWriter(char*, unsigned int)
 .text._ZN11ArduinoJson8V6213HB26detail18StaticStringWriter5writeEh
                0x00000000080013ce       0x38 ./Core/Src/main.o
                0x00000000080013ce                ArduinoJson::V6213HB2::detail::StaticStringWriter::write(unsigned char)
 .text._ZN11ArduinoJson8V6213HB26detail18StaticStringWriter5writeEPKhj
                0x0000000008001406       0x54 ./Core/Src/main.o
                0x0000000008001406                ArduinoJson::V6213HB2::detail::StaticStringWriter::write(unsigned char const*, unsigned int)
 .text._ZN11ArduinoJson8V6213HB29ConverterIPKcvE6toJsonES3_NS0_11JsonVariantE
                0x000000000800145a       0x3a ./Core/Src/main.o
                0x000000000800145a                ArduinoJson::V6213HB2::Converter<char const*, void>::toJson(char const*, ArduinoJson::V6213HB2::JsonVariant)
 .text._ZN11ArduinoJson8V6213HB219serializeJsonPrettyENS0_16JsonVariantConstEPvj
                0x0000000008001494       0x20 ./Core/Src/main.o
                0x0000000008001494                ArduinoJson::V6213HB2::serializeJsonPretty(ArduinoJson::V6213HB2::JsonVariantConst, void*, unsigned int)
 .text.main     0x00000000080014b4      0x370 ./Core/Src/main.o
                0x00000000080014b4                main
 .text._Z18SystemClock_Configv
                0x0000000008001824       0x8a ./Core/Src/main.o
                0x0000000008001824                SystemClock_Config()
 *fill*         0x00000000080018ae        0x2 
 .text._ZL12MX_SPI1_Initv
                0x00000000080018b0       0x7c ./Core/Src/main.o
 .text._ZL19MX_USART2_UART_Initv
                0x000000000800192c       0x68 ./Core/Src/main.o
 .text._ZL12MX_GPIO_Initv
                0x0000000008001994       0xb0 ./Core/Src/main.o
 .text.Error_Handler
                0x0000000008001a44        0xa ./Core/Src/main.o
                0x0000000008001a44                Error_Handler
 .text._ZN11ArduinoJson8V6213HB26detail10MemoryPool10allocRightINS1_11VariantSlotEEEPT_v
                0x0000000008001a4e       0x1a ./Core/Src/main.o
                0x0000000008001a4e                ArduinoJson::V6213HB2::detail::VariantSlot* ArduinoJson::V6213HB2::detail::MemoryPool::allocRight<ArduinoJson::V6213HB2::detail::VariantSlot>()
 .text._ZN11ArduinoJson8V6213HB26detail11adaptStringIKcEENS1_13StringAdapterIPT_vE13AdaptedStringES6_
                0x0000000008001a68       0x18 ./Core/Src/main.o
                0x0000000008001a68                ArduinoJson::V6213HB2::detail::StringAdapter<char const*, void>::AdaptedString ArduinoJson::V6213HB2::detail::adaptString<char const>(char const*)
 .text._ZN11ArduinoJson8V6213HB26detail16variantSetStringINS1_19StaticStringAdapterEEEbPNS1_11VariantDataET_PNS1_10MemoryPoolE
                0x0000000008001a80       0x34 ./Core/Src/main.o
                0x0000000008001a80                bool ArduinoJson::V6213HB2::detail::variantSetString<ArduinoJson::V6213HB2::detail::StaticStringAdapter>(ArduinoJson::V6213HB2::detail::VariantData*, ArduinoJson::V6213HB2::detail::StaticStringAdapter, ArduinoJson::V6213HB2::detail::MemoryPool*)
 .text._ZN11ArduinoJson8V6213HB26detail9serializeINS1_20PrettyJsonSerializerEEENS1_9enable_ifIXsrT_INS1_18StaticStringWriterEE12producesTextEjE4typeENS0_16JsonVariantConstEPvj
                0x0000000008001ab4       0x46 ./Core/Src/main.o
                0x0000000008001ab4                ArduinoJson::V6213HB2::detail::enable_if<ArduinoJson::V6213HB2::detail::PrettyJsonSerializer<ArduinoJson::V6213HB2::detail::StaticStringWriter>::producesText, unsigned int>::type ArduinoJson::V6213HB2::detail::serialize<ArduinoJson::V6213HB2::detail::PrettyJsonSerializer>(ArduinoJson::V6213HB2::JsonVariantConst, void*, unsigned int)
 .text._ZN11ArduinoJson8V6213HB218StaticJsonDocumentILj200EEC2Ev
                0x0000000008001afa       0x20 ./Core/Src/main.o
                0x0000000008001afa                ArduinoJson::V6213HB2::StaticJsonDocument<200u>::StaticJsonDocument()
                0x0000000008001afa                ArduinoJson::V6213HB2::StaticJsonDocument<200u>::StaticJsonDocument()
 .text._ZN11ArduinoJson8V6213HB26detail11VariantData9setStringINS1_19StaticStringAdapterEEEbT_PNS1_10MemoryPoolE
                0x0000000008001b1a       0x48 ./Core/Src/main.o
                0x0000000008001b1a                bool ArduinoJson::V6213HB2::detail::VariantData::setString<ArduinoJson::V6213HB2::detail::StaticStringAdapter>(ArduinoJson::V6213HB2::detail::StaticStringAdapter, ArduinoJson::V6213HB2::detail::MemoryPool*)
 *fill*         0x0000000008001b62        0x2 
 .text._ZN11ArduinoJson8V6213HB26detail11FloatTraitsIdLj8EE25positiveBinaryPowersOfTenEv
                0x0000000008001b64       0x20 ./Core/Src/main.o
                0x0000000008001b64                ArduinoJson::V6213HB2::detail::FloatTraits<double, 8u>::positiveBinaryPowersOfTen()
 .text._ZN11ArduinoJson8V6213HB26detail11FloatTraitsIdLj8EE25negativeBinaryPowersOfTenEv
                0x0000000008001b84       0x20 ./Core/Src/main.o
                0x0000000008001b84                ArduinoJson::V6213HB2::detail::FloatTraits<double, 8u>::negativeBinaryPowersOfTen()
 .text._ZNK11ArduinoJson8V6213HB26detail7pgm_ptrIdEixEi
                0x0000000008001ba4       0x30 ./Core/Src/main.o
                0x0000000008001ba4                ArduinoJson::V6213HB2::detail::pgm_ptr<double>::operator[](int) const
 .text._ZN11ArduinoJson8V6213HB26detail11doSerializeINS1_20PrettyJsonSerializerENS1_18StaticStringWriterEEEjNS0_16JsonVariantConstET0_
                0x0000000008001bd4       0x40 ./Core/Src/main.o
                0x0000000008001bd4                unsigned int ArduinoJson::V6213HB2::detail::doSerialize<ArduinoJson::V6213HB2::detail::PrettyJsonSerializer, ArduinoJson::V6213HB2::detail::StaticStringWriter>(ArduinoJson::V6213HB2::JsonVariantConst, ArduinoJson::V6213HB2::detail::StaticStringWriter)
 .text._ZN11ArduinoJson8V6213HB26detail14JsonSerializerINS1_18StaticStringWriterEEC2ES3_
                0x0000000008001c14       0x24 ./Core/Src/main.o
                0x0000000008001c14                ArduinoJson::V6213HB2::detail::JsonSerializer<ArduinoJson::V6213HB2::detail::StaticStringWriter>::JsonSerializer(ArduinoJson::V6213HB2::detail::StaticStringWriter)
                0x0000000008001c14                ArduinoJson::V6213HB2::detail::JsonSerializer<ArduinoJson::V6213HB2::detail::StaticStringWriter>::JsonSerializer(ArduinoJson::V6213HB2::detail::StaticStringWriter)
 .text._ZN11ArduinoJson8V6213HB26detail11storeStringINS1_19StaticStringAdapterENS1_11VariantData19VariantStringSetterEEEbPNS1_10MemoryPoolET_T0_
                0x0000000008001c38       0x2c ./Core/Src/main.o
                0x0000000008001c38                bool ArduinoJson::V6213HB2::detail::storeString<ArduinoJson::V6213HB2::detail::StaticStringAdapter, ArduinoJson::V6213HB2::detail::VariantData::VariantStringSetter>(ArduinoJson::V6213HB2::detail::MemoryPool*, ArduinoJson::V6213HB2::detail::StaticStringAdapter, ArduinoJson::V6213HB2::detail::VariantData::VariantStringSetter)
 .text._ZN11ArduinoJson8V6213HB26detail7pgm_ptrIdEC2EPKd
                0x0000000008001c64       0x1e ./Core/Src/main.o
                0x0000000008001c64                ArduinoJson::V6213HB2::detail::pgm_ptr<double>::pgm_ptr(double const*)
                0x0000000008001c64                ArduinoJson::V6213HB2::detail::pgm_ptr<double>::pgm_ptr(double const*)
 .text._ZN11ArduinoJson8V6213HB26detail8pgm_readIdEET_PKS3_
                0x0000000008001c82       0x24 ./Core/Src/main.o
                0x0000000008001c82                double ArduinoJson::V6213HB2::detail::pgm_read<double>(double const*)
 .text._ZN11ArduinoJson8V6213HB26detail20PrettyJsonSerializerINS1_18StaticStringWriterEEC2ES3_
                0x0000000008001ca6       0x2a ./Core/Src/main.o
                0x0000000008001ca6                ArduinoJson::V6213HB2::detail::PrettyJsonSerializer<ArduinoJson::V6213HB2::detail::StaticStringWriter>::PrettyJsonSerializer(ArduinoJson::V6213HB2::detail::StaticStringWriter)
                0x0000000008001ca6                ArduinoJson::V6213HB2::detail::PrettyJsonSerializer<ArduinoJson::V6213HB2::detail::StaticStringWriter>::PrettyJsonSerializer(ArduinoJson::V6213HB2::detail::StaticStringWriter)
 .text._ZN11ArduinoJson8V6213HB26detail13variantAcceptINS1_20PrettyJsonSerializerINS1_18StaticStringWriterEEEEENT_11result_typeEPKNS1_11VariantDataERS6_
                0x0000000008001cd0       0x30 ./Core/Src/main.o
                0x0000000008001cd0                ArduinoJson::V6213HB2::detail::PrettyJsonSerializer<ArduinoJson::V6213HB2::detail::StaticStringWriter>::result_type ArduinoJson::V6213HB2::detail::variantAccept<ArduinoJson::V6213HB2::detail::PrettyJsonSerializer<ArduinoJson::V6213HB2::detail::StaticStringWriter> >(ArduinoJson::V6213HB2::detail::VariantData const*, ArduinoJson::V6213HB2::detail::PrettyJsonSerializer<ArduinoJson::V6213HB2::detail::StaticStringWriter>&)
 .text._ZN11ArduinoJson8V6213HB29ConverterIivE6toJsonEiNS0_11JsonVariantE
                0x0000000008001d00       0x30 ./Core/Src/main.o
                0x0000000008001d00                ArduinoJson::V6213HB2::Converter<int, void>::toJson(int, ArduinoJson::V6213HB2::JsonVariant)
 .text._ZN11ArduinoJson8V6213HB26detail13TextFormatterINS1_18StaticStringWriterEEC2ES3_
                0x0000000008001d30       0x24 ./Core/Src/main.o
                0x0000000008001d30                ArduinoJson::V6213HB2::detail::TextFormatter<ArduinoJson::V6213HB2::detail::StaticStringWriter>::TextFormatter(ArduinoJson::V6213HB2::detail::StaticStringWriter)
                0x0000000008001d30                ArduinoJson::V6213HB2::detail::TextFormatter<ArduinoJson::V6213HB2::detail::StaticStringWriter>::TextFormatter(ArduinoJson::V6213HB2::detail::StaticStringWriter)
 .text._ZN11ArduinoJson8V6213HB26detail14JsonSerializerINS1_18StaticStringWriterEE9visitNullEv
                0x0000000008001d54       0x28 ./Core/Src/main.o
                0x0000000008001d54                ArduinoJson::V6213HB2::detail::JsonSerializer<ArduinoJson::V6213HB2::detail::StaticStringWriter>::visitNull()
 .text._ZN11ArduinoJson8V6213HB26detail11storeStringINS1_19StaticStringAdapterENS1_11VariantData19VariantStringSetterEEEbPNS1_10MemoryPoolET_NS1_19StringStoragePolicy4LinkET0_
                0x0000000008001d7c       0x58 ./Core/Src/main.o
                0x0000000008001d7c                bool ArduinoJson::V6213HB2::detail::storeString<ArduinoJson::V6213HB2::detail::StaticStringAdapter, ArduinoJson::V6213HB2::detail::VariantData::VariantStringSetter>(ArduinoJson::V6213HB2::detail::MemoryPool*, ArduinoJson::V6213HB2::detail::StaticStringAdapter, ArduinoJson::V6213HB2::detail::StringStoragePolicy::Link, ArduinoJson::V6213HB2::detail::VariantData::VariantStringSetter)
 .text._ZNK11ArduinoJson8V6213HB26detail11VariantData6acceptINS1_20PrettyJsonSerializerINS1_18StaticStringWriterEEEEENT_11result_typeERS7_
                0x0000000008001dd4      0x1d0 ./Core/Src/main.o
                0x0000000008001dd4                ArduinoJson::V6213HB2::detail::PrettyJsonSerializer<ArduinoJson::V6213HB2::detail::StaticStringWriter>::result_type ArduinoJson::V6213HB2::detail::VariantData::accept<ArduinoJson::V6213HB2::detail::PrettyJsonSerializer<ArduinoJson::V6213HB2::detail::StaticStringWriter> >(ArduinoJson::V6213HB2::detail::PrettyJsonSerializer<ArduinoJson::V6213HB2::detail::StaticStringWriter>&) const
 .text._ZN11ArduinoJson8V6213HB26detail17CountingDecoratorINS1_18StaticStringWriterEEC2ERS3_
                0x0000000008001fa4       0x2a ./Core/Src/main.o
                0x0000000008001fa4                ArduinoJson::V6213HB2::detail::CountingDecorator<ArduinoJson::V6213HB2::detail::StaticStringWriter>::CountingDecorator(ArduinoJson::V6213HB2::detail::StaticStringWriter&)
                0x0000000008001fa4                ArduinoJson::V6213HB2::detail::CountingDecorator<ArduinoJson::V6213HB2::detail::StaticStringWriter>::CountingDecorator(ArduinoJson::V6213HB2::detail::StaticStringWriter&)
 .text._ZNK11ArduinoJson8V6213HB26detail14VariantRefBaseINS1_11MemberProxyIRNS0_12JsonDocumentEPKcEEE7derivedEv
                0x0000000008001fce       0x16 ./Core/Src/main.o
                0x0000000008001fce                ArduinoJson::V6213HB2::detail::VariantRefBase<ArduinoJson::V6213HB2::detail::MemberProxy<ArduinoJson::V6213HB2::JsonDocument&, char const*> >::derived() const
 .text._ZN11ArduinoJson8V6213HB26detail11VariantData10setIntegerIiEENS1_9enable_ifIXsrNS1_9is_signedIT_EE5valueEvE4typeES6_
                0x0000000008001fe4       0x28 ./Core/Src/main.o
                0x0000000008001fe4                ArduinoJson::V6213HB2::detail::enable_if<ArduinoJson::V6213HB2::detail::is_signed<int>::value, void>::type ArduinoJson::V6213HB2::detail::VariantData::setInteger<int>(int)
 .text._ZN11ArduinoJson8V6213HB26detail14JsonSerializerINS1_18StaticStringWriterEE10visitFloatEd
                0x000000000800200c       0x28 ./Core/Src/main.o
                0x000000000800200c                ArduinoJson::V6213HB2::detail::JsonSerializer<ArduinoJson::V6213HB2::detail::StaticStringWriter>::visitFloat(double)
 .text._ZN11ArduinoJson8V6213HB26detail14JsonSerializerINS1_18StaticStringWriterEE11visitStringEPKcj
                0x0000000008002034       0x28 ./Core/Src/main.o
                0x0000000008002034                ArduinoJson::V6213HB2::detail::JsonSerializer<ArduinoJson::V6213HB2::detail::StaticStringWriter>::visitString(char const*, unsigned int)
 .text._ZN11ArduinoJson8V6213HB26detail14JsonSerializerINS1_18StaticStringWriterEE12visitRawJsonEPKcj
                0x000000000800205c       0x28 ./Core/Src/main.o
                0x000000000800205c                ArduinoJson::V6213HB2::detail::JsonSerializer<ArduinoJson::V6213HB2::detail::StaticStringWriter>::visitRawJson(char const*, unsigned int)
 .text._ZN11ArduinoJson8V6213HB26detail14JsonSerializerINS1_18StaticStringWriterEE18visitSignedIntegerEx
                0x0000000008002084       0x28 ./Core/Src/main.o
                0x0000000008002084                ArduinoJson::V6213HB2::detail::JsonSerializer<ArduinoJson::V6213HB2::detail::StaticStringWriter>::visitSignedInteger(long long)
 .text._ZN11ArduinoJson8V6213HB26detail14JsonSerializerINS1_18StaticStringWriterEE20visitUnsignedIntegerEy
                0x00000000080020ac       0x28 ./Core/Src/main.o
                0x00000000080020ac                ArduinoJson::V6213HB2::detail::JsonSerializer<ArduinoJson::V6213HB2::detail::StaticStringWriter>::visitUnsignedInteger(unsigned long long)
 .text._ZN11ArduinoJson8V6213HB26detail14JsonSerializerINS1_18StaticStringWriterEE12visitBooleanEb
                0x00000000080020d4       0x28 ./Core/Src/main.o
                0x00000000080020d4                ArduinoJson::V6213HB2::detail::JsonSerializer<ArduinoJson::V6213HB2::detail::StaticStringWriter>::visitBoolean(bool)
 .text._ZN11ArduinoJson8V6213HB26detail13TextFormatterINS1_18StaticStringWriterEE8writeRawEPKc
                0x00000000080020fc       0x26 ./Core/Src/main.o
                0x00000000080020fc                ArduinoJson::V6213HB2::detail::TextFormatter<ArduinoJson::V6213HB2::detail::StaticStringWriter>::writeRaw(char const*)
 .text._ZNK11ArduinoJson8V6213HB26detail14JsonSerializerINS1_18StaticStringWriterEE12bytesWrittenEv
                0x0000000008002122       0x1a ./Core/Src/main.o
                0x0000000008002122                ArduinoJson::V6213HB2::detail::JsonSerializer<ArduinoJson::V6213HB2::detail::StaticStringWriter>::bytesWritten() const
 .text._ZN11ArduinoJson8V6213HB26detail11VariantData19VariantStringSetterclINS0_10JsonStringEEEvT_
                0x000000000800213c       0x3c ./Core/Src/main.o
                0x000000000800213c                void ArduinoJson::V6213HB2::detail::VariantData::VariantStringSetter::operator()<ArduinoJson::V6213HB2::JsonString>(ArduinoJson::V6213HB2::JsonString)
 .text._ZN11ArduinoJson8V6213HB26detail20PrettyJsonSerializerINS1_18StaticStringWriterEE10visitArrayERKNS1_14CollectionDataE
                0x0000000008002178       0xb8 ./Core/Src/main.o
                0x0000000008002178                ArduinoJson::V6213HB2::detail::PrettyJsonSerializer<ArduinoJson::V6213HB2::detail::StaticStringWriter>::visitArray(ArduinoJson::V6213HB2::detail::CollectionData const&)
 .text._ZN11ArduinoJson8V6213HB26detail20PrettyJsonSerializerINS1_18StaticStringWriterEE11visitObjectERKNS1_14CollectionDataE
                0x0000000008002230       0xd8 ./Core/Src/main.o
                0x0000000008002230                ArduinoJson::V6213HB2::detail::PrettyJsonSerializer<ArduinoJson::V6213HB2::detail::StaticStringWriter>::visitObject(ArduinoJson::V6213HB2::detail::CollectionData const&)
 .text._ZN11ArduinoJson8V6213HB26detail13SlotKeySetterclINS0_10JsonStringEEEvT_
                0x0000000008002308       0x38 ./Core/Src/main.o
                0x0000000008002308                void ArduinoJson::V6213HB2::detail::SlotKeySetter::operator()<ArduinoJson::V6213HB2::JsonString>(ArduinoJson::V6213HB2::JsonString)
 .text._ZN11ArduinoJson8V6213HB26detail13TextFormatterINS1_18StaticStringWriterEE10writeFloatIdEEvT_
                0x0000000008002340       0xbc ./Core/Src/main.o
                0x0000000008002340                void ArduinoJson::V6213HB2::detail::TextFormatter<ArduinoJson::V6213HB2::detail::StaticStringWriter>::writeFloat<double>(double)
 .text._ZN11ArduinoJson8V6213HB26detail13TextFormatterINS1_18StaticStringWriterEE11writeStringEPKc
                0x00000000080023fc       0x3c ./Core/Src/main.o
                0x00000000080023fc                ArduinoJson::V6213HB2::detail::TextFormatter<ArduinoJson::V6213HB2::detail::StaticStringWriter>::writeString(char const*)
 .text._ZN11ArduinoJson8V6213HB26detail13TextFormatterINS1_18StaticStringWriterEE11writeStringEPKcj
                0x0000000008002438       0x4a ./Core/Src/main.o
                0x0000000008002438                ArduinoJson::V6213HB2::detail::TextFormatter<ArduinoJson::V6213HB2::detail::StaticStringWriter>::writeString(char const*, unsigned int)
 .text._ZN11ArduinoJson8V6213HB26detail13TextFormatterINS1_18StaticStringWriterEE8writeRawEPKcj
                0x0000000008002482       0x20 ./Core/Src/main.o
                0x0000000008002482                ArduinoJson::V6213HB2::detail::TextFormatter<ArduinoJson::V6213HB2::detail::StaticStringWriter>::writeRaw(char const*, unsigned int)
 .text._ZN11ArduinoJson8V6213HB26detail13TextFormatterINS1_18StaticStringWriterEE12writeIntegerIxEENS1_9enable_ifIXsrNS1_9is_signedIT_EE5valueEvE4typeES8_
                0x00000000080024a2       0x48 ./Core/Src/main.o
                0x00000000080024a2                ArduinoJson::V6213HB2::detail::enable_if<ArduinoJson::V6213HB2::detail::is_signed<long long>::value, void>::type ArduinoJson::V6213HB2::detail::TextFormatter<ArduinoJson::V6213HB2::detail::StaticStringWriter>::writeInteger<long long>(long long)
 .text._ZN11ArduinoJson8V6213HB26detail13TextFormatterINS1_18StaticStringWriterEE12writeIntegerIyEENS1_9enable_ifIXsrNS1_11is_unsignedIT_EE5valueEvE4typeES8_
                0x00000000080024ea       0x6c ./Core/Src/main.o
                0x00000000080024ea                ArduinoJson::V6213HB2::detail::enable_if<ArduinoJson::V6213HB2::detail::is_unsigned<unsigned long long>::value, void>::type ArduinoJson::V6213HB2::detail::TextFormatter<ArduinoJson::V6213HB2::detail::StaticStringWriter>::writeInteger<unsigned long long>(unsigned long long)
 *fill*         0x0000000008002556        0x2 
 .text._ZN11ArduinoJson8V6213HB26detail13TextFormatterINS1_18StaticStringWriterEE12writeBooleanEb
                0x0000000008002558       0x34 ./Core/Src/main.o
                0x0000000008002558                ArduinoJson::V6213HB2::detail::TextFormatter<ArduinoJson::V6213HB2::detail::StaticStringWriter>::writeBoolean(bool)
 .text._ZN11ArduinoJson8V6213HB26detail17CountingDecoratorINS1_18StaticStringWriterEE5writeEPKhj
                0x000000000800258c       0x2c ./Core/Src/main.o
                0x000000000800258c                ArduinoJson::V6213HB2::detail::CountingDecorator<ArduinoJson::V6213HB2::detail::StaticStringWriter>::write(unsigned char const*, unsigned int)
 .text._ZNK11ArduinoJson8V6213HB26detail13TextFormatterINS1_18StaticStringWriterEE12bytesWrittenEv
                0x00000000080025b8       0x1a ./Core/Src/main.o
                0x00000000080025b8                ArduinoJson::V6213HB2::detail::TextFormatter<ArduinoJson::V6213HB2::detail::StaticStringWriter>::bytesWritten() const
 .text._ZN11ArduinoJson8V6213HB26detail5isnanIdEEbT_
                0x00000000080025d2       0x2e ./Core/Src/main.o
                0x00000000080025d2                bool ArduinoJson::V6213HB2::detail::isnan<double>(double)
 .text._ZN11ArduinoJson8V6213HB26detail5isinfIdEEbT_
                0x0000000008002600       0x4c ./Core/Src/main.o
                0x0000000008002600                bool ArduinoJson::V6213HB2::detail::isinf<double>(double)
 .text._ZN11ArduinoJson8V6213HB26detail10FloatPartsIdEC2Ed
                0x000000000800264c      0x19c ./Core/Src/main.o
                0x000000000800264c                ArduinoJson::V6213HB2::detail::FloatParts<double>::FloatParts(double)
                0x000000000800264c                ArduinoJson::V6213HB2::detail::FloatParts<double>::FloatParts(double)
 .text._ZN11ArduinoJson8V6213HB26detail14JsonSerializerINS1_18StaticStringWriterEE5writeEPKc
                0x00000000080027e8       0x1c ./Core/Src/main.o
                0x00000000080027e8                ArduinoJson::V6213HB2::detail::JsonSerializer<ArduinoJson::V6213HB2::detail::StaticStringWriter>::write(char const*)
 .text._ZN11ArduinoJson8V6213HB26detail20PrettyJsonSerializerINS1_18StaticStringWriterEE6indentEv
                0x0000000008002804       0x34 ./Core/Src/main.o
                0x0000000008002804                ArduinoJson::V6213HB2::detail::PrettyJsonSerializer<ArduinoJson::V6213HB2::detail::StaticStringWriter>::indent()
 .text._ZN11ArduinoJson8V6213HB26detail14JsonSerializerINS1_18StaticStringWriterEE11visitStringEPKc
                0x0000000008002838       0x24 ./Core/Src/main.o
                0x0000000008002838                ArduinoJson::V6213HB2::detail::JsonSerializer<ArduinoJson::V6213HB2::detail::StaticStringWriter>::visitString(char const*)
 .text._ZN11ArduinoJson8V6213HB26detail17CountingDecoratorINS1_18StaticStringWriterEE5writeEh
                0x000000000800285c       0x2c ./Core/Src/main.o
                0x000000000800285c                ArduinoJson::V6213HB2::detail::CountingDecorator<ArduinoJson::V6213HB2::detail::StaticStringWriter>::write(unsigned char)
 .text._ZNK11ArduinoJson8V6213HB26detail17CountingDecoratorINS1_18StaticStringWriterEE5countEv
                0x0000000008002888       0x18 ./Core/Src/main.o
                0x0000000008002888                ArduinoJson::V6213HB2::detail::CountingDecorator<ArduinoJson::V6213HB2::detail::StaticStringWriter>::count() const
 .text._ZN11ArduinoJson8V6213HB26detail13TextFormatterINS1_18StaticStringWriterEE8writeRawEc
                0x00000000080028a0       0x20 ./Core/Src/main.o
                0x00000000080028a0                ArduinoJson::V6213HB2::detail::TextFormatter<ArduinoJson::V6213HB2::detail::StaticStringWriter>::writeRaw(char)
 .text._ZN11ArduinoJson8V6213HB26detail13TextFormatterINS1_18StaticStringWriterEE12writeIntegerImEENS1_9enable_ifIXsrNS1_11is_unsignedIT_EE5valueEvE4typeES8_
                0x00000000080028c0       0x64 ./Core/Src/main.o
                0x00000000080028c0                ArduinoJson::V6213HB2::detail::enable_if<ArduinoJson::V6213HB2::detail::is_unsigned<unsigned long>::value, void>::type ArduinoJson::V6213HB2::detail::TextFormatter<ArduinoJson::V6213HB2::detail::StaticStringWriter>::writeInteger<unsigned long>(unsigned long)
 .text._ZN11ArduinoJson8V6213HB26detail13TextFormatterINS1_18StaticStringWriterEE13writeDecimalsEma
                0x0000000008002924       0x88 ./Core/Src/main.o
                0x0000000008002924                ArduinoJson::V6213HB2::detail::TextFormatter<ArduinoJson::V6213HB2::detail::StaticStringWriter>::writeDecimals(unsigned long, signed char)
 .text._ZN11ArduinoJson8V6213HB26detail13TextFormatterINS1_18StaticStringWriterEE12writeIntegerIsEENS1_9enable_ifIXsrNS1_9is_signedIT_EE5valueEvE4typeES8_
                0x00000000080029ac       0x3a ./Core/Src/main.o
                0x00000000080029ac                ArduinoJson::V6213HB2::detail::enable_if<ArduinoJson::V6213HB2::detail::is_signed<short>::value, void>::type ArduinoJson::V6213HB2::detail::TextFormatter<ArduinoJson::V6213HB2::detail::StaticStringWriter>::writeInteger<short>(short)
 *fill*         0x00000000080029e6        0x2 
 .text._ZN11ArduinoJson8V6213HB26detail13TextFormatterINS1_18StaticStringWriterEE9writeCharEc
                0x00000000080029e8       0x58 ./Core/Src/main.o
                0x00000000080029e8                ArduinoJson::V6213HB2::detail::TextFormatter<ArduinoJson::V6213HB2::detail::StaticStringWriter>::writeChar(char)
 .text._ZN11ArduinoJson8V6213HB26detail13TextFormatterINS1_18StaticStringWriterEE8writeRawEPKcS6_
                0x0000000008002a40       0x24 ./Core/Src/main.o
                0x0000000008002a40                ArduinoJson::V6213HB2::detail::TextFormatter<ArduinoJson::V6213HB2::detail::StaticStringWriter>::writeRaw(char const*, char const*)
 *fill*         0x0000000008002a64        0x4 
 .text._ZN11ArduinoJson8V6213HB26detail10FloatPartsIdE9normalizeERd
                0x0000000008002a68      0x1bc ./Core/Src/main.o
                0x0000000008002a68                ArduinoJson::V6213HB2::detail::FloatParts<double>::normalize(double&)
 .text._ZN11ArduinoJson8V6213HB26detail21variantGetOrAddMemberINS1_19StaticStringAdapterEEEPNS1_11VariantDataES5_T_PNS1_10MemoryPoolE
                0x0000000008002c24       0x2c ./Core/Src/main.o
                0x0000000008002c24                ArduinoJson::V6213HB2::detail::VariantData* ArduinoJson::V6213HB2::detail::variantGetOrAddMember<ArduinoJson::V6213HB2::detail::StaticStringAdapter>(ArduinoJson::V6213HB2::detail::VariantData*, ArduinoJson::V6213HB2::detail::StaticStringAdapter, ArduinoJson::V6213HB2::detail::MemoryPool*)
 .text._ZN11ArduinoJson8V6213HB26detail13TextFormatterINS1_18StaticStringWriterEE12writeIntegerItEENS1_9enable_ifIXsrNS1_11is_unsignedIT_EE5valueEvE4typeES8_
                0x0000000008002c50       0x68 ./Core/Src/main.o
                0x0000000008002c50                ArduinoJson::V6213HB2::detail::enable_if<ArduinoJson::V6213HB2::detail::is_unsigned<unsigned short>::value, void>::type ArduinoJson::V6213HB2::detail::TextFormatter<ArduinoJson::V6213HB2::detail::StaticStringWriter>::writeInteger<unsigned short>(unsigned short)
 .text._ZN11ArduinoJson8V6213HB26detail11VariantData14getOrAddMemberINS1_19StaticStringAdapterEEEPS2_T_PNS1_10MemoryPoolE
                0x0000000008002cb8       0x4c ./Core/Src/main.o
                0x0000000008002cb8                ArduinoJson::V6213HB2::detail::VariantData* ArduinoJson::V6213HB2::detail::VariantData::getOrAddMember<ArduinoJson::V6213HB2::detail::StaticStringAdapter>(ArduinoJson::V6213HB2::detail::StaticStringAdapter, ArduinoJson::V6213HB2::detail::MemoryPool*)
 .text._ZN11ArduinoJson8V6213HB26detail14CollectionData14getOrAddMemberINS1_19StaticStringAdapterEEEPNS1_11VariantDataET_PNS1_10MemoryPoolE
                0x0000000008002d04       0x50 ./Core/Src/main.o
                0x0000000008002d04                ArduinoJson::V6213HB2::detail::VariantData* ArduinoJson::V6213HB2::detail::CollectionData::getOrAddMember<ArduinoJson::V6213HB2::detail::StaticStringAdapter>(ArduinoJson::V6213HB2::detail::StaticStringAdapter, ArduinoJson::V6213HB2::detail::MemoryPool*)
 .text._ZNK11ArduinoJson8V6213HB26detail14CollectionData7getSlotINS1_19StaticStringAdapterEEEPNS1_11VariantSlotET_
                0x0000000008002d54       0x5c ./Core/Src/main.o
                0x0000000008002d54                ArduinoJson::V6213HB2::detail::VariantSlot* ArduinoJson::V6213HB2::detail::CollectionData::getSlot<ArduinoJson::V6213HB2::detail::StaticStringAdapter>(ArduinoJson::V6213HB2::detail::StaticStringAdapter) const
 .text._ZN11ArduinoJson8V6213HB26detail14CollectionData9addMemberINS1_19StaticStringAdapterEEEPNS1_11VariantDataET_PNS1_10MemoryPoolE
                0x0000000008002db0       0x4a ./Core/Src/main.o
                0x0000000008002db0                ArduinoJson::V6213HB2::detail::VariantData* ArduinoJson::V6213HB2::detail::CollectionData::addMember<ArduinoJson::V6213HB2::detail::StaticStringAdapter>(ArduinoJson::V6213HB2::detail::StaticStringAdapter, ArduinoJson::V6213HB2::detail::MemoryPool*)
 .text._ZN11ArduinoJson8V6213HB26detail12stringEqualsINS1_19StaticStringAdapterES3_EENS1_9enable_ifIXlesrT_11typeSortKeysrT0_11typeSortKeyEbE4typeES5_S6_
                0x0000000008002dfa       0x74 ./Core/Src/main.o
                0x0000000008002dfa                ArduinoJson::V6213HB2::detail::enable_if<ArduinoJson::V6213HB2::detail::StaticStringAdapter::typeSortKey<=ArduinoJson::V6213HB2::detail::StaticStringAdapter::typeSortKey, bool>::type ArduinoJson::V6213HB2::detail::stringEquals<ArduinoJson::V6213HB2::detail::StaticStringAdapter, ArduinoJson::V6213HB2::detail::StaticStringAdapter>(ArduinoJson::V6213HB2::detail::StaticStringAdapter, ArduinoJson::V6213HB2::detail::StaticStringAdapter)
 .text._ZN11ArduinoJson8V6213HB26detail10slotSetKeyINS1_19StaticStringAdapterEEEbPNS1_11VariantSlotET_PNS1_10MemoryPoolE
                0x0000000008002e6e       0x38 ./Core/Src/main.o
                0x0000000008002e6e                bool ArduinoJson::V6213HB2::detail::slotSetKey<ArduinoJson::V6213HB2::detail::StaticStringAdapter>(ArduinoJson::V6213HB2::detail::VariantSlot*, ArduinoJson::V6213HB2::detail::StaticStringAdapter, ArduinoJson::V6213HB2::detail::MemoryPool*)
 .text._ZN11ArduinoJson8V6213HB26detail11storeStringINS1_19StaticStringAdapterENS1_13SlotKeySetterEEEbPNS1_10MemoryPoolET_T0_
                0x0000000008002ea6       0x2c ./Core/Src/main.o
                0x0000000008002ea6                bool ArduinoJson::V6213HB2::detail::storeString<ArduinoJson::V6213HB2::detail::StaticStringAdapter, ArduinoJson::V6213HB2::detail::SlotKeySetter>(ArduinoJson::V6213HB2::detail::MemoryPool*, ArduinoJson::V6213HB2::detail::StaticStringAdapter, ArduinoJson::V6213HB2::detail::SlotKeySetter)
 .text._ZN11ArduinoJson8V6213HB26detail11storeStringINS1_19StaticStringAdapterENS1_13SlotKeySetterEEEbPNS1_10MemoryPoolET_NS1_19StringStoragePolicy4LinkET0_
                0x0000000008002ed2       0x58 ./Core/Src/main.o
                0x0000000008002ed2                bool ArduinoJson::V6213HB2::detail::storeString<ArduinoJson::V6213HB2::detail::StaticStringAdapter, ArduinoJson::V6213HB2::detail::SlotKeySetter>(ArduinoJson::V6213HB2::detail::MemoryPool*, ArduinoJson::V6213HB2::detail::StaticStringAdapter, ArduinoJson::V6213HB2::detail::StringStoragePolicy::Link, ArduinoJson::V6213HB2::detail::SlotKeySetter)
 *fill*         0x0000000008002f2a        0x2 
 .text.HAL_MspInit
                0x0000000008002f2c       0x48 ./Core/Src/stm32f3xx_hal_msp.o
                0x0000000008002f2c                HAL_MspInit
 .text.HAL_SPI_MspInit
                0x0000000008002f74       0x94 ./Core/Src/stm32f3xx_hal_msp.o
                0x0000000008002f74                HAL_SPI_MspInit
 .text.HAL_UART_MspInit
                0x0000000008003008       0x88 ./Core/Src/stm32f3xx_hal_msp.o
                0x0000000008003008                HAL_UART_MspInit
 .text.NMI_Handler
                0x0000000008003090        0x6 ./Core/Src/stm32f3xx_it.o
                0x0000000008003090                NMI_Handler
 .text.HardFault_Handler
                0x0000000008003096        0x6 ./Core/Src/stm32f3xx_it.o
                0x0000000008003096                HardFault_Handler
 .text.MemManage_Handler
                0x000000000800309c        0x6 ./Core/Src/stm32f3xx_it.o
                0x000000000800309c                MemManage_Handler
 .text.BusFault_Handler
                0x00000000080030a2        0x6 ./Core/Src/stm32f3xx_it.o
                0x00000000080030a2                BusFault_Handler
 .text.UsageFault_Handler
                0x00000000080030a8        0x6 ./Core/Src/stm32f3xx_it.o
                0x00000000080030a8                UsageFault_Handler
 .text.SVC_Handler
                0x00000000080030ae        0xe ./Core/Src/stm32f3xx_it.o
                0x00000000080030ae                SVC_Handler
 .text.DebugMon_Handler
                0x00000000080030bc        0xe ./Core/Src/stm32f3xx_it.o
                0x00000000080030bc                DebugMon_Handler
 .text.PendSV_Handler
                0x00000000080030ca        0xe ./Core/Src/stm32f3xx_it.o
                0x00000000080030ca                PendSV_Handler
 .text.SysTick_Handler
                0x00000000080030d8        0xc ./Core/Src/stm32f3xx_it.o
                0x00000000080030d8                SysTick_Handler
 .text.SPI1_IRQHandler
                0x00000000080030e4       0x24 ./Core/Src/stm32f3xx_it.o
                0x00000000080030e4                SPI1_IRQHandler
 .text.SystemInit
                0x0000000008003108       0x24 ./Core/Src/system_stm32f3xx.o
                0x0000000008003108                SystemInit
 .text.Reset_Handler
                0x000000000800312c       0x50 ./Core/Startup/startup_stm32f303k8tx.o
                0x000000000800312c                Reset_Handler
 .text.Default_Handler
                0x000000000800317c        0x2 ./Core/Startup/startup_stm32f303k8tx.o
                0x000000000800317c                RTC_Alarm_IRQHandler
                0x000000000800317c                TIM1_CC_IRQHandler
                0x000000000800317c                PVD_IRQHandler
                0x000000000800317c                TAMP_STAMP_IRQHandler
                0x000000000800317c                EXTI3_IRQHandler
                0x000000000800317c                EXTI0_IRQHandler
                0x000000000800317c                FPU_IRQHandler
                0x000000000800317c                CAN_TX_IRQHandler
                0x000000000800317c                TIM1_UP_TIM16_IRQHandler
                0x000000000800317c                ADC1_2_IRQHandler
                0x000000000800317c                CAN_SCE_IRQHandler
                0x000000000800317c                DMA1_Channel4_IRQHandler
                0x000000000800317c                USART3_IRQHandler
                0x000000000800317c                DMA1_Channel7_IRQHandler
                0x000000000800317c                TIM7_DAC2_IRQHandler
                0x000000000800317c                CAN_RX1_IRQHandler
                0x000000000800317c                I2C1_EV_IRQHandler
                0x000000000800317c                DMA1_Channel6_IRQHandler
                0x000000000800317c                TIM3_IRQHandler
                0x000000000800317c                RCC_IRQHandler
                0x000000000800317c                DMA1_Channel1_IRQHandler
                0x000000000800317c                Default_Handler
                0x000000000800317c                EXTI15_10_IRQHandler
                0x000000000800317c                COMP2_IRQHandler
                0x000000000800317c                TIM6_DAC1_IRQHandler
                0x000000000800317c                EXTI9_5_IRQHandler
                0x000000000800317c                RTC_WKUP_IRQHandler
                0x000000000800317c                DMA1_Channel5_IRQHandler
                0x000000000800317c                EXTI4_IRQHandler
                0x000000000800317c                TIM1_TRG_COM_TIM17_IRQHandler
                0x000000000800317c                DMA1_Channel3_IRQHandler
                0x000000000800317c                WWDG_IRQHandler
                0x000000000800317c                TIM2_IRQHandler
                0x000000000800317c                EXTI1_IRQHandler
                0x000000000800317c                COMP4_6_IRQHandler
                0x000000000800317c                USART2_IRQHandler
                0x000000000800317c                DMA1_Channel2_IRQHandler
                0x000000000800317c                FLASH_IRQHandler
                0x000000000800317c                USART1_IRQHandler
                0x000000000800317c                CAN_RX0_IRQHandler
                0x000000000800317c                I2C1_ER_IRQHandler
                0x000000000800317c                EXTI2_TSC_IRQHandler
                0x000000000800317c                TIM1_BRK_TIM15_IRQHandler
 *fill*         0x000000000800317e        0x2 
 .text.HAL_Init
                0x0000000008003180       0x2c ./Drivers/STM32F3xx_HAL_Driver/Src/stm32f3xx_hal.o
                0x0000000008003180                HAL_Init
 .text.HAL_InitTick
                0x00000000080031ac       0x60 ./Drivers/STM32F3xx_HAL_Driver/Src/stm32f3xx_hal.o
                0x00000000080031ac                HAL_InitTick
 .text.HAL_IncTick
                0x000000000800320c       0x28 ./Drivers/STM32F3xx_HAL_Driver/Src/stm32f3xx_hal.o
                0x000000000800320c                HAL_IncTick
 .text.HAL_GetTick
                0x0000000008003234       0x18 ./Drivers/STM32F3xx_HAL_Driver/Src/stm32f3xx_hal.o
                0x0000000008003234                HAL_GetTick
 .text.HAL_Delay
                0x000000000800324c       0x48 ./Drivers/STM32F3xx_HAL_Driver/Src/stm32f3xx_hal.o
                0x000000000800324c                HAL_Delay
 .text.__NVIC_SetPriorityGrouping
                0x0000000008003294       0x48 ./Drivers/STM32F3xx_HAL_Driver/Src/stm32f3xx_hal_cortex.o
 .text.__NVIC_GetPriorityGrouping
                0x00000000080032dc       0x1c ./Drivers/STM32F3xx_HAL_Driver/Src/stm32f3xx_hal_cortex.o
 .text.__NVIC_EnableIRQ
                0x00000000080032f8       0x3c ./Drivers/STM32F3xx_HAL_Driver/Src/stm32f3xx_hal_cortex.o
 .text.__NVIC_SetPriority
                0x0000000008003334       0x54 ./Drivers/STM32F3xx_HAL_Driver/Src/stm32f3xx_hal_cortex.o
 .text.NVIC_EncodePriority
                0x0000000008003388       0x66 ./Drivers/STM32F3xx_HAL_Driver/Src/stm32f3xx_hal_cortex.o
 *fill*         0x00000000080033ee        0x2 
 .text.SysTick_Config
                0x00000000080033f0       0x44 ./Drivers/STM32F3xx_HAL_Driver/Src/stm32f3xx_hal_cortex.o
 .text.HAL_NVIC_SetPriorityGrouping
                0x0000000008003434       0x16 ./Drivers/STM32F3xx_HAL_Driver/Src/stm32f3xx_hal_cortex.o
                0x0000000008003434                HAL_NVIC_SetPriorityGrouping
 .text.HAL_NVIC_SetPriority
                0x000000000800344a       0x38 ./Drivers/STM32F3xx_HAL_Driver/Src/stm32f3xx_hal_cortex.o
                0x000000000800344a                HAL_NVIC_SetPriority
 .text.HAL_NVIC_EnableIRQ
                0x0000000008003482       0x1c ./Drivers/STM32F3xx_HAL_Driver/Src/stm32f3xx_hal_cortex.o
                0x0000000008003482                HAL_NVIC_EnableIRQ
 .text.HAL_SYSTICK_Config
                0x000000000800349e       0x18 ./Drivers/STM32F3xx_HAL_Driver/Src/stm32f3xx_hal_cortex.o
                0x000000000800349e                HAL_SYSTICK_Config
 .text.HAL_DMA_Abort_IT
                0x00000000080034b6       0x7c ./Drivers/STM32F3xx_HAL_Driver/Src/stm32f3xx_hal_dma.o
                0x00000000080034b6                HAL_DMA_Abort_IT
 *fill*         0x0000000008003532        0x2 
 .text.HAL_GPIO_Init
                0x0000000008003534      0x2e4 ./Drivers/STM32F3xx_HAL_Driver/Src/stm32f3xx_hal_gpio.o
                0x0000000008003534                HAL_GPIO_Init
 .text.HAL_GPIO_ReadPin
                0x0000000008003818       0x30 ./Drivers/STM32F3xx_HAL_Driver/Src/stm32f3xx_hal_gpio.o
                0x0000000008003818                HAL_GPIO_ReadPin
 .text.HAL_GPIO_WritePin
                0x0000000008003848       0x30 ./Drivers/STM32F3xx_HAL_Driver/Src/stm32f3xx_hal_gpio.o
                0x0000000008003848                HAL_GPIO_WritePin
 .text.HAL_RCC_OscConfig
                0x0000000008003878     0x107c ./Drivers/STM32F3xx_HAL_Driver/Src/stm32f3xx_hal_rcc.o
                0x0000000008003878                HAL_RCC_OscConfig
 .text.HAL_RCC_ClockConfig
                0x00000000080048f4      0x2f8 ./Drivers/STM32F3xx_HAL_Driver/Src/stm32f3xx_hal_rcc.o
                0x00000000080048f4                HAL_RCC_ClockConfig
 .text.HAL_RCC_GetSysClockFreq
                0x0000000008004bec       0xd4 ./Drivers/STM32F3xx_HAL_Driver/Src/stm32f3xx_hal_rcc.o
                0x0000000008004bec                HAL_RCC_GetSysClockFreq
 .text.HAL_RCC_GetHCLKFreq
                0x0000000008004cc0       0x18 ./Drivers/STM32F3xx_HAL_Driver/Src/stm32f3xx_hal_rcc.o
                0x0000000008004cc0                HAL_RCC_GetHCLKFreq
 .text.HAL_RCC_GetPCLK1Freq
                0x0000000008004cd8       0x44 ./Drivers/STM32F3xx_HAL_Driver/Src/stm32f3xx_hal_rcc.o
                0x0000000008004cd8                HAL_RCC_GetPCLK1Freq
 .text.HAL_RCC_GetPCLK2Freq
                0x0000000008004d1c       0x44 ./Drivers/STM32F3xx_HAL_Driver/Src/stm32f3xx_hal_rcc.o
                0x0000000008004d1c                HAL_RCC_GetPCLK2Freq
 .text.HAL_SPI_Init
                0x0000000008004d60      0x146 ./Drivers/STM32F3xx_HAL_Driver/Src/stm32f3xx_hal_spi.o
                0x0000000008004d60                HAL_SPI_Init
 *fill*         0x0000000008004ea6        0x2 
 .text.HAL_SPI_Transmit_IT
                0x0000000008004ea8      0x11c ./Drivers/STM32F3xx_HAL_Driver/Src/stm32f3xx_hal_spi.o
                0x0000000008004ea8                HAL_SPI_Transmit_IT
 .text.HAL_SPI_IRQHandler
                0x0000000008004fc4      0x200 ./Drivers/STM32F3xx_HAL_Driver/Src/stm32f3xx_hal_spi.o
                0x0000000008004fc4                HAL_SPI_IRQHandler
 .text.HAL_SPI_TxCpltCallback
                0x00000000080051c4       0x14 ./Drivers/STM32F3xx_HAL_Driver/Src/stm32f3xx_hal_spi.o
                0x00000000080051c4                HAL_SPI_TxCpltCallback
 .text.HAL_SPI_ErrorCallback
                0x00000000080051d8       0x14 ./Drivers/STM32F3xx_HAL_Driver/Src/stm32f3xx_hal_spi.o
                0x00000000080051d8                HAL_SPI_ErrorCallback
 .text.SPI_DMAAbortOnError
                0x00000000080051ec       0x2a ./Drivers/STM32F3xx_HAL_Driver/Src/stm32f3xx_hal_spi.o
 .text.SPI_TxISR_8BIT
                0x0000000008005216       0x46 ./Drivers/STM32F3xx_HAL_Driver/Src/stm32f3xx_hal_spi.o
 .text.SPI_TxISR_16BIT
                0x000000000800525c       0x44 ./Drivers/STM32F3xx_HAL_Driver/Src/stm32f3xx_hal_spi.o
 .text.SPI_WaitFlagStateUntilTimeout
                0x00000000080052a0      0x110 ./Drivers/STM32F3xx_HAL_Driver/Src/stm32f3xx_hal_spi.o
 .text.SPI_WaitFifoStateUntilTimeout
                0x00000000080053b0      0x12c ./Drivers/STM32F3xx_HAL_Driver/Src/stm32f3xx_hal_spi.o
 .text.SPI_EndRxTxTransaction
                0x00000000080054dc       0x8c ./Drivers/STM32F3xx_HAL_Driver/Src/stm32f3xx_hal_spi.o
 .text.SPI_CloseTx_ISR
                0x0000000008005568       0x7e ./Drivers/STM32F3xx_HAL_Driver/Src/stm32f3xx_hal_spi.o
 .text.HAL_UART_Init
                0x00000000080055e6       0x9c ./Drivers/STM32F3xx_HAL_Driver/Src/stm32f3xx_hal_uart.o
                0x00000000080055e6                HAL_UART_Init
 *fill*         0x0000000008005682        0x2 
 .text.UART_SetConfig
                0x0000000008005684      0x26c ./Drivers/STM32F3xx_HAL_Driver/Src/stm32f3xx_hal_uart.o
                0x0000000008005684                UART_SetConfig
 .text.UART_AdvFeatureConfig
                0x00000000080058f0      0x144 ./Drivers/STM32F3xx_HAL_Driver/Src/stm32f3xx_hal_uart.o
                0x00000000080058f0                UART_AdvFeatureConfig
 .text.UART_CheckIdleState
                0x0000000008005a34      0x150 ./Drivers/STM32F3xx_HAL_Driver/Src/stm32f3xx_hal_uart.o
                0x0000000008005a34                UART_CheckIdleState
 .text.UART_WaitOnFlagUntilTimeout
                0x0000000008005b84       0xce ./Drivers/STM32F3xx_HAL_Driver/Src/stm32f3xx_hal_uart.o
                0x0000000008005b84                UART_WaitOnFlagUntilTimeout
 .text.UART_EndRxTransfer
                0x0000000008005c52       0xc8 ./Drivers/STM32F3xx_HAL_Driver/Src/stm32f3xx_hal_uart.o
 *fill*         0x0000000008005d1a        0x2 
 .text.__libc_init_array
                0x0000000008005d1c       0x48 /opt/st/stm32cubeide_1.12.1/plugins/com.st.stm32cube.ide.mcu.externaltools.gnu-tools-for-stm32.10.3-2021.10.linux64_1.0.200.202301161003/tools/bin/../lib/gcc/arm-none-eabi/10.3.1/../../../../arm-none-eabi/lib/thumb/v7e-m+fp/hard/libc_nano.a(lib_a-init.o)
                0x0000000008005d1c                __libc_init_array
 .text.memset   0x0000000008005d64       0x10 /opt/st/stm32cubeide_1.12.1/plugins/com.st.stm32cube.ide.mcu.externaltools.gnu-tools-for-stm32.10.3-2021.10.linux64_1.0.200.202301161003/tools/bin/../lib/gcc/arm-none-eabi/10.3.1/../../../../arm-none-eabi/lib/thumb/v7e-m+fp/hard/libc_nano.a(lib_a-memset.o)
                0x0000000008005d64                memset
 *(.glue_7)
 .glue_7        0x0000000008005d74        0x0 linker stubs
 *(.glue_7t)
 .glue_7t       0x0000000008005d74        0x0 linker stubs
 *(.eh_frame)
 .eh_frame      0x0000000008005d74        0x0 /opt/st/stm32cubeide_1.12.1/plugins/com.st.stm32cube.ide.mcu.externaltools.gnu-tools-for-stm32.10.3-2021.10.linux64_1.0.200.202301161003/tools/bin/../lib/gcc/arm-none-eabi/10.3.1/thumb/v7e-m+fp/hard/crtbegin.o
 *(.init)
 .init          0x0000000008005d74        0x4 /opt/st/stm32cubeide_1.12.1/plugins/com.st.stm32cube.ide.mcu.externaltools.gnu-tools-for-stm32.10.3-2021.10.linux64_1.0.200.202301161003/tools/bin/../lib/gcc/arm-none-eabi/10.3.1/thumb/v7e-m+fp/hard/crti.o
                0x0000000008005d74                _init
 .init          0x0000000008005d78        0x8 /opt/st/stm32cubeide_1.12.1/plugins/com.st.stm32cube.ide.mcu.externaltools.gnu-tools-for-stm32.10.3-2021.10.linux64_1.0.200.202301161003/tools/bin/../lib/gcc/arm-none-eabi/10.3.1/thumb/v7e-m+fp/hard/crtn.o
 *(.fini)
 .fini          0x0000000008005d80        0x4 /opt/st/stm32cubeide_1.12.1/plugins/com.st.stm32cube.ide.mcu.externaltools.gnu-tools-for-stm32.10.3-2021.10.linux64_1.0.200.202301161003/tools/bin/../lib/gcc/arm-none-eabi/10.3.1/thumb/v7e-m+fp/hard/crti.o
                0x0000000008005d80                _fini
 .fini          0x0000000008005d84        0x8 /opt/st/stm32cubeide_1.12.1/plugins/com.st.stm32cube.ide.mcu.externaltools.gnu-tools-for-stm32.10.3-2021.10.linux64_1.0.200.202301161003/tools/bin/../lib/gcc/arm-none-eabi/10.3.1/thumb/v7e-m+fp/hard/crtn.o
                0x0000000008005d8c                . = ALIGN (0x4)
                0x0000000008005d8c                _etext = .

.vfp11_veneer   0x0000000008005d8c        0x0
 .vfp11_veneer  0x0000000008005d8c        0x0 linker stubs

.v4_bx          0x0000000008005d8c        0x0
 .v4_bx         0x0000000008005d8c        0x0 linker stubs

.iplt           0x0000000008005d8c        0x0
 .iplt          0x0000000008005d8c        0x0 /opt/st/stm32cubeide_1.12.1/plugins/com.st.stm32cube.ide.mcu.externaltools.gnu-tools-for-stm32.10.3-2021.10.linux64_1.0.200.202301161003/tools/bin/../lib/gcc/arm-none-eabi/10.3.1/thumb/v7e-m+fp/hard/crtbegin.o

.rodata         0x0000000008005d90      0x138
                0x0000000008005d90                . = ALIGN (0x4)
 *(.rodata)
 .rodata        0x0000000008005d90       0x6f ./Core/Src/main.o
 *(.rodata*)
 *fill*         0x0000000008005dff        0x1 
 .rodata._ZZN11ArduinoJson8V6213HB26detail11FloatTraitsIdLj8EE25positiveBinaryPowersOfTenEvE7factors
                0x0000000008005e00       0x48 ./Core/Src/main.o
                0x0000000008005e00                ArduinoJson::V6213HB2::detail::FloatTraits<double, 8u>::positiveBinaryPowersOfTen()::factors
 .rodata._ZZN11ArduinoJson8V6213HB26detail11FloatTraitsIdLj8EE25negativeBinaryPowersOfTenEvE7factors
                0x0000000008005e48       0x48 ./Core/Src/main.o
                0x0000000008005e48                ArduinoJson::V6213HB2::detail::FloatTraits<double, 8u>::negativeBinaryPowersOfTen()::factors
 .rodata.AHBPrescTable
                0x0000000008005e90       0x10 ./Core/Src/system_stm32f3xx.o
                0x0000000008005e90                AHBPrescTable
 .rodata.APBPrescTable
                0x0000000008005ea0        0x8 ./Core/Src/system_stm32f3xx.o
                0x0000000008005ea0                APBPrescTable
 .rodata.aPLLMULFactorTable
                0x0000000008005ea8       0x10 ./Drivers/STM32F3xx_HAL_Driver/Src/stm32f3xx_hal_rcc.o
 .rodata.aPredivFactorTable
                0x0000000008005eb8       0x10 ./Drivers/STM32F3xx_HAL_Driver/Src/stm32f3xx_hal_rcc.o
                0x0000000008005ec8                . = ALIGN (0x4)

.ARM.extab      0x0000000008005ec8        0x0
                0x0000000008005ec8                . = ALIGN (0x4)
 *(.ARM.extab* .gnu.linkonce.armextab.*)
                0x0000000008005ec8                . = ALIGN (0x4)

.ARM            0x0000000008005ec8        0x8
                0x0000000008005ec8                . = ALIGN (0x4)
                0x0000000008005ec8                __exidx_start = .
 *(.ARM.exidx*)
 .ARM.exidx     0x0000000008005ec8        0x8 /opt/st/stm32cubeide_1.12.1/plugins/com.st.stm32cube.ide.mcu.externaltools.gnu-tools-for-stm32.10.3-2021.10.linux64_1.0.200.202301161003/tools/bin/../lib/gcc/arm-none-eabi/10.3.1/thumb/v7e-m+fp/hard/libgcc.a(_udivmoddi4.o)
                0x0000000008005ed0                __exidx_end = .
                0x0000000008005ed0                . = ALIGN (0x4)

.rel.dyn        0x0000000008005ed0        0x0
 .rel.iplt      0x0000000008005ed0        0x0 /opt/st/stm32cubeide_1.12.1/plugins/com.st.stm32cube.ide.mcu.externaltools.gnu-tools-for-stm32.10.3-2021.10.linux64_1.0.200.202301161003/tools/bin/../lib/gcc/arm-none-eabi/10.3.1/thumb/v7e-m+fp/hard/crtbegin.o

.preinit_array  0x0000000008005ed0        0x0
                0x0000000008005ed0                . = ALIGN (0x4)
                0x0000000008005ed0                PROVIDE (__preinit_array_start = .)
 *(.preinit_array*)
                0x0000000008005ed0                PROVIDE (__preinit_array_end = .)
                0x0000000008005ed0                . = ALIGN (0x4)

.init_array     0x0000000008005ed0        0x4
                0x0000000008005ed0                . = ALIGN (0x4)
                0x0000000008005ed0                PROVIDE (__init_array_start = .)
 *(SORT_BY_NAME(.init_array.*))
 *(.init_array*)
 .init_array    0x0000000008005ed0        0x4 /opt/st/stm32cubeide_1.12.1/plugins/com.st.stm32cube.ide.mcu.externaltools.gnu-tools-for-stm32.10.3-2021.10.linux64_1.0.200.202301161003/tools/bin/../lib/gcc/arm-none-eabi/10.3.1/thumb/v7e-m+fp/hard/crtbegin.o
                0x0000000008005ed4                PROVIDE (__init_array_end = .)
                0x0000000008005ed4                . = ALIGN (0x4)

.fini_array     0x0000000008005ed4        0x4
                0x0000000008005ed4                . = ALIGN (0x4)
                [!provide]                        PROVIDE (__fini_array_start = .)
 *(SORT_BY_NAME(.fini_array.*))
 *(.fini_array*)
 .fini_array    0x0000000008005ed4        0x4 /opt/st/stm32cubeide_1.12.1/plugins/com.st.stm32cube.ide.mcu.externaltools.gnu-tools-for-stm32.10.3-2021.10.linux64_1.0.200.202301161003/tools/bin/../lib/gcc/arm-none-eabi/10.3.1/thumb/v7e-m+fp/hard/crtbegin.o
                [!provide]                        PROVIDE (__fini_array_end = .)
                0x0000000008005ed8                . = ALIGN (0x4)
                0x0000000008005ed8                _sidata = LOADADDR (.data)

.data           0x0000000020000000        0xc load address 0x0000000008005ed8
                0x0000000020000000                . = ALIGN (0x4)
                0x0000000020000000                _sdata = .
 *(.data)
 *(.data*)
 .data.SystemCoreClock
                0x0000000020000000        0x4 ./Core/Src/system_stm32f3xx.o
                0x0000000020000000                SystemCoreClock
 .data.uwTickPrio
                0x0000000020000004        0x4 ./Drivers/STM32F3xx_HAL_Driver/Src/stm32f3xx_hal.o
                0x0000000020000004                uwTickPrio
 .data.uwTickFreq
                0x0000000020000008        0x1 ./Drivers/STM32F3xx_HAL_Driver/Src/stm32f3xx_hal.o
                0x0000000020000008                uwTickFreq
 *(.RamFunc)
 *(.RamFunc*)
                0x000000002000000c                . = ALIGN (0x4)
 *fill*         0x0000000020000009        0x3 
                0x000000002000000c                _edata = .
                0x0000000008005ee4                _siccmram = LOADADDR (.ccmram)

.igot.plt       0x000000002000000c        0x0 load address 0x0000000008005ee4
 .igot.plt      0x000000002000000c        0x0 /opt/st/stm32cubeide_1.12.1/plugins/com.st.stm32cube.ide.mcu.externaltools.gnu-tools-for-stm32.10.3-2021.10.linux64_1.0.200.202301161003/tools/bin/../lib/gcc/arm-none-eabi/10.3.1/thumb/v7e-m+fp/hard/crtbegin.o

.ccmram         0x0000000010000000        0x0 load address 0x0000000008005ee4
                0x0000000010000000                . = ALIGN (0x4)
                0x0000000010000000                _sccmram = .
 *(.ccmram)
 *(.ccmram*)
                0x0000000010000000                . = ALIGN (0x4)
                0x0000000010000000                _eccmram = .
                0x0000000010000000                . = ALIGN (0x4)

.bss            0x000000002000000c      0x1d8
                0x000000002000000c                _sbss = .
                0x000000002000000c                __bss_start__ = _sbss
 *(.bss)
 .bss           0x000000002000000c       0x1c /opt/st/stm32cubeide_1.12.1/plugins/com.st.stm32cube.ide.mcu.externaltools.gnu-tools-for-stm32.10.3-2021.10.linux64_1.0.200.202301161003/tools/bin/../lib/gcc/arm-none-eabi/10.3.1/thumb/v7e-m+fp/hard/crtbegin.o
 *(.bss*)
 .bss.hspi1     0x0000000020000028       0x64 ./Core/Src/main.o
                0x0000000020000028                hspi1
 .bss.huart2    0x000000002000008c       0x88 ./Core/Src/main.o
                0x000000002000008c                huart2
 .bss.buffer    0x0000000020000114       0xc8 ./Core/Src/main.o
                0x0000000020000114                buffer
 .bss.myCount   0x00000000200001dc        0x2 ./Core/Src/stm32f3xx_it.o
                0x00000000200001dc                myCount
 *fill*         0x00000000200001de        0x2 
 .bss.uwTick    0x00000000200001e0        0x4 ./Drivers/STM32F3xx_HAL_Driver/Src/stm32f3xx_hal.o
                0x00000000200001e0                uwTick
 *(COMMON)
                0x00000000200001e4                . = ALIGN (0x4)
                0x00000000200001e4                _ebss = .
                0x00000000200001e4                __bss_end__ = _ebss

._user_heap_stack
                0x00000000200001e4      0x604
                0x00000000200001e8                . = ALIGN (0x8)
 *fill*         0x00000000200001e4        0x4 
                [!provide]                        PROVIDE (end = .)
                0x00000000200001e8                PROVIDE (_end = .)
                0x00000000200003e8                . = (. + _Min_Heap_Size)
 *fill*         0x00000000200001e8      0x200 
                0x00000000200007e8                . = (. + _Min_Stack_Size)
 *fill*         0x00000000200003e8      0x400 
                0x00000000200007e8                . = ALIGN (0x8)

/DISCARD/
 libc.a(*)
 libm.a(*)
 libgcc.a(*)

.ARM.attributes
                0x0000000000000000       0x30
 *(.ARM.attributes)
 .ARM.attributes
                0x0000000000000000       0x1e /opt/st/stm32cubeide_1.12.1/plugins/com.st.stm32cube.ide.mcu.externaltools.gnu-tools-for-stm32.10.3-2021.10.linux64_1.0.200.202301161003/tools/bin/../lib/gcc/arm-none-eabi/10.3.1/thumb/v7e-m+fp/hard/crti.o
 .ARM.attributes
                0x000000000000001e       0x34 /opt/st/stm32cubeide_1.12.1/plugins/com.st.stm32cube.ide.mcu.externaltools.gnu-tools-for-stm32.10.3-2021.10.linux64_1.0.200.202301161003/tools/bin/../lib/gcc/arm-none-eabi/10.3.1/thumb/v7e-m+fp/hard/crtbegin.o
 .ARM.attributes
                0x0000000000000052       0x34 ./Core/Src/main.o
 .ARM.attributes
                0x0000000000000086       0x34 ./Core/Src/stm32f3xx_hal_msp.o
 .ARM.attributes
                0x00000000000000ba       0x34 ./Core/Src/stm32f3xx_it.o
 .ARM.attributes
                0x00000000000000ee       0x34 ./Core/Src/system_stm32f3xx.o
 .ARM.attributes
                0x0000000000000122       0x21 ./Core/Startup/startup_stm32f303k8tx.o
 .ARM.attributes
                0x0000000000000143       0x34 ./Drivers/STM32F3xx_HAL_Driver/Src/stm32f3xx_hal.o
 .ARM.attributes
                0x0000000000000177       0x34 ./Drivers/STM32F3xx_HAL_Driver/Src/stm32f3xx_hal_cortex.o
 .ARM.attributes
                0x00000000000001ab       0x34 ./Drivers/STM32F3xx_HAL_Driver/Src/stm32f3xx_hal_dma.o
 .ARM.attributes
                0x00000000000001df       0x34 ./Drivers/STM32F3xx_HAL_Driver/Src/stm32f3xx_hal_gpio.o
 .ARM.attributes
                0x0000000000000213       0x34 ./Drivers/STM32F3xx_HAL_Driver/Src/stm32f3xx_hal_rcc.o
 .ARM.attributes
                0x0000000000000247       0x34 ./Drivers/STM32F3xx_HAL_Driver/Src/stm32f3xx_hal_spi.o
 .ARM.attributes
                0x000000000000027b       0x34 ./Drivers/STM32F3xx_HAL_Driver/Src/stm32f3xx_hal_uart.o
 .ARM.attributes
                0x00000000000002af       0x34 /opt/st/stm32cubeide_1.12.1/plugins/com.st.stm32cube.ide.mcu.externaltools.gnu-tools-for-stm32.10.3-2021.10.linux64_1.0.200.202301161003/tools/bin/../lib/gcc/arm-none-eabi/10.3.1/../../../../arm-none-eabi/lib/thumb/v7e-m+fp/hard/libc_nano.a(lib_a-init.o)
 .ARM.attributes
                0x00000000000002e3       0x34 /opt/st/stm32cubeide_1.12.1/plugins/com.st.stm32cube.ide.mcu.externaltools.gnu-tools-for-stm32.10.3-2021.10.linux64_1.0.200.202301161003/tools/bin/../lib/gcc/arm-none-eabi/10.3.1/../../../../arm-none-eabi/lib/thumb/v7e-m+fp/hard/libc_nano.a(lib_a-memset.o)
 .ARM.attributes
                0x0000000000000317       0x17 /opt/st/stm32cubeide_1.12.1/plugins/com.st.stm32cube.ide.mcu.externaltools.gnu-tools-for-stm32.10.3-2021.10.linux64_1.0.200.202301161003/tools/bin/../lib/gcc/arm-none-eabi/10.3.1/../../../../arm-none-eabi/lib/thumb/v7e-m+fp/hard/libc_nano.a(lib_a-strlen.o)
 .ARM.attributes
                0x000000000000032e       0x1e /opt/st/stm32cubeide_1.12.1/plugins/com.st.stm32cube.ide.mcu.externaltools.gnu-tools-for-stm32.10.3-2021.10.linux64_1.0.200.202301161003/tools/bin/../lib/gcc/arm-none-eabi/10.3.1/thumb/v7e-m+fp/hard/libgcc.a(_arm_muldf3.o)
 .ARM.attributes
                0x000000000000034c       0x1e /opt/st/stm32cubeide_1.12.1/plugins/com.st.stm32cube.ide.mcu.externaltools.gnu-tools-for-stm32.10.3-2021.10.linux64_1.0.200.202301161003/tools/bin/../lib/gcc/arm-none-eabi/10.3.1/thumb/v7e-m+fp/hard/libgcc.a(_arm_addsubdf3.o)
 .ARM.attributes
                0x000000000000036a       0x1e /opt/st/stm32cubeide_1.12.1/plugins/com.st.stm32cube.ide.mcu.externaltools.gnu-tools-for-stm32.10.3-2021.10.linux64_1.0.200.202301161003/tools/bin/../lib/gcc/arm-none-eabi/10.3.1/thumb/v7e-m+fp/hard/libgcc.a(_arm_cmpdf2.o)
 .ARM.attributes
                0x0000000000000388       0x1e /opt/st/stm32cubeide_1.12.1/plugins/com.st.stm32cube.ide.mcu.externaltools.gnu-tools-for-stm32.10.3-2021.10.linux64_1.0.200.202301161003/tools/bin/../lib/gcc/arm-none-eabi/10.3.1/thumb/v7e-m+fp/hard/libgcc.a(_arm_fixunsdfsi.o)
 .ARM.attributes
                0x00000000000003a6       0x1e /opt/st/stm32cubeide_1.12.1/plugins/com.st.stm32cube.ide.mcu.externaltools.gnu-tools-for-stm32.10.3-2021.10.linux64_1.0.200.202301161003/tools/bin/../lib/gcc/arm-none-eabi/10.3.1/thumb/v7e-m+fp/hard/libgcc.a(_aeabi_uldivmod.o)
 .ARM.attributes
                0x00000000000003c4       0x34 /opt/st/stm32cubeide_1.12.1/plugins/com.st.stm32cube.ide.mcu.externaltools.gnu-tools-for-stm32.10.3-2021.10.linux64_1.0.200.202301161003/tools/bin/../lib/gcc/arm-none-eabi/10.3.1/thumb/v7e-m+fp/hard/libgcc.a(_udivmoddi4.o)
 .ARM.attributes
                0x00000000000003f8       0x1e /opt/st/stm32cubeide_1.12.1/plugins/com.st.stm32cube.ide.mcu.externaltools.gnu-tools-for-stm32.10.3-2021.10.linux64_1.0.200.202301161003/tools/bin/../lib/gcc/arm-none-eabi/10.3.1/thumb/v7e-m+fp/hard/libgcc.a(_dvmd_tls.o)
 .ARM.attributes
                0x0000000000000416       0x1e /opt/st/stm32cubeide_1.12.1/plugins/com.st.stm32cube.ide.mcu.externaltools.gnu-tools-for-stm32.10.3-2021.10.linux64_1.0.200.202301161003/tools/bin/../lib/gcc/arm-none-eabi/10.3.1/thumb/v7e-m+fp/hard/crtn.o
OUTPUT(bxse_f3_payload_emulator.elf elf32-littlearm)
LOAD linker stubs
LOAD /opt/st/stm32cubeide_1.12.1/plugins/com.st.stm32cube.ide.mcu.externaltools.gnu-tools-for-stm32.10.3-2021.10.linux64_1.0.200.202301161003/tools/bin/../lib/gcc/arm-none-eabi/10.3.1/../../../../arm-none-eabi/lib/thumb/v7e-m+fp/hard/libc.a
LOAD /opt/st/stm32cubeide_1.12.1/plugins/com.st.stm32cube.ide.mcu.externaltools.gnu-tools-for-stm32.10.3-2021.10.linux64_1.0.200.202301161003/tools/bin/../lib/gcc/arm-none-eabi/10.3.1/../../../../arm-none-eabi/lib/thumb/v7e-m+fp/hard/libm.a
LOAD /opt/st/stm32cubeide_1.12.1/plugins/com.st.stm32cube.ide.mcu.externaltools.gnu-tools-for-stm32.10.3-2021.10.linux64_1.0.200.202301161003/tools/bin/../lib/gcc/arm-none-eabi/10.3.1/thumb/v7e-m+fp/hard/libgcc.a

.debug_info     0x0000000000000000    0x15184
 .debug_info    0x0000000000000000     0xae8b ./Core/Src/main.o
 .debug_info    0x000000000000ae8b      0xe11 ./Core/Src/stm32f3xx_hal_msp.o
 .debug_info    0x000000000000bc9c      0x681 ./Core/Src/stm32f3xx_it.o
 .debug_info    0x000000000000c31d      0x416 ./Core/Src/system_stm32f3xx.o
 .debug_info    0x000000000000c733       0x22 ./Core/Startup/startup_stm32f303k8tx.o
 .debug_info    0x000000000000c755      0x77d ./Drivers/STM32F3xx_HAL_Driver/Src/stm32f3xx_hal.o
 .debug_info    0x000000000000ced2      0xb20 ./Drivers/STM32F3xx_HAL_Driver/Src/stm32f3xx_hal_cortex.o
 .debug_info    0x000000000000d9f2      0x757 ./Drivers/STM32F3xx_HAL_Driver/Src/stm32f3xx_hal_dma.o
 .debug_info    0x000000000000e149      0x74e ./Drivers/STM32F3xx_HAL_Driver/Src/stm32f3xx_hal_gpio.o
 .debug_info    0x000000000000e897     0x1585 ./Drivers/STM32F3xx_HAL_Driver/Src/stm32f3xx_hal_rcc.o
 .debug_info    0x000000000000fe1c     0x1770 ./Drivers/STM32F3xx_HAL_Driver/Src/stm32f3xx_hal_spi.o
 .debug_info    0x000000000001158c     0x3bf8 ./Drivers/STM32F3xx_HAL_Driver/Src/stm32f3xx_hal_uart.o

.debug_abbrev   0x0000000000000000     0x1ffc
 .debug_abbrev  0x0000000000000000      0xaf0 ./Core/Src/main.o
 .debug_abbrev  0x0000000000000af0      0x1a4 ./Core/Src/stm32f3xx_hal_msp.o
 .debug_abbrev  0x0000000000000c94      0x183 ./Core/Src/stm32f3xx_it.o
 .debug_abbrev  0x0000000000000e17      0x116 ./Core/Src/system_stm32f3xx.o
 .debug_abbrev  0x0000000000000f2d       0x12 ./Core/Startup/startup_stm32f303k8tx.o
 .debug_abbrev  0x0000000000000f3f      0x20e ./Drivers/STM32F3xx_HAL_Driver/Src/stm32f3xx_hal.o
 .debug_abbrev  0x000000000000114d      0x2ed ./Drivers/STM32F3xx_HAL_Driver/Src/stm32f3xx_hal_cortex.o
 .debug_abbrev  0x000000000000143a      0x1fe ./Drivers/STM32F3xx_HAL_Driver/Src/stm32f3xx_hal_dma.o
 .debug_abbrev  0x0000000000001638      0x1bb ./Drivers/STM32F3xx_HAL_Driver/Src/stm32f3xx_hal_gpio.o
 .debug_abbrev  0x00000000000017f3      0x2f9 ./Drivers/STM32F3xx_HAL_Driver/Src/stm32f3xx_hal_rcc.o
 .debug_abbrev  0x0000000000001aec      0x254 ./Drivers/STM32F3xx_HAL_Driver/Src/stm32f3xx_hal_spi.o
 .debug_abbrev  0x0000000000001d40      0x2bc ./Drivers/STM32F3xx_HAL_Driver/Src/stm32f3xx_hal_uart.o

.debug_aranges  0x0000000000000000      0xc98
 .debug_aranges
                0x0000000000000000      0x458 ./Core/Src/main.o
 .debug_aranges
                0x0000000000000458       0x40 ./Core/Src/stm32f3xx_hal_msp.o
 .debug_aranges
                0x0000000000000498       0x68 ./Core/Src/stm32f3xx_it.o
 .debug_aranges
                0x0000000000000500       0x28 ./Core/Src/system_stm32f3xx.o
 .debug_aranges
                0x0000000000000528       0x28 ./Core/Startup/startup_stm32f303k8tx.o
 .debug_aranges
                0x0000000000000550       0xe0 ./Drivers/STM32F3xx_HAL_Driver/Src/stm32f3xx_hal.o
 .debug_aranges
                0x0000000000000630      0x100 ./Drivers/STM32F3xx_HAL_Driver/Src/stm32f3xx_hal_cortex.o
 .debug_aranges
                0x0000000000000730       0x88 ./Drivers/STM32F3xx_HAL_Driver/Src/stm32f3xx_hal_dma.o
 .debug_aranges
                0x00000000000007b8       0x58 ./Drivers/STM32F3xx_HAL_Driver/Src/stm32f3xx_hal_gpio.o
 .debug_aranges
                0x0000000000000810       0x88 ./Drivers/STM32F3xx_HAL_Driver/Src/stm32f3xx_hal_rcc.o
 .debug_aranges
                0x0000000000000898      0x1d8 ./Drivers/STM32F3xx_HAL_Driver/Src/stm32f3xx_hal_spi.o
 .debug_aranges
                0x0000000000000a70      0x228 ./Drivers/STM32F3xx_HAL_Driver/Src/stm32f3xx_hal_uart.o

.debug_ranges   0x0000000000000000      0xc10
 .debug_ranges  0x0000000000000000      0x448 ./Core/Src/main.o
 .debug_ranges  0x0000000000000448       0x30 ./Core/Src/stm32f3xx_hal_msp.o
 .debug_ranges  0x0000000000000478       0x58 ./Core/Src/stm32f3xx_it.o
 .debug_ranges  0x00000000000004d0       0x18 ./Core/Src/system_stm32f3xx.o
 .debug_ranges  0x00000000000004e8       0x20 ./Core/Startup/startup_stm32f303k8tx.o
 .debug_ranges  0x0000000000000508       0xd0 ./Drivers/STM32F3xx_HAL_Driver/Src/stm32f3xx_hal.o
 .debug_ranges  0x00000000000005d8       0xf0 ./Drivers/STM32F3xx_HAL_Driver/Src/stm32f3xx_hal_cortex.o
 .debug_ranges  0x00000000000006c8       0x78 ./Drivers/STM32F3xx_HAL_Driver/Src/stm32f3xx_hal_dma.o
 .debug_ranges  0x0000000000000740       0x48 ./Drivers/STM32F3xx_HAL_Driver/Src/stm32f3xx_hal_gpio.o
 .debug_ranges  0x0000000000000788       0x78 ./Drivers/STM32F3xx_HAL_Driver/Src/stm32f3xx_hal_rcc.o
 .debug_ranges  0x0000000000000800      0x1c8 ./Drivers/STM32F3xx_HAL_Driver/Src/stm32f3xx_hal_spi.o
 .debug_ranges  0x00000000000009c8      0x248 ./Drivers/STM32F3xx_HAL_Driver/Src/stm32f3xx_hal_uart.o

.debug_macro    0x0000000000000000    0x1ddfd
 .debug_macro   0x0000000000000000      0x83d ./Core/Src/main.o
 .debug_macro   0x000000000000083d      0xb50 ./Core/Src/main.o
 .debug_macro   0x000000000000138d      0x157 ./Core/Src/main.o
 .debug_macro   0x00000000000014e4       0x2e ./Core/Src/main.o
 .debug_macro   0x0000000000001512       0x28 ./Core/Src/main.o
 .debug_macro   0x000000000000153a       0x1c ./Core/Src/main.o
 .debug_macro   0x0000000000001556       0x22 ./Core/Src/main.o
 .debug_macro   0x0000000000001578       0x8e ./Core/Src/main.o
 .debug_macro   0x0000000000001606       0x51 ./Core/Src/main.o
 .debug_macro   0x0000000000001657      0x103 ./Core/Src/main.o
 .debug_macro   0x000000000000175a       0x6a ./Core/Src/main.o
 .debug_macro   0x00000000000017c4      0x1df ./Core/Src/main.o
 .debug_macro   0x00000000000019a3       0x1c ./Core/Src/main.o
 .debug_macro   0x00000000000019bf       0x22 ./Core/Src/main.o
 .debug_macro   0x00000000000019e1       0xd9 ./Core/Src/main.o
 .debug_macro   0x0000000000001aba      0xf07 ./Core/Src/main.o
 .debug_macro   0x00000000000029c1    0x10be0 ./Core/Src/main.o
 .debug_macro   0x00000000000135a1       0x6d ./Core/Src/main.o
 .debug_macro   0x000000000001360e     0x3558 ./Core/Src/main.o
 .debug_macro   0x0000000000016b66      0x17b ./Core/Src/main.o
 .debug_macro   0x0000000000016ce1       0x55 ./Core/Src/main.o
 .debug_macro   0x0000000000016d36      0x8f8 ./Core/Src/main.o
 .debug_macro   0x000000000001762e      0x304 ./Core/Src/main.o
 .debug_macro   0x0000000000017932      0x1b5 ./Core/Src/main.o
 .debug_macro   0x0000000000017ae7      0x11b ./Core/Src/main.o
 .debug_macro   0x0000000000017c02      0x1d5 ./Core/Src/main.o
 .debug_macro   0x0000000000017dd7      0x1bc ./Core/Src/main.o
 .debug_macro   0x0000000000017f93       0x34 ./Core/Src/main.o
 .debug_macro   0x0000000000017fc7       0x3c ./Core/Src/main.o
 .debug_macro   0x0000000000018003       0x57 ./Core/Src/main.o
 .debug_macro   0x000000000001805a       0xc5 ./Core/Src/main.o
 .debug_macro   0x000000000001811f      0x19f ./Core/Src/main.o
 .debug_macro   0x00000000000182be      0x22c ./Core/Src/main.o
 .debug_macro   0x00000000000184ea       0x5b ./Core/Src/main.o
 .debug_macro   0x0000000000018545       0xa5 ./Core/Src/main.o