Archive member included to satisfy reference by file (symbol)

/opt/st/stm32cubeide_1.12.1/plugins/com.st.stm32cube.ide.mcu.externaltools.gnu-tools-for-stm32.10.3-2021.10.linux64_1.0.200.202301161003/tools/bin/../lib/gcc/arm-none-eabi/10.3.1/../../../../arm-none-eabi/lib/thumb/v7e-m+dp/hard/libstdc++_nano.a(pure.o)
                              ./Core/Src/main.o (__cxa_pure_virtual)
/opt/st/stm32cubeide_1.12.1/plugins/com.st.stm32cube.ide.mcu.externaltools.gnu-tools-for-stm32.10.3-2021.10.linux64_1.0.200.202301161003/tools/bin/../lib/gcc/arm-none-eabi/10.3.1/../../../../arm-none-eabi/lib/thumb/v7e-m+dp/hard/libstdc++_nano.a(eh_terminate.o)
                              /opt/st/stm32cubeide_1.12.1/plugins/com.st.stm32cube.ide.mcu.externaltools.gnu-tools-for-stm32.10.3-2021.10.linux64_1.0.200.202301161003/tools/bin/../lib/gcc/arm-none-eabi/10.3.1/../../../../arm-none-eabi/lib/thumb/v7e-m+dp/hard/libstdc++_nano.a(pure.o) (std::terminate())
/opt/st/stm32cubeide_1.12.1/plugins/com.st.stm32cube.ide.mcu.externaltools.gnu-tools-for-stm32.10.3-2021.10.linux64_1.0.200.202301161003/tools/bin/../lib/gcc/arm-none-eabi/10.3.1/../../../../arm-none-eabi/lib/thumb/v7e-m+dp/hard/libstdc++_nano.a(eh_unex_handler.o)
                              /opt/st/stm32cubeide_1.12.1/plugins/com.st.stm32cube.ide.mcu.externaltools.gnu-tools-for-stm32.10.3-2021.10.linux64_1.0.200.202301161003/tools/bin/../lib/gcc/arm-none-eabi/10.3.1/../../../../arm-none-eabi/lib/thumb/v7e-m+dp/hard/libstdc++_nano.a(eh_terminate.o) (__cxxabiv1::__unexpected_handler)
/opt/st/stm32cubeide_1.12.1/plugins/com.st.stm32cube.ide.mcu.externaltools.gnu-tools-for-stm32.10.3-2021.10.linux64_1.0.200.202301161003/tools/bin/../lib/gcc/arm-none-eabi/10.3.1/../../../../arm-none-eabi/lib/thumb/v7e-m+dp/hard/libstdc++_nano.a(eh_term_handler.o)
                              /opt/st/stm32cubeide_1.12.1/plugins/com.st.stm32cube.ide.mcu.externaltools.gnu-tools-for-stm32.10.3-2021.10.linux64_1.0.200.202301161003/tools/bin/../lib/gcc/arm-none-eabi/10.3.1/../../../../arm-none-eabi/lib/thumb/v7e-m+dp/hard/libstdc++_nano.a(eh_terminate.o) (__cxxabiv1::__terminate_handler)
/opt/st/stm32cubeide_1.12.1/plugins/com.st.stm32cube.ide.mcu.externaltools.gnu-tools-for-stm32.10.3-2021.10.linux64_1.0.200.202301161003/tools/bin/../lib/gcc/arm-none-eabi/10.3.1/../../../../arm-none-eabi/lib/thumb/v7e-m+dp/hard/libc_nano.a(lib_a-abort.o)
                              /opt/st/stm32cubeide_1.12.1/plugins/com.st.stm32cube.ide.mcu.externaltools.gnu-tools-for-stm32.10.3-2021.10.linux64_1.0.200.202301161003/tools/bin/../lib/gcc/arm-none-eabi/10.3.1/../../../../arm-none-eabi/lib/thumb/v7e-m+dp/hard/libstdc++_nano.a(eh_terminate.o) (abort)
/opt/st/stm32cubeide_1.12.1/plugins/com.st.stm32cube.ide.mcu.externaltools.gnu-tools-for-stm32.10.3-2021.10.linux64_1.0.200.202301161003/tools/bin/../lib/gcc/arm-none-eabi/10.3.1/../../../../arm-none-eabi/lib/thumb/v7e-m+dp/hard/libc_nano.a(lib_a-errno.o)
                              ./Core/Src/syscalls.o (__errno)
/opt/st/stm32cubeide_1.12.1/plugins/com.st.stm32cube.ide.mcu.externaltools.gnu-tools-for-stm32.10.3-2021.10.linux64_1.0.200.202301161003/tools/bin/../lib/gcc/arm-none-eabi/10.3.1/../../../../arm-none-eabi/lib/thumb/v7e-m+dp/hard/libc_nano.a(lib_a-exit.o)
                              /opt/st/stm32cubeide_1.12.1/plugins/com.st.stm32cube.ide.mcu.externaltools.gnu-tools-for-stm32.10.3-2021.10.linux64_1.0.200.202301161003/tools/bin/../lib/gcc/arm-none-eabi/10.3.1/../../../../arm-none-eabi/lib/thumb/v7e-m+dp/hard/crt0.o (exit)
/opt/st/stm32cubeide_1.12.1/plugins/com.st.stm32cube.ide.mcu.externaltools.gnu-tools-for-stm32.10.3-2021.10.linux64_1.0.200.202301161003/tools/bin/../lib/gcc/arm-none-eabi/10.3.1/../../../../arm-none-eabi/lib/thumb/v7e-m+dp/hard/libc_nano.a(lib_a-impure.o)
                              /opt/st/stm32cubeide_1.12.1/plugins/com.st.stm32cube.ide.mcu.externaltools.gnu-tools-for-stm32.10.3-2021.10.linux64_1.0.200.202301161003/tools/bin/../lib/gcc/arm-none-eabi/10.3.1/../../../../arm-none-eabi/lib/thumb/v7e-m+dp/hard/libc_nano.a(lib_a-exit.o) (_global_impure_ptr)
/opt/st/stm32cubeide_1.12.1/plugins/com.st.stm32cube.ide.mcu.externaltools.gnu-tools-for-stm32.10.3-2021.10.linux64_1.0.200.202301161003/tools/bin/../lib/gcc/arm-none-eabi/10.3.1/../../../../arm-none-eabi/lib/thumb/v7e-m+dp/hard/libc_nano.a(lib_a-init.o)
                              /opt/st/stm32cubeide_1.12.1/plugins/com.st.stm32cube.ide.mcu.externaltools.gnu-tools-for-stm32.10.3-2021.10.linux64_1.0.200.202301161003/tools/bin/../lib/gcc/arm-none-eabi/10.3.1/../../../../arm-none-eabi/lib/thumb/v7e-m+dp/hard/crt0.o (__libc_init_array)
/opt/st/stm32cubeide_1.12.1/plugins/com.st.stm32cube.ide.mcu.externaltools.gnu-tools-for-stm32.10.3-2021.10.linux64_1.0.200.202301161003/tools/bin/../lib/gcc/arm-none-eabi/10.3.1/../../../../arm-none-eabi/lib/thumb/v7e-m+dp/hard/libc_nano.a(lib_a-memcpy-stub.o)
                              ./Core/Src/emulator.o (memcpy)
[...]
Memory Configuration

Name             Origin             Length             Attributes
RAM_D1           0x0000000024000000 0x0000000000080000 xrw
FLASH            0x0000000008000000 0x0000000000100000 xr
DTCMRAM          0x0000000020000000 0x0000000000020000 xrw
RAM_D2           0x0000000030000000 0x0000000000048000 xrw
RAM_D3           0x0000000038000000 0x0000000000010000 xrw
ITCMRAM          0x0000000000000000 0x0000000000010000 xrw
*default*        0x0000000000000000 0xffffffffffffffff

Linker script and memory map

LOAD /opt/st/stm32cubeide_1.12.1/plugins/com.st.stm32cube.ide.mcu.externaltools.gnu-tools-for-stm32.10.3-2021.10.linux64_1.0.200.202301161003/tools/bin/../lib/gcc/arm-none-eabi/10.3.1/thumb/v7e-m+dp/hard/crti.o
LOAD /opt/st/stm32cubeide_1.12.1/plugins/com.st.stm32cube.ide.mcu.externaltools.gnu-tools-for-stm32.10.3-2021.10.linux64_1.0.200.202301161003/tools/bin/../lib/gcc/arm-none-eabi/10.3.1/thumb/v7e-m+dp/hard/crtbegin.o
LOAD /opt/st/stm32cubeide_1.12.1/plugins/com.st.stm32cube.ide.mcu.externaltools.gnu-tools-for-stm32.10.3-2021.10.linux64_1.0.200.202301161003/tools/bin/../lib/gcc/arm-none-eabi/10.3.1/../../../../arm-none-eabi/lib/thumb/v7e-m+dp/hard/crt0.o
LOAD ./Common/Src/system_stm32h7xx_dualcore_boot_cm4_cm7.o
LOAD ./Core/Src/emulator.o
LOAD ./Core/Src/gpio_impl.o
LOAD ./Core/Src/interrupt_callback.o
LOAD ./Core/Src/main.o
LOAD ./Core/Src/serial_impl.o
LOAD ./Core/Src/stm32h7xx_hal_msp.o
LOAD ./Core/Src/stm32h7xx_it.o
LOAD ./Core/Src/syscalls.o
LOAD ./Core/Src/sysmem.o
LOAD ./Core/Src/time_impl.o
LOAD ./Core/Startup/startup_stm32h755zitx.o
LOAD ./Drivers/STM32H7xx_HAL_Driver/stm32h7xx_hal.o
LOAD ./Drivers/STM32H7xx_HAL_Driver/stm32h7xx_hal_cortex.o
LOAD ./Drivers/STM32H7xx_HAL_Driver/stm32h7xx_hal_dma.o
LOAD ./Drivers/STM32H7xx_HAL_Driver/stm32h7xx_hal_dma_ex.o
LOAD ./Drivers/STM32H7xx_HAL_Driver/stm32h7xx_hal_exti.o
LOAD ./Drivers/STM32H7xx_HAL_Driver/stm32h7xx_hal_flash.o
LOAD ./Drivers/STM32H7xx_HAL_Driver/stm32h7xx_hal_flash_ex.o
LOAD ./Drivers/STM32H7xx_HAL_Driver/stm32h7xx_hal_gpio.o
LOAD ./Drivers/STM32H7xx_HAL_Driver/stm32h7xx_hal_hsem.o
LOAD ./Drivers/STM32H7xx_HAL_Driver/stm32h7xx_hal_i2c.o
LOAD ./Drivers/STM32H7xx_HAL_Driver/stm32h7xx_hal_i2c_ex.o
LOAD ./Drivers/STM32H7xx_HAL_Driver/stm32h7xx_hal_mdma.o
LOAD ./Drivers/STM32H7xx_HAL_Driver/stm32h7xx_hal_pcd.o
LOAD ./Drivers/STM32H7xx_HAL_Driver/stm32h7xx_hal_pcd_ex.o
LOAD ./Drivers/STM32H7xx_HAL_Driver/stm32h7xx_hal_pwr.o
LOAD ./Drivers/STM32H7xx_HAL_Driver/stm32h7xx_hal_pwr_ex.o
LOAD ./Drivers/STM32H7xx_HAL_Driver/stm32h7xx_hal_rcc.o
LOAD ./Drivers/STM32H7xx_HAL_Driver/stm32h7xx_hal_rcc_ex.o
LOAD ./Drivers/STM32H7xx_HAL_Driver/stm32h7xx_hal_spi.o
LOAD ./Drivers/STM32H7xx_HAL_Driver/stm32h7xx_hal_spi_ex.o
LOAD ./Drivers/STM32H7xx_HAL_Driver/stm32h7xx_hal_tim.o
LOAD ./Drivers/STM32H7xx_HAL_Driver/stm32h7xx_hal_tim_ex.o
LOAD ./Drivers/STM32H7xx_HAL_Driver/stm32h7xx_hal_uart.o
LOAD ./Drivers/STM32H7xx_HAL_Driver/stm32h7xx_hal_uart_ex.o
LOAD ./Drivers/STM32H7xx_HAL_Driver/stm32h7xx_ll_usb.o
START GROUP
LOAD /opt/st/stm32cubeide_1.12.1/plugins/com.st.stm32cube.ide.mcu.externaltools.gnu-tools-for-stm32.10.3-2021.10.linux64_1.0.200.202301161003/tools/bin/../lib/gcc/arm-none-eabi/10.3.1/../../../../arm-none-eabi/lib/thumb/v7e-m+dp/hard/libstdc++_nano.a
LOAD /opt/st/stm32cubeide_1.12.1/plugins/com.st.stm32cube.ide.mcu.externaltools.gnu-tools-for-stm32.10.3-2021.10.linux64_1.0.200.202301161003/tools/bin/../lib/gcc/arm-none-eabi/10.3.1/../../../../arm-none-eabi/lib/thumb/v7e-m+dp/hard/libsupc++_nano.a
END GROUP
LOAD /opt/st/stm32cubeide_1.12.1/plugins/com.st.stm32cube.ide.mcu.externaltools.gnu-tools-for-stm32.10.3-2021.10.linux64_1.0.200.202301161003/tools/bin/../lib/gcc/arm-none-eabi/10.3.1/../../../../arm-none-eabi/lib/thumb/v7e-m+dp/hard/libstdc++_nano.a
LOAD /opt/st/stm32cubeide_1.12.1/plugins/com.st.stm32cube.ide.mcu.externaltools.gnu-tools-for-stm32.10.3-2021.10.linux64_1.0.200.202301161003/tools/bin/../lib/gcc/arm-none-eabi/10.3.1/../../../../arm-none-eabi/lib/thumb/v7e-m+dp/hard/libm.a
LOAD /opt/st/stm32cubeide_1.12.1/plugins/com.st.stm32cube.ide.mcu.externaltools.gnu-tools-for-stm32.10.3-2021.10.linux64_1.0.200.202301161003/tools/bin/../lib/gcc/arm-none-eabi/10.3.1/../../../../arm-none-eabi/lib/thumb/v7e-m+dp/hard/libc_nano.a
START GROUP
LOAD /opt/st/stm32cubeide_1.12.1/plugins/com.st.stm32cube.ide.mcu.externaltools.gnu-tools-for-stm32.10.3-2021.10.linux64_1.0.200.202301161003/tools/bin/../lib/gcc/arm-none-eabi/10.3.1/thumb/v7e-m+dp/hard/libgcc.a
LOAD /opt/st/stm32cubeide_1.12.1/plugins/com.st.stm32cube.ide.mcu.externaltools.gnu-tools-for-stm32.10.3-2021.10.linux64_1.0.200.202301161003/tools/bin/../lib/gcc/arm-none-eabi/10.3.1/../../../../arm-none-eabi/lib/thumb/v7e-m+dp/hard/libc_nano.a
END GROUP
START GROUP
LOAD /opt/st/stm32cubeide_1.12.1/plugins/com.st.stm32cube.ide.mcu.externaltools.gnu-tools-for-stm32.10.3-2021.10.linux64_1.0.200.202301161003/tools/bin/../lib/gcc/arm-none-eabi/10.3.1/thumb/v7e-m+dp/hard/libgcc.a
LOAD /opt/st/stm32cubeide_1.12.1/plugins/com.st.stm32cube.ide.mcu.externaltools.gnu-tools-for-stm32.10.3-2021.10.linux64_1.0.200.202301161003/tools/bin/../lib/gcc/arm-none-eabi/10.3.1/../../../../arm-none-eabi/lib/thumb/v7e-m+dp/hard/libc_nano.a
LOAD /opt/st/stm32cubeide_1.12.1/plugins/com.st.stm32cube.ide.mcu.externaltools.gnu-tools-for-stm32.10.3-2021.10.linux64_1.0.200.202301161003/tools/bin/../lib/gcc/arm-none-eabi/10.3.1/../../../../arm-none-eabi/lib/thumb/v7e-m+dp/hard/libnosys.a
END GROUP
START GROUP
LOAD /opt/st/stm32cubeide_1.12.1/plugins/com.st.stm32cube.ide.mcu.externaltools.gnu-tools-for-stm32.10.3-2021.10.linux64_1.0.200.202301161003/tools/bin/../lib/gcc/arm-none-eabi/10.3.1/thumb/v7e-m+dp/hard/libgcc.a
LOAD /opt/st/stm32cubeide_1.12.1/plugins/com.st.stm32cube.ide.mcu.externaltools.gnu-tools-for-stm32.10.3-2021.10.linux64_1.0.200.202301161003/tools/bin/../lib/gcc/arm-none-eabi/10.3.1/../../../../arm-none-eabi/lib/thumb/v7e-m+dp/hard/libc_nano.a
LOAD /opt/st/stm32cubeide_1.12.1/plugins/com.st.stm32cube.ide.mcu.externaltools.gnu-tools-for-stm32.10.3-2021.10.linux64_1.0.200.202301161003/tools/bin/../lib/gcc/arm-none-eabi/10.3.1/../../../../arm-none-eabi/lib/thumb/v7e-m+dp/hard/libnosys.a
END GROUP
LOAD /opt/st/stm32cubeide_1.12.1/plugins/com.st.stm32cube.ide.mcu.externaltools.gnu-tools-for-stm32.10.3-2021.10.linux64_1.0.200.202301161003/tools/bin/../lib/gcc/arm-none-eabi/10.3.1/thumb/v7e-m+dp/hard/crtend.o
LOAD /opt/st/stm32cubeide_1.12.1/plugins/com.st.stm32cube.ide.mcu.externaltools.gnu-tools-for-stm32.10.3-2021.10.linux64_1.0.200.202301161003/tools/bin/../lib/gcc/arm-none-eabi/10.3.1/thumb/v7e-m+dp/hard/crtn.o
                0x0000000024080000                _estack = (ORIGIN (RAM_D1) + LENGTH (RAM_D1))
                0x0000000000000200                _Min_Heap_Size = 0x200
                0x0000000000000400                _Min_Stack_Size = 0x400

.isr_vector     0x0000000008000000      0x298
                0x0000000008000000                . = ALIGN (0x4)
 *(.isr_vector)
 .isr_vector    0x0000000008000000      0x298 ./Core/Startup/startup_stm32h755zitx.o
                0x0000000008000000                g_pfnVectors
                0x0000000008000298                . = ALIGN (0x4)

.text           0x0000000008000298     0x73b0
                0x0000000008000298                . = ALIGN (0x4)
 *(.text)
 .text          0x0000000008000298       0x40 /opt/st/stm32cubeide_1.12.1/plugins/com.st.stm32cube.ide.mcu.externaltools.gnu-tools-for-stm32.10.3-2021.10.linux64_1.0.200.202301161003/tools/bin/../lib/gcc/arm-none-eabi/10.3.1/thumb/v7e-m+dp/hard/crtbegin.o
 .text          0x00000000080002d8       0x10 /opt/st/stm32cubeide_1.12.1/plugins/com.st.stm32cube.ide.mcu.externaltools.gnu-tools-for-stm32.10.3-2021.10.linux64_1.0.200.202301161003/tools/bin/../lib/gcc/arm-none-eabi/10.3.1/../../../../arm-none-eabi/lib/thumb/v7e-m+dp/hard/libc_nano.a(lib_a-strlen.o)
                0x00000000080002d8                strlen
 .text          0x00000000080002e8       0x30 /opt/st/stm32cubeide_1.12.1/plugins/com.st.stm32cube.ide.mcu.externaltools.gnu-tools-for-stm32.10.3-2021.10.linux64_1.0.200.202301161003/tools/bin/../lib/gcc/arm-none-eabi/10.3.1/thumb/v7e-m+dp/hard/libgcc.a(_aeabi_uldivmod.o)
                0x00000000080002e8                __aeabi_uldivmod
 .text          0x0000000008000318      0x2d0 /opt/st/stm32cubeide_1.12.1/plugins/com.st.stm32cube.ide.mcu.externaltools.gnu-tools-for-stm32.10.3-2021.10.linux64_1.0.200.202301161003/tools/bin/../lib/gcc/arm-none-eabi/10.3.1/thumb/v7e-m+dp/hard/libgcc.a(_udivmoddi4.o)
                0x0000000008000318                __udivmoddi4
 .text          0x00000000080005e8        0x4 /opt/st/stm32cubeide_1.12.1/plugins/com.st.stm32cube.ide.mcu.externaltools.gnu-tools-for-stm32.10.3-2021.10.linux64_1.0.200.202301161003/tools/bin/../lib/gcc/arm-none-eabi/10.3.1/thumb/v7e-m+dp/hard/libgcc.a(_dvmd_tls.o)
                0x00000000080005e8                __aeabi_ldiv0
                0x00000000080005e8                __aeabi_idiv0
 *(.text*)
 .text.SystemInit
                0x00000000080005ec      0x12c ./Common/Src/system_stm32h7xx_dualcore_boot_cm4_cm7.o
                0x00000000080005ec                SystemInit
 .text._ZN15binarx_emulator14BinarXEmulator3RunEv
                0x0000000008000718       0x88 ./Core/Src/emulator.o
                0x0000000008000718                binarx_emulator::BinarXEmulator::Run()
 .text._ZN15binarx_emulator14BinarXEmulator27PayloadCommunicationHandlerEv
                0x00000000080007a0      0x168 ./Core/Src/emulator.o
                0x00000000080007a0                binarx_emulator::BinarXEmulator::PayloadCommunicationHandler()
 .text._ZN15binarx_emulator14BinarXEmulator4InitEv
                0x0000000008000908       0x22 ./Core/Src/emulator.o
                0x0000000008000908                binarx_emulator::BinarXEmulator::Init()
 .text._ZN15binarx_emulator14BinarXEmulator29PayloadReadyInterruptCallbackEv
                0x000000000800092a       0x22 ./Core/Src/emulator.o
                0x000000000800092a                binarx_emulator::BinarXEmulator::PayloadReadyInterruptCallback()
 .text._ZN15binarx_emulator14BinarXEmulator19ButtonPressCallbackEv
                0x000000000800094c       0x1a ./Core/Src/emulator.o
                0x000000000800094c                binarx_emulator::BinarXEmulator::ButtonPressCallback()
 *fill*         0x0000000008000966        0x2 
 .text._ZN15binarx_emulator14BinarXEmulator12RunStartInfoEv
                0x0000000008000968       0x5c ./Core/Src/emulator.o
                0x0000000008000968                binarx_emulator::BinarXEmulator::RunStartInfo()
 .text._ZN15binarx_emulator14BinarXEmulator10RunEndInfoEv
                0x00000000080009c4       0x5c ./Core/Src/emulator.o
                0x00000000080009c4                binarx_emulator::BinarXEmulator::RunEndInfo()
 .text._ZN16binarx_gpio_impl8GpioImpl7SetHighEN21binarx_gpio_interface12GpioSelectorE
                0x0000000008000a20       0x36 ./Core/Src/gpio_impl.o
                0x0000000008000a20                binarx_gpio_impl::GpioImpl::SetHigh(binarx_gpio_interface::GpioSelector)
 .text._ZN16binarx_gpio_impl8GpioImpl6SetLowEN21binarx_gpio_interface12GpioSelectorE
                0x0000000008000a56       0x36 ./Core/Src/gpio_impl.o
                0x0000000008000a56                binarx_gpio_impl::GpioImpl::SetLow(binarx_gpio_interface::GpioSelector)
 .text._ZN16binarx_gpio_impl8GpioImpl9TogglePinEN21binarx_gpio_interface12GpioSelectorE
                0x0000000008000a8c       0x34 ./Core/Src/gpio_impl.o
                0x0000000008000a8c                binarx_gpio_impl::GpioImpl::TogglePin(binarx_gpio_interface::GpioSelector)
 .text._ZN16binarx_gpio_impl8GpioImpl16WaitForInterruptEN21binarx_gpio_interface12GpioSelectorEm
                0x0000000008000ac0       0x64 ./Core/Src/gpio_impl.o
                0x0000000008000ac0                binarx_gpio_impl::GpioImpl::WaitForInterrupt(binarx_gpio_interface::GpioSelector, unsigned long)
 .text._ZN16binarx_gpio_impl8GpioImpl6GetPinEN21binarx_gpio_interface12GpioSelectorE
                0x0000000008000b24       0x3a ./Core/Src/gpio_impl.o
                0x0000000008000b24                binarx_gpio_impl::GpioImpl::GetPin(binarx_gpio_interface::GpioSelector)
 *fill*         0x0000000008000b5e        0x2 
 .text._ZN16binarx_gpio_impl8GpioImpl7GetPortEN21binarx_gpio_interface12GpioSelectorE
                0x0000000008000b60       0x40 ./Core/Src/gpio_impl.o
                0x0000000008000b60                binarx_gpio_impl::GpioImpl::GetPort(binarx_gpio_interface::GpioSelector)
 .text._ZN15binarx_emulator14BinarXEmulatorC2ERN23binarx_serial_interface28SerialCommunicationInterfaceES3_RN21binarx_gpio_interface13GpioInterfaceERN21binarx_time_interface13TimeInterfaceE
                0x0000000008000ba0       0x40 ./Core/Src/main.o
                0x0000000008000ba0                binarx_emulator::BinarXEmulator::BinarXEmulator(binarx_serial_interface::SerialCommunicationInterface&, binarx_serial_interface::SerialCommunicationInterface&, binarx_gpio_interface::GpioInterface&, binarx_time_interface::TimeInterface&)
                0x0000000008000ba0                binarx_emulator::BinarXEmulator::BinarXEmulator(binarx_serial_interface::SerialCommunicationInterface&, binarx_serial_interface::SerialCommunicationInterface&, binarx_gpio_interface::GpioInterface&, binarx_time_interface::TimeInterface&)
 .text._ZN21binarx_gpio_interface13GpioInterfaceC2Ev
                0x0000000008000be0       0x20 ./Core/Src/main.o
                0x0000000008000be0                binarx_gpio_interface::GpioInterface::GpioInterface()
                0x0000000008000be0                binarx_gpio_interface::GpioInterface::GpioInterface()
 .text._ZN16binarx_gpio_impl8GpioImplC2Ev
                0x0000000008000c00       0x24 ./Core/Src/main.o
                0x0000000008000c00                binarx_gpio_impl::GpioImpl::GpioImpl()
                0x0000000008000c00                binarx_gpio_impl::GpioImpl::GpioImpl()
 .text._ZN23binarx_serial_interface28SerialCommunicationInterfaceC2Ev
                0x0000000008000c24       0x20 ./Core/Src/main.o
                0x0000000008000c24                binarx_serial_interface::SerialCommunicationInterface::SerialCommunicationInterface()
                0x0000000008000c24                binarx_serial_interface::SerialCommunicationInterface::SerialCommunicationInterface()
 .text._ZN18binarx_serial_impl7SpiImplC2Ev
                0x0000000008000c44       0x24 ./Core/Src/main.o
                0x0000000008000c44                binarx_serial_impl::SpiImpl::SpiImpl()
                0x0000000008000c44                binarx_serial_impl::SpiImpl::SpiImpl()
 .text._ZN18binarx_serial_impl8UartImplC2Ev
                0x0000000008000c68       0x24 ./Core/Src/main.o
                0x0000000008000c68                binarx_serial_impl::UartImpl::UartImpl()
                0x0000000008000c68                binarx_serial_impl::UartImpl::UartImpl()
 .text._ZN21binarx_time_interface13TimeInterfaceC2Ev
                0x0000000008000c8c       0x20 ./Core/Src/main.o
                0x0000000008000c8c                binarx_time_interface::TimeInterface::TimeInterface()
                0x0000000008000c8c                binarx_time_interface::TimeInterface::TimeInterface()
 .text._ZN16binarx_time_impl8TimeImplC2Ev
                0x0000000008000cac       0x24 ./Core/Src/main.o
                0x0000000008000cac                binarx_time_impl::TimeImpl::TimeImpl()
                0x0000000008000cac                binarx_time_impl::TimeImpl::TimeImpl()
 .text.HAL_GPIO_EXTI_Callback
                0x0000000008000cd0       0x34 ./Core/Src/main.o
                0x0000000008000cd0                HAL_GPIO_EXTI_Callback
 .text.main     0x0000000008000d04       0x60 ./Core/Src/main.o
                0x0000000008000d04                main
 .text._Z18SystemClock_Configv
                0x0000000008000d64      0x11c ./Core/Src/main.o
                0x0000000008000d64                SystemClock_Config()
 .text._ZL12MX_SPI1_Initv
                0x0000000008000e80       0xb8 ./Core/Src/main.o
 .text._ZL19MX_USART3_UART_Initv
                0x0000000008000f38       0xc0 ./Core/Src/main.o
 .text._ZL22MX_USB_OTG_FS_PCD_Initv
                0x0000000008000ff8       0x6c ./Core/Src/main.o
 .text._ZL12MX_GPIO_Initv
                0x0000000008001064      0x18c ./Core/Src/main.o
 .text.Error_Handler
                0x00000000080011f0        0xa ./Core/Src/main.o
                0x00000000080011f0                Error_Handler
 *fill*         0x00000000080011fa        0x2 
 .text._Z41__static_initialization_and_destruction_0ii
                0x00000000080011fc       0x60 ./Core/Src/main.o
 .text._GLOBAL__sub_I_hspi1
                0x000000000800125c       0x10 ./Core/Src/main.o
 .text._ZN18binarx_serial_impl7SpiImpl8TransmitEPhtm
                0x000000000800126c       0x38 ./Core/Src/serial_impl.o
                0x000000000800126c                binarx_serial_impl::SpiImpl::Transmit(unsigned char*, unsigned short, unsigned long)
 .text._ZN18binarx_serial_impl7SpiImpl7ReceiveEPhtm
                0x00000000080012a4       0x38 ./Core/Src/serial_impl.o
                0x00000000080012a4                binarx_serial_impl::SpiImpl::Receive(unsigned char*, unsigned short, unsigned long)
 .text._ZN18binarx_serial_impl8UartImpl8TransmitEPhtm
                0x00000000080012dc       0x38 ./Core/Src/serial_impl.o
                0x00000000080012dc                binarx_serial_impl::UartImpl::Transmit(unsigned char*, unsigned short, unsigned long)
 .text._ZN18binarx_serial_impl8UartImpl7ReceiveEPhtm
                0x0000000008001314       0x38 ./Core/Src/serial_impl.o
                0x0000000008001314                binarx_serial_impl::UartImpl::Receive(unsigned char*, unsigned short, unsigned long)
 .text._ZN18binarx_serial_impl18SerialErrorHandlerE17HAL_StatusTypeDef
                0x000000000800134c       0x48 ./Core/Src/serial_impl.o
                0x000000000800134c                binarx_serial_impl::SerialErrorHandler(HAL_StatusTypeDef)
 .text.HAL_MspInit
                0x0000000008001394       0x34 ./Core/Src/stm32h7xx_hal_msp.o
                0x0000000008001394                HAL_MspInit
 .text.HAL_SPI_MspInit
                0x00000000080013c8       0xd0 ./Core/Src/stm32h7xx_hal_msp.o
                0x00000000080013c8                HAL_SPI_MspInit
 .text.HAL_UART_MspInit
                0x0000000008001498       0xd4 ./Core/Src/stm32h7xx_hal_msp.o
                0x0000000008001498                HAL_UART_MspInit
 .text.HAL_PCD_MspInit
                0x000000000800156c       0xf8 ./Core/Src/stm32h7xx_hal_msp.o
                0x000000000800156c                HAL_PCD_MspInit
 .text.NMI_Handler
                0x0000000008001664        0x6 ./Core/Src/stm32h7xx_it.o
                0x0000000008001664                NMI_Handler
 .text.HardFault_Handler
                0x000000000800166a        0x6 ./Core/Src/stm32h7xx_it.o
                0x000000000800166a                HardFault_Handler
 .text.MemManage_Handler
                0x0000000008001670        0x6 ./Core/Src/stm32h7xx_it.o
                0x0000000008001670                MemManage_Handler
 .text.BusFault_Handler
                0x0000000008001676        0x6 ./Core/Src/stm32h7xx_it.o
                0x0000000008001676                BusFault_Handler
 .text.UsageFault_Handler
                0x000000000800167c        0x6 ./Core/Src/stm32h7xx_it.o
                0x000000000800167c                UsageFault_Handler
 .text.SVC_Handler
                0x0000000008001682        0xe ./Core/Src/stm32h7xx_it.o
                0x0000000008001682                SVC_Handler
 .text.DebugMon_Handler
                0x0000000008001690        0xe ./Core/Src/stm32h7xx_it.o
                0x0000000008001690                DebugMon_Handler
 .text.PendSV_Handler
                0x000000000800169e        0xe ./Core/Src/stm32h7xx_it.o
                0x000000000800169e                PendSV_Handler
 .text.SysTick_Handler
                0x00000000080016ac        0xc ./Core/Src/stm32h7xx_it.o
                0x00000000080016ac                SysTick_Handler
 .text.EXTI4_IRQHandler
                0x00000000080016b8        0xe ./Core/Src/stm32h7xx_it.o
                0x00000000080016b8                EXTI4_IRQHandler
 .text.EXTI15_10_IRQHandler
                0x00000000080016c6       0x10 ./Core/Src/stm32h7xx_it.o
                0x00000000080016c6                EXTI15_10_IRQHandler
 .text._getpid  0x00000000080016d6       0x10 ./Core/Src/syscalls.o
                0x00000000080016d6                _getpid
 .text._kill    0x00000000080016e6       0x20 ./Core/Src/syscalls.o
                0x00000000080016e6                _kill
 .text._exit    0x0000000008001706       0x14 ./Core/Src/syscalls.o
                0x0000000008001706                _exit
 .text._ZN16binarx_time_impl8TimeImpl5DelayEm
                0x000000000800171a       0x18 ./Core/Src/time_impl.o
                0x000000000800171a                binarx_time_impl::TimeImpl::Delay(unsigned long)
 .text._ZN16binarx_time_impl8TimeImpl8GetTicksEv
                0x0000000008001732       0x16 ./Core/Src/time_impl.o
                0x0000000008001732                binarx_time_impl::TimeImpl::GetTicks()
 .text.Reset_Handler
                0x0000000008001748       0x50 ./Core/Startup/startup_stm32h755zitx.o
                0x0000000008001748                Reset_Handler
 .text.Default_Handler
                0x0000000008001798        0x2 ./Core/Startup/startup_stm32h755zitx.o
                0x0000000008001798                RTC_Alarm_IRQHandler
                0x0000000008001798                HASH_RNG_IRQHandler
                0x0000000008001798                EXTI2_IRQHandler
                0x0000000008001798                TIM8_CC_IRQHandler
                0x0000000008001798                HRTIM1_Master_IRQHandler
                0x0000000008001798                UART8_IRQHandler
                0x0000000008001798                SPI4_IRQHandler
                0x0000000008001798                TIM1_CC_IRQHandler
                0x0000000008001798                BDMA_Channel6_IRQHandler
                0x0000000008001798                DMA2_Stream5_IRQHandler
                0x0000000008001798                HRTIM1_FLT_IRQHandler
                0x0000000008001798                JPEG_IRQHandler
                0x0000000008001798                DMA1_Stream5_IRQHandler
                0x0000000008001798                BDMA_Channel1_IRQHandler
                0x0000000008001798                HRTIM1_TIMD_IRQHandler
                0x0000000008001798                TAMP_STAMP_IRQHandler
                0x0000000008001798                EXTI3_IRQHandler
                0x0000000008001798                LPTIM4_IRQHandler
                0x0000000008001798                TIM8_TRG_COM_TIM14_IRQHandler
                0x0000000008001798                LPTIM2_IRQHandler
                0x0000000008001798                DFSDM1_FLT1_IRQHandler
                0x0000000008001798                DMAMUX2_OVR_IRQHandler
                0x0000000008001798                TIM8_UP_TIM13_IRQHandler
                0x0000000008001798                I2C3_ER_IRQHandler
                0x0000000008001798                DFSDM1_FLT2_IRQHandler
                0x0000000008001798                MDMA_IRQHandler
                0x0000000008001798                LPTIM3_IRQHandler
                0x0000000008001798                HSEM1_IRQHandler
                0x0000000008001798                EXTI0_IRQHandler
                0x0000000008001798                I2C2_EV_IRQHandler
                0x0000000008001798                DMA1_Stream2_IRQHandler
                0x0000000008001798                FPU_IRQHandler
                0x0000000008001798                OTG_HS_WKUP_IRQHandler
                0x0000000008001798                FDCAN1_IT1_IRQHandler
                0x0000000008001798                LTDC_ER_IRQHandler
                0x0000000008001798                DMA2_Stream2_IRQHandler
                0x0000000008001798                HRTIM1_TIME_IRQHandler
                0x0000000008001798                SPI1_IRQHandler
                0x0000000008001798                TIM6_DAC_IRQHandler
                0x0000000008001798                DCMI_IRQHandler
                0x0000000008001798                HRTIM1_TIMC_IRQHandler
                0x0000000008001798                DMA2_Stream3_IRQHandler
                0x0000000008001798                SAI2_IRQHandler
                0x0000000008001798                DFSDM1_FLT3_IRQHandler
                0x0000000008001798                USART6_IRQHandler
                0x0000000008001798                TIM17_IRQHandler
                0x0000000008001798                USART3_IRQHandler
                0x0000000008001798                BDMA_Channel7_IRQHandler
                0x0000000008001798                CRYP_IRQHandler
                0x0000000008001798                LPTIM5_IRQHandler
                0x0000000008001798                UART5_IRQHandler
                0x0000000008001798                ADC3_IRQHandler
                0x0000000008001798                DMA2_Stream0_IRQHandler
                0x0000000008001798                TIM4_IRQHandler
                0x0000000008001798                BDMA_Channel2_IRQHandler
                0x0000000008001798                QUADSPI_IRQHandler
                0x0000000008001798                I2C1_EV_IRQHandler
                0x0000000008001798                DMA1_Stream6_IRQHandler
                0x0000000008001798                DMAMUX1_OVR_IRQHandler
                0x0000000008001798                DMA1_Stream1_IRQHandler
                0x0000000008001798                TIM16_IRQHandler
                0x0000000008001798                UART4_IRQHandler
                0x0000000008001798                BDMA_Channel5_IRQHandler
                0x0000000008001798                TIM3_IRQHandler
                0x0000000008001798                RCC_IRQHandler
                0x0000000008001798                TIM8_BRK_TIM12_IRQHandler
                0x0000000008001798                TIM1_TRG_COM_IRQHandler
                0x0000000008001798                Default_Handler
                0x0000000008001798                ECC_IRQHandler
                0x0000000008001798                CEC_IRQHandler
                0x0000000008001798                BDMA_Channel0_IRQHandler
                0x0000000008001798                ADC_IRQHandler
                0x0000000008001798                DMA1_Stream7_IRQHandler
                0x0000000008001798                HRTIM1_TIMA_IRQHandler
                0x0000000008001798                SPI5_IRQHandler
                0x0000000008001798                TIM7_IRQHandler
                0x0000000008001798                SDMMC1_IRQHandler
                0x0000000008001798                TIM5_IRQHandler
                0x0000000008001798                DMA2_Stream7_IRQHandler
                0x0000000008001798                TIM15_IRQHandler
                0x0000000008001798                PVD_AVD_IRQHandler
                0x0000000008001798                I2C3_EV_IRQHandler
                0x0000000008001798                EXTI9_5_IRQHandler
                0x0000000008001798                RTC_WKUP_IRQHandler
                0x0000000008001798                LTDC_IRQHandler
                0x0000000008001798                SAI3_IRQHandler
                0x0000000008001798                ETH_WKUP_IRQHandler
                0x0000000008001798                SPDIF_RX_IRQHandler
                0x0000000008001798                SPI2_IRQHandler
                0x0000000008001798                OTG_HS_EP1_IN_IRQHandler
                0x0000000008001798                DMA1_Stream0_IRQHandler
                0x0000000008001798                CRS_IRQHandler
                0x0000000008001798                CM7_SEV_IRQHandler
                0x0000000008001798                CM4_SEV_IRQHandler
                0x0000000008001798                HRTIM1_TIMB_IRQHandler
                0x0000000008001798                FDCAN2_IT1_IRQHandler
                0x0000000008001798                ETH_IRQHandler
                0x0000000008001798                TIM1_UP_IRQHandler
                0x0000000008001798                WWDG_RST_IRQHandler
                0x0000000008001798                BDMA_Channel4_IRQHandler
                0x0000000008001798                OTG_HS_EP1_OUT_IRQHandler
                0x0000000008001798                WWDG_IRQHandler
                0x0000000008001798                SPI6_IRQHandler
                0x0000000008001798                MDIOS_IRQHandler
                0x0000000008001798                I2C4_EV_IRQHandler
                0x0000000008001798                FDCAN2_IT0_IRQHandler
                0x0000000008001798                LPUART1_IRQHandler
                0x0000000008001798                FDCAN1_IT0_IRQHandler
                0x0000000008001798                TIM2_IRQHandler
                0x0000000008001798                OTG_FS_WKUP_IRQHandler
                0x0000000008001798                OTG_HS_IRQHandler
                0x0000000008001798                HSEM2_IRQHandler
                0x0000000008001798                DMA2D_IRQHandler
                0x0000000008001798                TIM1_BRK_IRQHandler
                0x0000000008001798                EXTI1_IRQHandler
                0x0000000008001798                SDMMC2_IRQHandler
                0x0000000008001798                OTG_FS_EP1_OUT_IRQHandler
                0x0000000008001798                BDMA_Channel3_IRQHandler
                0x0000000008001798                HOLD_CORE_IRQHandler
                0x0000000008001798                UART7_IRQHandler
                0x0000000008001798                MDIOS_WKUP_IRQHandler
                0x0000000008001798                USART2_IRQHandler
                0x0000000008001798                DFSDM1_FLT0_IRQHandler
                0x0000000008001798                SAI4_IRQHandler
                0x0000000008001798                I2C2_ER_IRQHandler
                0x0000000008001798                DMA2_Stream1_IRQHandler
                0x0000000008001798                FLASH_IRQHandler
                0x0000000008001798                DMA2_Stream4_IRQHandler
                0x0000000008001798                USART1_IRQHandler
                0x0000000008001798                OTG_FS_IRQHandler
                0x0000000008001798                SPI3_IRQHandler
                0x0000000008001798                WAKEUP_PIN_IRQHandler
                0x0000000008001798                DMA1_Stream4_IRQHandler
                0x0000000008001798                OTG_FS_EP1_IN_IRQHandler
                0x0000000008001798                I2C1_ER_IRQHandler
                0x0000000008001798                FMC_IRQHandler
                0x0000000008001798                FDCAN_CAL_IRQHandler
                0x0000000008001798                SWPMI1_IRQHandler
                0x0000000008001798                COMP1_IRQHandler
                0x0000000008001798                LPTIM1_IRQHandler
                0x0000000008001798                I2C4_ER_IRQHandler
                0x0000000008001798                DMA2_Stream6_IRQHandler
                0x0000000008001798                SAI1_IRQHandler
                0x0000000008001798                DMA1_Stream3_IRQHandler
 *fill*         0x000000000800179a        0x2 
 .text.HAL_Init
                0x000000000800179c       0x78 ./Drivers/STM32H7xx_HAL_Driver/stm32h7xx_hal.o
                0x000000000800179c                HAL_Init
 .text.HAL_InitTick
                0x0000000008001814       0x6c ./Drivers/STM32H7xx_HAL_Driver/stm32h7xx_hal.o
                0x0000000008001814                HAL_InitTick
 .text.HAL_IncTick
                0x0000000008001880       0x28 ./Drivers/STM32H7xx_HAL_Driver/stm32h7xx_hal.o
                0x0000000008001880                HAL_IncTick
 .text.HAL_GetTick
                0x00000000080018a8       0x18 ./Drivers/STM32H7xx_HAL_Driver/stm32h7xx_hal.o
                0x00000000080018a8                HAL_GetTick
 .text.HAL_Delay
                0x00000000080018c0       0x48 ./Drivers/STM32H7xx_HAL_Driver/stm32h7xx_hal.o
                0x00000000080018c0                HAL_Delay
 .text.HAL_GetREVID
                0x0000000008001908       0x18 ./Drivers/STM32H7xx_HAL_Driver/stm32h7xx_hal.o
                0x0000000008001908                HAL_GetREVID
 .text.__NVIC_SetPriorityGrouping
                0x0000000008001920       0x48 ./Drivers/STM32H7xx_HAL_Driver/stm32h7xx_hal_cortex.o
 .text.__NVIC_GetPriorityGrouping
                0x0000000008001968       0x1c ./Drivers/STM32H7xx_HAL_Driver/stm32h7xx_hal_cortex.o
 .text.__NVIC_EnableIRQ
                0x0000000008001984       0x3c ./Drivers/STM32H7xx_HAL_Driver/stm32h7xx_hal_cortex.o
 .text.__NVIC_SetPriority
                0x00000000080019c0       0x54 ./Drivers/STM32H7xx_HAL_Driver/stm32h7xx_hal_cortex.o
 .text.NVIC_EncodePriority
                0x0000000008001a14       0x66 ./Drivers/STM32H7xx_HAL_Driver/stm32h7xx_hal_cortex.o
 *fill*         0x0000000008001a7a        0x2 
 .text.SysTick_Config
                0x0000000008001a7c       0x44 ./Drivers/STM32H7xx_HAL_Driver/stm32h7xx_hal_cortex.o
 .text.HAL_NVIC_SetPriorityGrouping
                0x0000000008001ac0       0x16 ./Drivers/STM32H7xx_HAL_Driver/stm32h7xx_hal_cortex.o
                0x0000000008001ac0                HAL_NVIC_SetPriorityGrouping
 .text.HAL_NVIC_SetPriority
                0x0000000008001ad6       0x34 ./Drivers/STM32H7xx_HAL_Driver/stm32h7xx_hal_cortex.o
                0x0000000008001ad6                HAL_NVIC_SetPriority
 .text.HAL_NVIC_EnableIRQ
                0x0000000008001b0a       0x1c ./Drivers/STM32H7xx_HAL_Driver/stm32h7xx_hal_cortex.o
                0x0000000008001b0a                HAL_NVIC_EnableIRQ
 .text.HAL_SYSTICK_Config
                0x0000000008001b26       0x18 ./Drivers/STM32H7xx_HAL_Driver/stm32h7xx_hal_cortex.o
                0x0000000008001b26                HAL_SYSTICK_Config
 *fill*         0x0000000008001b3e        0x2 
 .text.HAL_GPIO_Init
                0x0000000008001b40      0x360 ./Drivers/STM32H7xx_HAL_Driver/stm32h7xx_hal_gpio.o
                0x0000000008001b40                HAL_GPIO_Init
 .text.HAL_GPIO_ReadPin
                0x0000000008001ea0       0x30 ./Drivers/STM32H7xx_HAL_Driver/stm32h7xx_hal_gpio.o
                0x0000000008001ea0                HAL_GPIO_ReadPin
 .text.HAL_GPIO_WritePin
                0x0000000008001ed0       0x32 ./Drivers/STM32H7xx_HAL_Driver/stm32h7xx_hal_gpio.o
                0x0000000008001ed0                HAL_GPIO_WritePin
 .text.HAL_GPIO_TogglePin
                0x0000000008001f02       0x34 ./Drivers/STM32H7xx_HAL_Driver/stm32h7xx_hal_gpio.o
                0x0000000008001f02                HAL_GPIO_TogglePin
 .text.HAL_GPIO_EXTI_IRQHandler
                0x0000000008001f36       0x34 ./Drivers/STM32H7xx_HAL_Driver/stm32h7xx_hal_gpio.o
                0x0000000008001f36                HAL_GPIO_EXTI_IRQHandler
 *fill*         0x0000000008001f6a        0x2 
 .text.HAL_HSEM_FastTake
                0x0000000008001f6c       0x34 ./Drivers/STM32H7xx_HAL_Driver/stm32h7xx_hal_hsem.o
                0x0000000008001f6c                HAL_HSEM_FastTake
 .text.HAL_HSEM_Release
                0x0000000008001fa0       0x28 ./Drivers/STM32H7xx_HAL_Driver/stm32h7xx_hal_hsem.o
                0x0000000008001fa0                HAL_HSEM_Release
 .text.HAL_PCD_Init
                0x0000000008001fc8      0x248 ./Drivers/STM32H7xx_HAL_Driver/stm32h7xx_hal_pcd.o
                0x0000000008001fc8                HAL_PCD_Init
 .text.HAL_PCDEx_ActivateLPM
                0x0000000008002210       0x48 ./Drivers/STM32H7xx_HAL_Driver/stm32h7xx_hal_pcd_ex.o
                0x0000000008002210                HAL_PCDEx_ActivateLPM
 .text.HAL_PWREx_ConfigSupply
                0x0000000008002258       0xb4 ./Drivers/STM32H7xx_HAL_Driver/stm32h7xx_hal_pwr_ex.o
                0x0000000008002258                HAL_PWREx_ConfigSupply
 .text.HAL_PWREx_EnableUSBVoltageDetector
                0x000000000800230c       0x20 ./Drivers/STM32H7xx_HAL_Driver/stm32h7xx_hal_pwr_ex.o
                0x000000000800230c                HAL_PWREx_EnableUSBVoltageDetector
 .text.HAL_RCC_OscConfig
                0x000000000800232c      0x8b4 ./Drivers/STM32H7xx_HAL_Driver/stm32h7xx_hal_rcc.o
                0x000000000800232c                HAL_RCC_OscConfig
 .text.HAL_RCC_ClockConfig
                0x0000000008002be0      0x36c ./Drivers/STM32H7xx_HAL_Driver/stm32h7xx_hal_rcc.o
                0x0000000008002be0                HAL_RCC_ClockConfig
 .text.HAL_RCC_GetSysClockFreq
                0x0000000008002f4c      0x2f4 ./Drivers/STM32H7xx_HAL_Driver/stm32h7xx_hal_rcc.o
                0x0000000008002f4c                HAL_RCC_GetSysClockFreq
 .text.HAL_RCC_GetHCLKFreq
                0x0000000008003240       0x60 ./Drivers/STM32H7xx_HAL_Driver/stm32h7xx_hal_rcc.o
                0x0000000008003240                HAL_RCC_GetHCLKFreq
 .text.HAL_RCC_GetPCLK1Freq
                0x00000000080032a0       0x2c ./Drivers/STM32H7xx_HAL_Driver/stm32h7xx_hal_rcc.o
                0x00000000080032a0                HAL_RCC_GetPCLK1Freq
 .text.HAL_RCC_GetPCLK2Freq
                0x00000000080032cc       0x2c ./Drivers/STM32H7xx_HAL_Driver/stm32h7xx_hal_rcc.o
                0x00000000080032cc                HAL_RCC_GetPCLK2Freq
 .text.HAL_RCCEx_PeriphCLKConfig
                0x00000000080032f8     0x1414 ./Drivers/STM32H7xx_HAL_Driver/stm32h7xx_hal_rcc_ex.o
                0x00000000080032f8                HAL_RCCEx_PeriphCLKConfig
 .text.HAL_RCCEx_GetD3PCLK1Freq
                0x000000000800470c       0x2c ./Drivers/STM32H7xx_HAL_Driver/stm32h7xx_hal_rcc_ex.o
                0x000000000800470c                HAL_RCCEx_GetD3PCLK1Freq
 .text.HAL_RCCEx_GetPLL2ClockFreq
                0x0000000008004738      0x2a8 ./Drivers/STM32H7xx_HAL_Driver/stm32h7xx_hal_rcc_ex.o
                0x0000000008004738                HAL_RCCEx_GetPLL2ClockFreq
 .text.HAL_RCCEx_GetPLL3ClockFreq
                0x00000000080049e0      0x2a8 ./Drivers/STM32H7xx_HAL_Driver/stm32h7xx_hal_rcc_ex.o
                0x00000000080049e0                HAL_RCCEx_GetPLL3ClockFreq
 .text.RCCEx_PLL2_Config
                0x0000000008004c88      0x164 ./Drivers/STM32H7xx_HAL_Driver/stm32h7xx_hal_rcc_ex.o
 .text.RCCEx_PLL3_Config
                0x0000000008004dec      0x164 ./Drivers/STM32H7xx_HAL_Driver/stm32h7xx_hal_rcc_ex.o
 .text.HAL_SPI_Init
                0x0000000008004f50      0x248 ./Drivers/STM32H7xx_HAL_Driver/stm32h7xx_hal_spi.o
                0x0000000008004f50                HAL_SPI_Init
 .text.HAL_SPI_Transmit
                0x0000000008005198      0x3f8 ./Drivers/STM32H7xx_HAL_Driver/stm32h7xx_hal_spi.o
                0x0000000008005198                HAL_SPI_Transmit
 .text.HAL_SPI_Receive
                0x0000000008005590      0x320 ./Drivers/STM32H7xx_HAL_Driver/stm32h7xx_hal_spi.o
                0x0000000008005590                HAL_SPI_Receive
 .text.SPI_CloseTransfer
                0x00000000080058b0      0x140 ./Drivers/STM32H7xx_HAL_Driver/stm32h7xx_hal_spi.o
 .text.SPI_WaitOnFlagUntilTimeout
                0x00000000080059f0       0x5c ./Drivers/STM32H7xx_HAL_Driver/stm32h7xx_hal_spi.o
 .text.SPI_GetPacketSize
                0x0000000008005a4c       0x36 ./Drivers/STM32H7xx_HAL_Driver/stm32h7xx_hal_spi.o
 .text.HAL_UART_Init
                0x0000000008005a82       0xa0 ./Drivers/STM32H7xx_HAL_Driver/stm32h7xx_hal_uart.o
                0x0000000008005a82                HAL_UART_Init
 .text.HAL_UART_Transmit
                0x0000000008005b22      0x11c ./Drivers/STM32H7xx_HAL_Driver/stm32h7xx_hal_uart.o
                0x0000000008005b22                HAL_UART_Transmit
 .text.HAL_UART_Receive
                0x0000000008005c3e      0x190 ./Drivers/STM32H7xx_HAL_Driver/stm32h7xx_hal_uart.o
                0x0000000008005c3e                HAL_UART_Receive
 *fill*         0x0000000008005dce        0x2 
 .text.UART_SetConfig
                0x0000000008005dd0      0xad0 ./Drivers/STM32H7xx_HAL_Driver/stm32h7xx_hal_uart.o
                0x0000000008005dd0                UART_SetConfig
 .text.UART_AdvFeatureConfig
                0x00000000080068a0      0x144 ./Drivers/STM32H7xx_HAL_Driver/stm32h7xx_hal_uart.o
                0x00000000080068a0                UART_AdvFeatureConfig
 .text.UART_CheckIdleState
                0x00000000080069e4      0x154 ./Drivers/STM32H7xx_HAL_Driver/stm32h7xx_hal_uart.o
                0x00000000080069e4                UART_CheckIdleState
 .text.UART_WaitOnFlagUntilTimeout
                0x0000000008006b38       0xce ./Drivers/STM32H7xx_HAL_Driver/stm32h7xx_hal_uart.o
                0x0000000008006b38                UART_WaitOnFlagUntilTimeout
 *fill*         0x0000000008006c06        0x2 
 .text.UART_EndRxTransfer
                0x0000000008006c08       0xcc ./Drivers/STM32H7xx_HAL_Driver/stm32h7xx_hal_uart.o
 .text.HAL_UARTEx_DisableFifoMode
                0x0000000008006cd4       0x72 ./Drivers/STM32H7xx_HAL_Driver/stm32h7xx_hal_uart_ex.o
                0x0000000008006cd4                HAL_UARTEx_DisableFifoMode
 .text.HAL_UARTEx_SetTxFifoThreshold
                0x0000000008006d46       0x7c ./Drivers/STM32H7xx_HAL_Driver/stm32h7xx_hal_uart_ex.o
                0x0000000008006d46                HAL_UARTEx_SetTxFifoThreshold
 .text.HAL_UARTEx_SetRxFifoThreshold
                0x0000000008006dc2       0x7c ./Drivers/STM32H7xx_HAL_Driver/stm32h7xx_hal_uart_ex.o
                0x0000000008006dc2                HAL_UARTEx_SetRxFifoThreshold
 *fill*         0x0000000008006e3e        0x2 
 .text.UARTEx_SetNbDataToProcess
                0x0000000008006e40       0x9c ./Drivers/STM32H7xx_HAL_Driver/stm32h7xx_hal_uart_ex.o
 .text.USB_CoreInit
                0x0000000008006edc       0xdc ./Drivers/STM32H7xx_HAL_Driver/stm32h7xx_ll_usb.o
                0x0000000008006edc                USB_CoreInit
 .text.USB_DisableGlobalInt
                0x0000000008006fb8       0x22 ./Drivers/STM32H7xx_HAL_Driver/stm32h7xx_ll_usb.o
                0x0000000008006fb8                USB_DisableGlobalInt
 .text.USB_SetCurrentMode
                0x0000000008006fda       0x98 ./Drivers/STM32H7xx_HAL_Driver/stm32h7xx_ll_usb.o
                0x0000000008006fda                USB_SetCurrentMode
 *fill*         0x0000000008007072        0x2 
 .text.USB_DevInit
                0x0000000008007074      0x2bc ./Drivers/STM32H7xx_HAL_Driver/stm32h7xx_ll_usb.o
                0x0000000008007074                USB_DevInit
 .text.USB_FlushTxFifo
                0x0000000008007330       0x68 ./Drivers/STM32H7xx_HAL_Driver/stm32h7xx_ll_usb.o
                0x0000000008007330                USB_FlushTxFifo
 .text.USB_FlushRxFifo
                0x0000000008007398       0x60 ./Drivers/STM32H7xx_HAL_Driver/stm32h7xx_ll_usb.o
                0x0000000008007398                USB_FlushRxFifo
 .text.USB_SetDevSpeed
                0x00000000080073f8       0x32 ./Drivers/STM32H7xx_HAL_Driver/stm32h7xx_ll_usb.o
                0x00000000080073f8                USB_SetDevSpeed
 .text.USB_DevDisconnect
                0x000000000800742a       0x42 ./Drivers/STM32H7xx_HAL_Driver/stm32h7xx_ll_usb.o
                0x000000000800742a                USB_DevDisconnect
 .text.USB_GetMode
                0x000000000800746c       0x1c ./Drivers/STM32H7xx_HAL_Driver/stm32h7xx_ll_usb.o
                0x000000000800746c                USB_GetMode
 .text.USB_CoreReset
                0x0000000008007488       0x68 ./Drivers/STM32H7xx_HAL_Driver/stm32h7xx_ll_usb.o
 .text.__cxa_pure_virtual
                0x00000000080074f0        0x6 /opt/st/stm32cubeide_1.12.1/plugins/com.st.stm32cube.ide.mcu.externaltools.gnu-tools-for-stm32.10.3-2021.10.linux64_1.0.200.202301161003/tools/bin/../lib/gcc/arm-none-eabi/10.3.1/../../../../arm-none-eabi/lib/thumb/v7e-m+dp/hard/libstdc++_nano.a(pure.o)
                0x00000000080074f0                __cxa_pure_virtual
 .text._ZN10__cxxabiv111__terminateEPFvvE
                0x00000000080074f6        0x8 /opt/st/stm32cubeide_1.12.1/plugins/com.st.stm32cube.ide.mcu.externaltools.gnu-tools-for-stm32.10.3-2021.10.linux64_1.0.200.202301161003/tools/bin/../lib/gcc/arm-none-eabi/10.3.1/../../../../arm-none-eabi/lib/thumb/v7e-m+dp/hard/libstdc++_nano.a(eh_terminate.o)
                0x00000000080074f6                __cxxabiv1::__terminate(void (*)())
 *fill*         0x00000000080074fe        0x2 
 .text._ZSt13get_terminatev
                0x0000000008007500       0x10 /opt/st/stm32cubeide_1.12.1/plugins/com.st.stm32cube.ide.mcu.externaltools.gnu-tools-for-stm32.10.3-2021.10.linux64_1.0.200.202301161003/tools/bin/../lib/gcc/arm-none-eabi/10.3.1/../../../../arm-none-eabi/lib/thumb/v7e-m+dp/hard/libstdc++_nano.a(eh_terminate.o)
                0x0000000008007500                std::get_terminate()
 .text._ZSt9terminatev
                0x0000000008007510        0xa /opt/st/stm32cubeide_1.12.1/plugins/com.st.stm32cube.ide.mcu.externaltools.gnu-tools-for-stm32.10.3-2021.10.linux64_1.0.200.202301161003/tools/bin/../lib/gcc/arm-none-eabi/10.3.1/../../../../arm-none-eabi/lib/thumb/v7e-m+dp/hard/libstdc++_nano.a(eh_terminate.o)
                0x0000000008007510                std::terminate()
 .text.abort    0x000000000800751a        0xe /opt/st/stm32cubeide_1.12.1/plugins/com.st.stm32cube.ide.mcu.externaltools.gnu-tools-for-stm32.10.3-2021.10.linux64_1.0.200.202301161003/tools/bin/../lib/gcc/arm-none-eabi/10.3.1/../../../../arm-none-eabi/lib/thumb/v7e-m+dp/hard/libc_nano.a(lib_a-abort.o)
                0x000000000800751a                abort
 .text.__errno  0x0000000008007528        0xc /opt/st/stm32cubeide_1.12.1/plugins/com.st.stm32cube.ide.mcu.externaltools.gnu-tools-for-stm32.10.3-2021.10.linux64_1.0.200.202301161003/tools/bin/../lib/gcc/arm-none-eabi/10.3.1/../../../../arm-none-eabi/lib/thumb/v7e-m+dp/hard/libc_nano.a(lib_a-errno.o)
                0x0000000008007528                __errno
 .text.__libc_init_array
                0x0000000008007534       0x48 /opt/st/stm32cubeide_1.12.1/plugins/com.st.stm32cube.ide.mcu.externaltools.gnu-tools-for-stm32.10.3-2021.10.linux64_1.0.200.202301161003/tools/bin/../lib/gcc/arm-none-eabi/10.3.1/../../../../arm-none-eabi/lib/thumb/v7e-m+dp/hard/libc_nano.a(lib_a-init.o)
                0x0000000008007534                __libc_init_array
 .text.memcpy   0x000000000800757c       0x1c /opt/st/stm32cubeide_1.12.1/plugins/com.st.stm32cube.ide.mcu.externaltools.gnu-tools-for-stm32.10.3-2021.10.linux64_1.0.200.202301161003/tools/bin/../lib/gcc/arm-none-eabi/10.3.1/../../../../arm-none-eabi/lib/thumb/v7e-m+dp/hard/libc_nano.a(lib_a-memcpy-stub.o)
                0x000000000800757c                memcpy
 .text.memset   0x0000000008007598       0x10 /opt/st/stm32cubeide_1.12.1/plugins/com.st.stm32cube.ide.mcu.externaltools.gnu-tools-for-stm32.10.3-2021.10.linux64_1.0.200.202301161003/tools/bin/../lib/gcc/arm-none-eabi/10.3.1/../../../../arm-none-eabi/lib/thumb/v7e-m+dp/hard/libc_nano.a(lib_a-memset.o)
                0x0000000008007598                memset
 .text._raise_r
                0x00000000080075a8       0x50 /opt/st/stm32cubeide_1.12.1/plugins/com.st.stm32cube.ide.mcu.externaltools.gnu-tools-for-stm32.10.3-2021.10.linux64_1.0.200.202301161003/tools/bin/../lib/gcc/arm-none-eabi/10.3.1/../../../../arm-none-eabi/lib/thumb/v7e-m+dp/hard/libc_nano.a(lib_a-signal.o)
                0x00000000080075a8                _raise_r
 .text.raise    0x00000000080075f8       0x10 /opt/st/stm32cubeide_1.12.1/plugins/com.st.stm32cube.ide.mcu.externaltools.gnu-tools-for-stm32.10.3-2021.10.linux64_1.0.200.202301161003/tools/bin/../lib/gcc/arm-none-eabi/10.3.1/../../../../arm-none-eabi/lib/thumb/v7e-m+dp/hard/libc_nano.a(lib_a-signal.o)
                0x00000000080075f8                raise
 .text._kill_r  0x0000000008007608       0x24 /opt/st/stm32cubeide_1.12.1/plugins/com.st.stm32cube.ide.mcu.externaltools.gnu-tools-for-stm32.10.3-2021.10.linux64_1.0.200.202301161003/tools/bin/../lib/gcc/arm-none-eabi/10.3.1/../../../../arm-none-eabi/lib/thumb/v7e-m+dp/hard/libc_nano.a(lib_a-signalr.o)
                0x0000000008007608                _kill_r
 .text._getpid_r
                0x000000000800762c        0x4 /opt/st/stm32cubeide_1.12.1/plugins/com.st.stm32cube.ide.mcu.externaltools.gnu-tools-for-stm32.10.3-2021.10.linux64_1.0.200.202301161003/tools/bin/../lib/gcc/arm-none-eabi/10.3.1/../../../../arm-none-eabi/lib/thumb/v7e-m+dp/hard/libc_nano.a(lib_a-signalr.o)
                0x000000000800762c                _getpid_r
 *(.glue_7)
 .glue_7        0x0000000008007630        0x0 linker stubs
 *(.glue_7t)
 .glue_7t       0x0000000008007630        0x0 linker stubs
 *(.eh_frame)
 .eh_frame      0x0000000008007630        0x0 /opt/st/stm32cubeide_1.12.1/plugins/com.st.stm32cube.ide.mcu.externaltools.gnu-tools-for-stm32.10.3-2021.10.linux64_1.0.200.202301161003/tools/bin/../lib/gcc/arm-none-eabi/10.3.1/thumb/v7e-m+dp/hard/crtbegin.o
 *(.init)
 .init          0x0000000008007630        0x4 /opt/st/stm32cubeide_1.12.1/plugins/com.st.stm32cube.ide.mcu.externaltools.gnu-tools-for-stm32.10.3-2021.10.linux64_1.0.200.202301161003/tools/bin/../lib/gcc/arm-none-eabi/10.3.1/thumb/v7e-m+dp/hard/crti.o
                0x0000000008007630                _init
 .init          0x0000000008007634        0x8 /opt/st/stm32cubeide_1.12.1/plugins/com.st.stm32cube.ide.mcu.externaltools.gnu-tools-for-stm32.10.3-2021.10.linux64_1.0.200.202301161003/tools/bin/../lib/gcc/arm-none-eabi/10.3.1/thumb/v7e-m+dp/hard/crtn.o
 *(.fini)
 .fini          0x000000000800763c        0x4 /opt/st/stm32cubeide_1.12.1/plugins/com.st.stm32cube.ide.mcu.externaltools.gnu-tools-for-stm32.10.3-2021.10.linux64_1.0.200.202301161003/tools/bin/../lib/gcc/arm-none-eabi/10.3.1/thumb/v7e-m+dp/hard/crti.o
                0x000000000800763c                _fini
 .fini          0x0000000008007640        0x8 /opt/st/stm32cubeide_1.12.1/plugins/com.st.stm32cube.ide.mcu.externaltools.gnu-tools-for-stm32.10.3-2021.10.linux64_1.0.200.202301161003/tools/bin/../lib/gcc/arm-none-eabi/10.3.1/thumb/v7e-m+dp/hard/crtn.o
                0x0000000008007648                . = ALIGN (0x4)
                0x0000000008007648                _etext = .

.vfp11_veneer   0x0000000008007648        0x0
 .vfp11_veneer  0x0000000008007648        0x0 linker stubs

.v4_bx          0x0000000008007648        0x0
 .v4_bx         0x0000000008007648        0x0 linker stubs

.iplt           0x0000000008007648        0x0
 .iplt          0x0000000008007648        0x0 /opt/st/stm32cubeide_1.12.1/plugins/com.st.stm32cube.ide.mcu.externaltools.gnu-tools-for-stm32.10.3-2021.10.linux64_1.0.200.202301161003/tools/bin/../lib/gcc/arm-none-eabi/10.3.1/thumb/v7e-m+dp/hard/crtbegin.o

.rodata         0x0000000008007648      0x16c
                0x0000000008007648                . = ALIGN (0x4)
 *(.rodata)
 .rodata        0x0000000008007648       0xb3 ./Core/Src/emulator.o
 *(.rodata*)
 *fill*         0x00000000080076fb        0x1 
 .rodata.D1CorePrescTable
                0x00000000080076fc       0x10 ./Common/Src/system_stm32h7xx_dualcore_boot_cm4_cm7.o
                0x00000000080076fc                D1CorePrescTable
 .rodata._ZTVN16binarx_gpio_impl8GpioImplE
                0x000000000800770c       0x18 ./Core/Src/gpio_impl.o
                0x000000000800770c                vtable for binarx_gpio_impl::GpioImpl
 .rodata._ZTVN21binarx_time_interface13TimeInterfaceE
                0x0000000008007724       0x10 ./Core/Src/main.o
                0x0000000008007724                vtable for binarx_time_interface::TimeInterface
 .rodata._ZTVN23binarx_serial_interface28SerialCommunicationInterfaceE
                0x0000000008007734       0x10 ./Core/Src/main.o
                0x0000000008007734                vtable for binarx_serial_interface::SerialCommunicationInterface
 .rodata._ZTVN21binarx_gpio_interface13GpioInterfaceE
                0x0000000008007744       0x18 ./Core/Src/main.o
                0x0000000008007744                vtable for binarx_gpio_interface::GpioInterface
 .rodata._ZTVN18binarx_serial_impl8UartImplE
                0x000000000800775c       0x10 ./Core/Src/serial_impl.o
                0x000000000800775c                vtable for binarx_serial_impl::UartImpl
 .rodata._ZTVN18binarx_serial_impl7SpiImplE
                0x000000000800776c       0x10 ./Core/Src/serial_impl.o
                0x000000000800776c                vtable for binarx_serial_impl::SpiImpl
 .rodata._ZTVN16binarx_time_impl8TimeImplE
                0x000000000800777c       0x10 ./Core/Src/time_impl.o
                0x000000000800777c                vtable for binarx_time_impl::TimeImpl
 .rodata.UARTPrescTable
                0x000000000800778c       0x18 ./Drivers/STM32H7xx_HAL_Driver/stm32h7xx_hal_uart.o
                0x000000000800778c                UARTPrescTable
 .rodata.numerator.1
                0x00000000080077a4        0x8 ./Drivers/STM32H7xx_HAL_Driver/stm32h7xx_hal_uart_ex.o
 .rodata.denominator.0
                0x00000000080077ac        0x8 ./Drivers/STM32H7xx_HAL_Driver/stm32h7xx_hal_uart_ex.o
                0x00000000080077b4                . = ALIGN (0x4)

.ARM.extab      0x00000000080077b4        0x0
                0x00000000080077b4                . = ALIGN (0x4)
 *(.ARM.extab* .gnu.linkonce.armextab.*)
                0x00000000080077b4                . = ALIGN (0x4)

.ARM            0x00000000080077b4        0x8
                0x00000000080077b4                . = ALIGN (0x4)
                0x00000000080077b4                __exidx_start = .
 *(.ARM.exidx*)
 .ARM.exidx     0x00000000080077b4        0x8 /opt/st/stm32cubeide_1.12.1/plugins/com.st.stm32cube.ide.mcu.externaltools.gnu-tools-for-stm32.10.3-2021.10.linux64_1.0.200.202301161003/tools/bin/../lib/gcc/arm-none-eabi/10.3.1/thumb/v7e-m+dp/hard/libgcc.a(_udivmoddi4.o)
                0x00000000080077bc                __exidx_end = .
                0x00000000080077bc                . = ALIGN (0x4)

.rel.dyn        0x00000000080077bc        0x0
 .rel.iplt      0x00000000080077bc        0x0 /opt/st/stm32cubeide_1.12.1/plugins/com.st.stm32cube.ide.mcu.externaltools.gnu-tools-for-stm32.10.3-2021.10.linux64_1.0.200.202301161003/tools/bin/../lib/gcc/arm-none-eabi/10.3.1/thumb/v7e-m+dp/hard/crtbegin.o

.preinit_array  0x00000000080077bc        0x0
                0x00000000080077bc                . = ALIGN (0x4)
                0x00000000080077bc                PROVIDE (__preinit_array_start = .)
 *(.preinit_array*)
                0x00000000080077bc                PROVIDE (__preinit_array_end = .)
                0x00000000080077bc                . = ALIGN (0x4)

.init_array     0x00000000080077bc        0x8
                0x00000000080077bc                . = ALIGN (0x4)
                0x00000000080077bc                PROVIDE (__init_array_start = .)
 *(SORT_BY_NAME(.init_array.*))
 *(.init_array*)
 .init_array    0x00000000080077bc        0x4 /opt/st/stm32cubeide_1.12.1/plugins/com.st.stm32cube.ide.mcu.externaltools.gnu-tools-for-stm32.10.3-2021.10.linux64_1.0.200.202301161003/tools/bin/../lib/gcc/arm-none-eabi/10.3.1/thumb/v7e-m+dp/hard/crtbegin.o
 .init_array    0x00000000080077c0        0x4 ./Core/Src/main.o
                0x00000000080077c4                PROVIDE (__init_array_end = .)
                0x00000000080077c4                . = ALIGN (0x4)

.fini_array     0x00000000080077c4        0x4
                0x00000000080077c4                . = ALIGN (0x4)
                [!provide]                        PROVIDE (__fini_array_start = .)
 *(SORT_BY_NAME(.fini_array.*))
 *(.fini_array*)
 .fini_array    0x00000000080077c4        0x4 /opt/st/stm32cubeide_1.12.1/plugins/com.st.stm32cube.ide.mcu.externaltools.gnu-tools-for-stm32.10.3-2021.10.linux64_1.0.200.202301161003/tools/bin/../lib/gcc/arm-none-eabi/10.3.1/thumb/v7e-m+dp/hard/crtbegin.o
                [!provide]                        PROVIDE (__fini_array_end = .)
                0x00000000080077c8                . = ALIGN (0x4)
                0x00000000080077c8                _sidata = LOADADDR (.data)

.data           0x0000000024000000       0x78 load address 0x00000000080077c8
                0x0000000024000000                . = ALIGN (0x4)
                0x0000000024000000                _sdata = .
 *(.data)
 *(.data*)
 .data.SystemCoreClock
                0x0000000024000000        0x4 ./Common/Src/system_stm32h7xx_dualcore_boot_cm4_cm7.o
                0x0000000024000000                SystemCoreClock
 .data.SystemD2Clock
                0x0000000024000004        0x4 ./Common/Src/system_stm32h7xx_dualcore_boot_cm4_cm7.o
                0x0000000024000004                SystemD2Clock
 .data.uwTickPrio
                0x0000000024000008        0x4 ./Drivers/STM32H7xx_HAL_Driver/stm32h7xx_hal.o
                0x0000000024000008                uwTickPrio
 .data.uwTickFreq
                0x000000002400000c        0x1 ./Drivers/STM32H7xx_HAL_Driver/stm32h7xx_hal.o
                0x000000002400000c                uwTickFreq
 *fill*         0x000000002400000d        0x3 
 .data._ZN10__cxxabiv119__terminate_handlerE
                0x0000000024000010        0x4 /opt/st/stm32cubeide_1.12.1/plugins/com.st.stm32cube.ide.mcu.externaltools.gnu-tools-for-stm32.10.3-2021.10.linux64_1.0.200.202301161003/tools/bin/../lib/gcc/arm-none-eabi/10.3.1/../../../../arm-none-eabi/lib/thumb/v7e-m+dp/hard/libstdc++_nano.a(eh_term_handler.o)
                0x0000000024000010                __cxxabiv1::__terminate_handler
 .data._impure_ptr
                0x0000000024000014        0x4 /opt/st/stm32cubeide_1.12.1/plugins/com.st.stm32cube.ide.mcu.externaltools.gnu-tools-for-stm32.10.3-2021.10.linux64_1.0.200.202301161003/tools/bin/../lib/gcc/arm-none-eabi/10.3.1/../../../../arm-none-eabi/lib/thumb/v7e-m+dp/hard/libc_nano.a(lib_a-impure.o)
                0x0000000024000014                _impure_ptr
 .data.impure_data
                0x0000000024000018       0x60 /opt/st/stm32cubeide_1.12.1/plugins/com.st.stm32cube.ide.mcu.externaltools.gnu-tools-for-stm32.10.3-2021.10.linux64_1.0.200.202301161003/tools/bin/../lib/gcc/arm-none-eabi/10.3.1/../../../../arm-none-eabi/lib/thumb/v7e-m+dp/hard/libc_nano.a(lib_a-impure.o)
 *(.RamFunc)
 *(.RamFunc*)
                0x0000000024000078                . = ALIGN (0x4)
                0x0000000024000078                _edata = .

.igot.plt       0x0000000024000078        0x0 load address 0x0000000008007840
 .igot.plt      0x0000000024000078        0x0 /opt/st/stm32cubeide_1.12.1/plugins/com.st.stm32cube.ide.mcu.externaltools.gnu-tools-for-stm32.10.3-2021.10.linux64_1.0.200.202301161003/tools/bin/../lib/gcc/arm-none-eabi/10.3.1/thumb/v7e-m+dp/hard/crtbegin.o
                0x0000000024000078                . = ALIGN (0x4)

.bss            0x0000000024000078      0x674 load address 0x0000000008007840
                0x0000000024000078                _sbss = .
                0x0000000024000078                __bss_start__ = _sbss
 *(.bss)
 .bss           0x0000000024000078       0x1c /opt/st/stm32cubeide_1.12.1/plugins/com.st.stm32cube.ide.mcu.externaltools.gnu-tools-for-stm32.10.3-2021.10.linux64_1.0.200.202301161003/tools/bin/../lib/gcc/arm-none-eabi/10.3.1/thumb/v7e-m+dp/hard/crtbegin.o
 *(.bss*)
 .bss.hspi1     0x0000000024000094       0x88 ./Core/Src/main.o
                0x0000000024000094                hspi1
 .bss.huart3    0x000000002400011c       0x94 ./Core/Src/main.o
                0x000000002400011c                huart3
 .bss.hpcd_USB_OTG_FS
                0x00000000240001b0      0x50c ./Core/Src/main.o
                0x00000000240001b0                hpcd_USB_OTG_FS
 .bss.gpio_controller
                0x00000000240006bc        0x4 ./Core/Src/main.o
                0x00000000240006bc                gpio_controller
 .bss.spi_controller
                0x00000000240006c0        0x4 ./Core/Src/main.o
                0x00000000240006c0                spi_controller
 .bss.uart_controller
                0x00000000240006c4        0x4 ./Core/Src/main.o
                0x00000000240006c4                uart_controller
 .bss.time_controller
                0x00000000240006c8        0x4 ./Core/Src/main.o
                0x00000000240006c8                time_controller
 .bss.emulator  0x00000000240006cc       0x18 ./Core/Src/main.o
                0x00000000240006cc                emulator
 .bss.uwTick    0x00000000240006e4        0x4 ./Drivers/STM32H7xx_HAL_Driver/stm32h7xx_hal.o
                0x00000000240006e4                uwTick
 .bss.errno     0x00000000240006e8        0x4 /opt/st/stm32cubeide_1.12.1/plugins/com.st.stm32cube.ide.mcu.externaltools.gnu-tools-for-stm32.10.3-2021.10.linux64_1.0.200.202301161003/tools/bin/../lib/gcc/arm-none-eabi/10.3.1/../../../../arm-none-eabi/lib/thumb/v7e-m+dp/hard/libc_nano.a(lib_a-reent.o)
                0x00000000240006e8                errno
 *(COMMON)
                0x00000000240006ec                . = ALIGN (0x4)
                0x00000000240006ec                _ebss = .
                0x00000000240006ec                __bss_end__ = _ebss

._user_heap_stack
                0x00000000240006ec      0x604 load address 0x0000000008007840
                0x00000000240006f0                . = ALIGN (0x8)
 *fill*         0x00000000240006ec        0x4 
                [!provide]                        PROVIDE (end = .)
                0x00000000240006f0                PROVIDE (_end = .)
                0x00000000240008f0                . = (. + _Min_Heap_Size)
 *fill*         0x00000000240006f0      0x200 
                0x0000000024000cf0                . = (. + _Min_Stack_Size)
 *fill*         0x00000000240008f0      0x400 
                0x0000000024000cf0                . = ALIGN (0x8)

/DISCARD/
 libc.a(*)
 libm.a(*)
 libgcc.a(*)

.ARM.attributes
                0x0000000000000000       0x2e
 *(.ARM.attributes)
 .ARM.attributes
                0x0000000000000000       0x1e /opt/st/stm32cubeide_1.12.1/plugins/com.st.stm32cube.ide.mcu.externaltools.gnu-tools-for-stm32.10.3-2021.10.linux64_1.0.200.202301161003/tools/bin/../lib/gcc/arm-none-eabi/10.3.1/thumb/v7e-m+dp/hard/crti.o
 .ARM.attributes
                0x000000000000001e       0x32 /opt/st/stm32cubeide_1.12.1/plugins/com.st.stm32cube.ide.mcu.externaltools.gnu-tools-for-stm32.10.3-2021.10.linux64_1.0.200.202301161003/tools/bin/../lib/gcc/arm-none-eabi/10.3.1/thumb/v7e-m+dp/hard/crtbegin.o
 .ARM.attributes
                0x0000000000000050       0x32 ./Common/Src/system_stm32h7xx_dualcore_boot_cm4_cm7.o
 .ARM.attributes
                0x0000000000000082       0x32 ./Core/Src/emulator.o
 .ARM.attributes
                0x00000000000000b4       0x32 ./Core/Src/gpio_impl.o
 .ARM.attributes
                0x00000000000000e6       0x32 ./Core/Src/main.o
 .ARM.attributes
                0x0000000000000118       0x32 ./Core/Src/serial_impl.o
 .ARM.attributes
                0x000000000000014a       0x32 ./Core/Src/stm32h7xx_hal_msp.o
 .ARM.attributes
                0x000000000000017c       0x32 ./Core/Src/stm32h7xx_it.o
 .ARM.attributes
                0x00000000000001ae       0x32 ./Core/Src/syscalls.o
 .ARM.attributes
                0x00000000000001e0       0x32 ./Core/Src/time_impl.o
 .ARM.attributes
                0x0000000000000212       0x21 ./Core/Startup/startup_stm32h755zitx.o
 .ARM.attributes
                0x0000000000000233       0x32 ./Drivers/STM32H7xx_HAL_Driver/stm32h7xx_hal.o
 .ARM.attributes
                0x0000000000000265       0x32 ./Drivers/STM32H7xx_HAL_Driver/stm32h7xx_hal_cortex.o
 .ARM.attributes
                0x0000000000000297       0x32 ./Drivers/STM32H7xx_HAL_Driver/stm32h7xx_hal_gpio.o
 .ARM.attributes
                0x00000000000002c9       0x32 ./Drivers/STM32H7xx_HAL_Driver/stm32h7xx_hal_hsem.o
 .ARM.attributes
                0x00000000000002fb       0x32 ./Drivers/STM32H7xx_HAL_Driver/stm32h7xx_hal_pcd.o
 .ARM.attributes
                0x000000000000032d       0x32 ./Drivers/STM32H7xx_HAL_Driver/stm32h7xx_hal_pcd_ex.o
 .ARM.attributes
                0x000000000000035f       0x32 ./Drivers/STM32H7xx_HAL_Driver/stm32h7xx_hal_pwr_ex.o
 .ARM.attributes
                0x0000000000000391       0x32 ./Drivers/STM32H7xx_HAL_Driver/stm32h7xx_hal_rcc.o
 .ARM.attributes
                0x00000000000003c3       0x32 ./Drivers/STM32H7xx_HAL_Driver/stm32h7xx_hal_rcc_ex.o
 .ARM.attributes
                0x00000000000003f5       0x32 ./Drivers/STM32H7xx_HAL_Driver/stm32h7xx_hal_spi.o
 .ARM.attributes
                0x0000000000000427       0x32 ./Drivers/STM32H7xx_HAL_Driver/stm32h7xx_hal_uart.o
 .ARM.attributes
                0x0000000000000459       0x32 ./Drivers/STM32H7xx_HAL_Driver/stm32h7xx_hal_uart_ex.o
 .ARM.attributes
                0x000000000000048b       0x32 ./Drivers/STM32H7xx_HAL_Driver/stm32h7xx_ll_usb.o
 .ARM.attributes
                0x00000000000004bd       0x32 /opt/st/stm32cubeide_1.12.1/plugins/com.st.stm32cube.ide.mcu.externaltools.gnu-tools-for-stm32.10.3-2021.10.linux64_1.0.200.202301161003/tools/bin/../lib/gcc/arm-none-eabi/10.3.1/../../../../arm-none-eabi/lib/thumb/v7e-m+dp/hard/libstdc++_nano.a(pure.o)
 .ARM.attributes
                0x00000000000004ef       0x32 /opt/st/stm32cubeide_1.12.1/plugins/com.st.stm32cube.ide.mcu.externaltools.gnu-tools-for-stm32.10.3-2021.10.linux64_1.0.200.202301161003/tools/bin/../lib/gcc/arm-none-eabi/10.3.1/../../../../arm-none-eabi/lib/thumb/v7e-m+dp/hard/libstdc++_nano.a(eh_terminate.o)
 .ARM.attributes
                0x0000000000000521       0x32 /opt/st/stm32cubeide_1.12.1/plugins/com.st.stm32cube.ide.mcu.externaltools.gnu-tools-for-stm32.10.3-2021.10.linux64_1.0.200.202301161003/tools/bin/../lib/gcc/arm-none-eabi/10.3.1/../../../../arm-none-eabi/lib/thumb/v7e-m+dp/hard/libstdc++_nano.a(eh_term_handler.o)
 .ARM.attributes
                0x0000000000000553       0x32 /opt/st/stm32cubeide_1.12.1/plugins/com.st.stm32cube.ide.mcu.externaltools.gnu-tools-for-stm32.10.3-2021.10.linux64_1.0.200.202301161003/tools/bin/../lib/gcc/arm-none-eabi/10.3.1/../../../../arm-none-eabi/lib/thumb/v7e-m+dp/hard/libc_nano.a(lib_a-abort.o)
 .ARM.attributes
                0x0000000000000585       0x32 /opt/st/stm32cubeide_1.12.1/plugins/com.st.stm32cube.ide.mcu.externaltools.gnu-tools-for-stm32.10.3-2021.10.linux64_1.0.200.202301161003/tools/bin/../lib/gcc/arm-none-eabi/10.3.1/../../../../arm-none-eabi/lib/thumb/v7e-m+dp/hard/libc_nano.a(lib_a-errno.o)
 .ARM.attributes
                0x00000000000005b7       0x32 /opt/st/stm32cubeide_1.12.1/plugins/com.st.stm32cube.ide.mcu.externaltools.gnu-tools-for-stm32.10.3-2021.10.linux64_1.0.200.202301161003/tools/bin/../lib/gcc/arm-none-eabi/10.3.1/../../../../arm-none-eabi/lib/thumb/v7e-m+dp/hard/libc_nano.a(lib_a-impure.o)
 .ARM.attributes
                0x00000000000005e9       0x32 /opt/st/stm32cubeide_1.12.1/plugins/com.st.stm32cube.ide.mcu.externaltools.gnu-tools-for-stm32.10.3-2021.10.linux64_1.0.200.202301161003/tools/bin/../lib/gcc/arm-none-eabi/10.3.1/../../../../arm-none-eabi/lib/thumb/v7e-m+dp/hard/libc_nano.a(lib_a-init.o)
 .ARM.attributes
                0x000000000000061b       0x32 /opt/st/stm32cubeide_1.12.1/plugins/com.st.stm32cube.ide.mcu.externaltools.gnu-tools-for-stm32.10.3-2021.10.linux64_1.0.200.202301161003/tools/bin/../lib/gcc/arm-none-eabi/10.3.1/../../../../arm-none-eabi/lib/thumb/v7e-m+dp/hard/libc_nano.a(lib_a-memcpy-stub.o)
 .ARM.attributes
                0x000000000000064d       0x32 /opt/st/stm32cubeide_1.12.1/plugins/com.st.stm32cube.ide.mcu.externaltools.gnu-tools-for-stm32.10.3-2021.10.linux64_1.0.200.202301161003/tools/bin/../lib/gcc/arm-none-eabi/10.3.1/../../../../arm-none-eabi/lib/thumb/v7e-m+dp/hard/libc_nano.a(lib_a-memset.o)
 .ARM.attributes
                0x000000000000067f       0x32 /opt/st/stm32cubeide_1.12.1/plugins/com.st.stm32cube.ide.mcu.externaltools.gnu-tools-for-stm32.10.3-2021.10.linux64_1.0.200.202301161003/tools/bin/../lib/gcc/arm-none-eabi/10.3.1/../../../../arm-none-eabi/lib/thumb/v7e-m+dp/hard/libc_nano.a(lib_a-signal.o)
 .ARM.attributes
                0x00000000000006b1       0x32 /opt/st/stm32cubeide_1.12.1/plugins/com.st.stm32cube.ide.mcu.externaltools.gnu-tools-for-stm32.10.3-2021.10.linux64_1.0.200.202301161003/tools/bin/../lib/gcc/arm-none-eabi/10.3.1/../../../../arm-none-eabi/lib/thumb/v7e-m+dp/hard/libc_nano.a(lib_a-signalr.o)
 .ARM.attributes
                0x00000000000006e3       0x17 /opt/st/stm32cubeide_1.12.1/plugins/com.st.stm32cube.ide.mcu.externaltools.gnu-tools-for-stm32.10.3-2021.10.linux64_1.0.200.202301161003/tools/bin/../lib/gcc/arm-none-eabi/10.3.1/../../../../arm-none-eabi/lib/thumb/v7e-m+dp/hard/libc_nano.a(lib_a-strlen.o)
 .ARM.attributes
                0x00000000000006fa       0x32 /opt/st/stm32cubeide_1.12.1/plugins/com.st.stm32cube.ide.mcu.externaltools.gnu-tools-for-stm32.10.3-2021.10.linux64_1.0.200.202301161003/tools/bin/../lib/gcc/arm-none-eabi/10.3.1/../../../../arm-none-eabi/lib/thumb/v7e-m+dp/hard/libc_nano.a(lib_a-reent.o)
 .ARM.attributes
                0x000000000000072c       0x1e /opt/st/stm32cubeide_1.12.1/plugins/com.st.stm32cube.ide.mcu.externaltools.gnu-tools-for-stm32.10.3-2021.10.linux64_1.0.200.202301161003/tools/bin/../lib/gcc/arm-none-eabi/10.3.1/thumb/v7e-m+dp/hard/libgcc.a(_aeabi_uldivmod.o)
 .ARM.attributes
                0x000000000000074a       0x32 /opt/st/stm32cubeide_1.12.1/plugins/com.st.stm32cube.ide.mcu.externaltools.gnu-tools-for-stm32.10.3-2021.10.linux64_1.0.200.202301161003/tools/bin/../lib/gcc/arm-none-eabi/10.3.1/thumb/v7e-m+dp/hard/libgcc.a(_udivmoddi4.o)
 .ARM.attributes
                0x000000000000077c       0x1e /opt/st/stm32cubeide_1.12.1/plugins/com.st.stm32cube.ide.mcu.externaltools.gnu-tools-for-stm32.10.3-2021.10.linux64_1.0.200.202301161003/tools/bin/../lib/gcc/arm-none-eabi/10.3.1/thumb/v7e-m+dp/hard/libgcc.a(_dvmd_tls.o)
 .ARM.attributes
                0x000000000000079a       0x1e /opt/st/stm32cubeide_1.12.1/plugins/com.st.stm32cube.ide.mcu.externaltools.gnu-tools-for-stm32.10.3-2021.10.linux64_1.0.200.202301161003/tools/bin/../lib/gcc/arm-none-eabi/10.3.1/thumb/v7e-m+dp/hard/crtn.o
OUTPUT(binarX_software_Emulator_CM7.elf elf32-littlearm)
LOAD linker stubs
LOAD /opt/st/stm32cubeide_1.12.1/plugins/com.st.stm32cube.ide.mcu.externaltools.gnu-tools-for-stm32.10.3-2021.10.linux64_1.0.200.202301161003/tools/bin/../lib/gcc/arm-none-eabi/10.3.1/../../../../arm-none-eabi/lib/thumb/v7e-m+dp/hard/libc.a
LOAD /opt/st/stm32cubeide_1.12.1/plugins/com.st.stm32cube.ide.mcu.externaltools.gnu-tools-for-stm32.10.3-2021.10.linux64_1.0.200.202301161003/tools/bin/../lib/gcc/arm-none-eabi/10.3.1/../../../../arm-none-eabi/lib/thumb/v7e-m+dp/hard/libm.a
LOAD /opt/st/stm32cubeide_1.12.1/plugins/com.st.stm32cube.ide.mcu.externaltools.gnu-tools-for-stm32.10.3-2021.10.linux64_1.0.200.202301161003/tools/bin/../lib/gcc/arm-none-eabi/10.3.1/thumb/v7e-m+dp/hard/libgcc.a

.debug_info     0x0000000000000000    0x1f8d2
 .debug_info    0x0000000000000000      0xdca ./Common/Src/system_stm32h7xx_dualcore_boot_cm4_cm7.o
 .debug_info    0x0000000000000dca      0x688 ./Core/Src/emulator.o
 .debug_info    0x0000000000001452     0x1cf3 ./Core/Src/gpio_impl.o
 .debug_info    0x0000000000003145     0x42dc ./Core/Src/main.o
 .debug_info    0x0000000000007421     0x27e7 ./Core/Src/serial_impl.o
 .debug_info    0x0000000000009c08     0x1abb ./Core/Src/stm32h7xx_hal_msp.o
 .debug_info    0x000000000000b6c3      0x186 ./Core/Src/stm32h7xx_it.o
 .debug_info    0x000000000000b849      0x6e0 ./Core/Src/syscalls.o
 .debug_info    0x000000000000bf29     0x1967 ./Core/Src/time_impl.o
 .debug_info    0x000000000000d890       0x22 ./Core/Startup/startup_stm32h755zitx.o
 .debug_info    0x000000000000d8b2     0x182c ./Drivers/STM32H7xx_HAL_Driver/stm32h7xx_hal.o
 .debug_info    0x000000000000f0de     0x1191 ./Drivers/STM32H7xx_HAL_Driver/stm32h7xx_hal_cortex.o
 .debug_info    0x000000000001026f      0xde0 ./Drivers/STM32H7xx_HAL_Driver/stm32h7xx_hal_gpio.o
 .debug_info    0x000000000001104f      0x3fd ./Drivers/STM32H7xx_HAL_Driver/stm32h7xx_hal_hsem.o
 .debug_info    0x000000000001144c     0x169e ./Drivers/STM32H7xx_HAL_Driver/stm32h7xx_hal_pcd.o
 .debug_info    0x0000000000012aea      0x913 ./Drivers/STM32H7xx_HAL_Driver/stm32h7xx_hal_pcd_ex.o
 .debug_info    0x00000000000133fd     0x12c2 ./Drivers/STM32H7xx_HAL_Driver/stm32h7xx_hal_pwr_ex.o
 .debug_info    0x00000000000146bf      0xf48 ./Drivers/STM32H7xx_HAL_Driver/stm32h7xx_hal_rcc.o
 .debug_info    0x0000000000015607     0x13b9 ./Drivers/STM32H7xx_HAL_Driver/stm32h7xx_hal_rcc_ex.o
 .debug_info    0x00000000000169c0     0x159c ./Drivers/STM32H7xx_HAL_Driver/stm32h7xx_hal_spi.o
 .debug_info    0x0000000000017f5c     0x4dca ./Drivers/STM32H7xx_HAL_Driver/stm32h7xx_hal_uart.o
 .debug_info    0x000000000001cd26     0x105a ./Drivers/STM32H7xx_HAL_Driver/stm32h7xx_hal_uart_ex.o
 .debug_info    0x000000000001dd80     0x1b52 ./Drivers/STM32H7xx_HAL_Driver/stm32h7xx_ll_usb.o

.debug_abbrev   0x0000000000000000     0x3ade
 .debug_abbrev  0x0000000000000000      0x147 ./Common/Src/system_stm32h7xx_dualcore_boot_cm4_cm7.o
 .debug_abbrev  0x0000000000000147      0x2cf ./Core/Src/emulator.o
 .debug_abbrev  0x0000000000000416      0x37d ./Core/Src/gpio_impl.o
 .debug_abbrev  0x0000000000000793      0x6b7 ./Core/Src/main.o
 .debug_abbrev  0x0000000000000e4a      0x3e3 ./Core/Src/serial_impl.o
 .debug_abbrev  0x000000000000122d      0x26b ./Core/Src/stm32h7xx_hal_msp.o
 .debug_abbrev  0x0000000000001498       0x9f ./Core/Src/stm32h7xx_it.o
 .debug_abbrev  0x0000000000001537      0x1b3 ./Core/Src/syscalls.o
 .debug_abbrev  0x00000000000016ea      0x26e ./Core/Src/time_impl.o
 .debug_abbrev  0x0000000000001958       0x12 ./Core/Startup/startup_stm32h755zitx.o
 .debug_abbrev  0x000000000000196a      0x289 ./Drivers/STM32H7xx_HAL_Driver/stm32h7xx_hal.o
 .debug_abbrev  0x0000000000001bf3      0x329 ./Drivers/STM32H7xx_HAL_Driver/stm32h7xx_hal_cortex.o
 .debug_abbrev  0x0000000000001f1c      0x1ec ./Drivers/STM32H7xx_HAL_Driver/stm32h7xx_hal_gpio.o
 .debug_abbrev  0x0000000000002108      0x1d0 ./Drivers/STM32H7xx_HAL_Driver/stm32h7xx_hal_hsem.o
 .debug_abbrev  0x00000000000022d8      0x2d2 ./Drivers/STM32H7xx_HAL_Driver/stm32h7xx_hal_pcd.o
 .debug_abbrev  0x00000000000025aa      0x24a ./Drivers/STM32H7xx_HAL_Driver/stm32h7xx_hal_pcd_ex.o
 .debug_abbrev  0x00000000000027f4      0x2bc ./Drivers/STM32H7xx_HAL_Driver/stm32h7xx_hal_pwr_ex.o
 .debug_abbrev  0x0000000000002ab0      0x2b8 ./Drivers/STM32H7xx_HAL_Driver/stm32h7xx_hal_rcc.o
 .debug_abbrev  0x0000000000002d68      0x25c ./Drivers/STM32H7xx_HAL_Driver/stm32h7xx_hal_rcc_ex.o
 .debug_abbrev  0x0000000000002fc4      0x2a2 ./Drivers/STM32H7xx_HAL_Driver/stm32h7xx_hal_spi.o
 .debug_abbrev  0x0000000000003266      0x325 ./Drivers/STM32H7xx_HAL_Driver/stm32h7xx_hal_uart.o
 .debug_abbrev  0x000000000000358b      0x2bd ./Drivers/STM32H7xx_HAL_Driver/stm32h7xx_hal_uart_ex.o
 .debug_abbrev  0x0000000000003848      0x296 ./Drivers/STM32H7xx_HAL_Driver/stm32h7xx_ll_usb.o

.debug_aranges  0x0000000000000000     0x1218
 .debug_aranges
                0x0000000000000000       0x28 ./Common/Src/system_stm32h7xx_dualcore_boot_cm4_cm7.o
 .debug_aranges
                0x0000000000000028       0x50 ./Core/Src/emulator.o
 .debug_aranges
                0x0000000000000078       0x48 ./Core/Src/gpio_impl.o
 .debug_aranges
                0x00000000000000c0       0xa8 ./Core/Src/main.o
 .debug_aranges
                0x0000000000000168       0x40 ./Core/Src/serial_impl.o
 .debug_aranges
                0x00000000000001a8       0x50 ./Core/Src/stm32h7xx_hal_msp.o
 .debug_aranges
                0x00000000000001f8       0x70 ./Core/Src/stm32h7xx_it.o
 .debug_aranges
                0x0000000000000268       0xa8 ./Core/Src/syscalls.o
 .debug_aranges
                0x0000000000000310       0x28 ./Core/Src/time_impl.o
 .debug_aranges
                0x0000000000000338       0x28 ./Core/Startup/startup_stm32h755zitx.o
 .debug_aranges
                0x0000000000000360      0x200 ./Drivers/STM32H7xx_HAL_Driver/stm32h7xx_hal.o
 .debug_aranges
                0x0000000000000560      0x120 ./Drivers/STM32H7xx_HAL_Driver/stm32h7xx_hal_cortex.o
 .debug_aranges
                0x0000000000000680       0x58 ./Drivers/STM32H7xx_HAL_Driver/stm32h7xx_hal_gpio.o
 .debug_aranges
                0x00000000000006d8       0x70 ./Drivers/STM32H7xx_HAL_Driver/stm32h7xx_hal_hsem.o
 .debug_aranges
                0x0000000000000748      0x140 ./Drivers/STM32H7xx_HAL_Driver/stm32h7xx_hal_pcd.o
 .debug_aranges
                0x0000000000000888       0x60 ./Drivers/STM32H7xx_HAL_Driver/stm32h7xx_hal_pcd_ex.o
 .debug_aranges
                0x00000000000008e8      0x170 ./Drivers/STM32H7xx_HAL_Driver/stm32h7xx_hal_pwr_ex.o
 .debug_aranges
                0x0000000000000a58       0x88 ./Drivers/STM32H7xx_HAL_Driver/stm32h7xx_hal_rcc.o
 .debug_aranges
                0x0000000000000ae0      0x100 ./Drivers/STM32H7xx_HAL_Driver/stm32h7xx_hal_rcc_ex.o
 .debug_aranges
                0x0000000000000be0      0x1a8 ./Drivers/STM32H7xx_HAL_Driver/stm32h7xx_hal_spi.o
 .debug_aranges
                0x0000000000000d88      0x248 ./Drivers/STM32H7xx_HAL_Driver/stm32h7xx_hal_uart.o
 .debug_aranges
                0x0000000000000fd0       0xa8 ./Drivers/STM32H7xx_HAL_Driver/stm32h7xx_hal_uart_ex.o
 .debug_aranges
                0x0000000000001078      0x1a0 ./Drivers/STM32H7xx_HAL_Driver/stm32h7xx_ll_usb.o

.debug_ranges   0x0000000000000000     0x10e0
 .debug_ranges  0x0000000000000000       0x18 ./Common/Src/system_stm32h7xx_dualcore_boot_cm4_cm7.o
 .debug_ranges  0x0000000000000018       0x40 ./Core/Src/emulator.o
 .debug_ranges  0x0000000000000058       0x38 ./Core/Src/gpio_impl.o
 .debug_ranges  0x0000000000000090       0x98 ./Core/Src/main.o
 .debug_ranges  0x0000000000000128       0x30 ./Core/Src/serial_impl.o
 .debug_ranges  0x0000000000000158       0x40 ./Core/Src/stm32h7xx_hal_msp.o
 .debug_ranges  0x0000000000000198       0x60 ./Core/Src/stm32h7xx_it.o
 .debug_ranges  0x00000000000001f8       0x98 ./Core/Src/syscalls.o
 .debug_ranges  0x0000000000000290       0x18 ./Core/Src/time_impl.o
 .debug_ranges  0x00000000000002a8       0x20 ./Core/Startup/startup_stm32h755zitx.o
 .debug_ranges  0x00000000000002c8      0x1f0 ./Drivers/STM32H7xx_HAL_Driver/stm32h7xx_hal.o
 .debug_ranges  0x00000000000004b8      0x110 ./Drivers/STM32H7xx_HAL_Driver/stm32h7xx_hal_cortex.o
 .debug_ranges  0x00000000000005c8       0x48 ./Drivers/STM32H7xx_HAL_Driver/stm32h7xx_hal_gpio.o
 .debug_ranges  0x0000000000000610       0x60 ./Drivers/STM32H7xx_HAL_Driver/stm32h7xx_hal_hsem.o
 .debug_ranges  0x0000000000000670      0x130 ./Drivers/STM32H7xx_HAL_Driver/stm32h7xx_hal_pcd.o
 .debug_ranges  0x00000000000007a0       0x50 ./Drivers/STM32H7xx_HAL_Driver/stm32h7xx_hal_pcd_ex.o
 .debug_ranges  0x00000000000007f0      0x160 ./Drivers/STM32H7xx_HAL_Driver/stm32h7xx_hal_pwr_ex.o
 .debug_ranges  0x0000000000000950       0x78 ./Drivers/STM32H7xx_HAL_Driver/stm32h7xx_hal_rcc.o
 .debug_ranges  0x00000000000009c8       0xf0 ./Drivers/STM32H7xx_HAL_Driver/stm32h7xx_hal_rcc_ex.o
 .debug_ranges  0x0000000000000ab8      0x198 ./Drivers/STM32H7xx_HAL_Driver/stm32h7xx_hal_spi.o
 .debug_ranges  0x0000000000000c50      0x268 ./Drivers/STM32H7xx_HAL_Driver/stm32h7xx_hal_uart.o
 .debug_ranges  0x0000000000000eb8       0x98 ./Drivers/STM32H7xx_HAL_Driver/stm32h7xx_hal_uart_ex.o
 .debug_ranges  0x0000000000000f50      0x190 ./Drivers/STM32H7xx_HAL_Driver/stm32h7xx_ll_usb.o

.debug_macro    0x0000000000000000    0x3f471
 .debug_macro   0x0000000000000000      0x2d2 ./Common/Src/system_stm32h7xx_dualcore_boot_cm4_cm7.o
 .debug_macro   0x00000000000002d2      0xa96 ./Common/Src/system_stm32h7xx_dualcore_boot_cm4_cm7.o
 .debug_macro   0x0000000000000d68       0x2e ./Common/Src/system_stm32h7xx_dualcore_boot_cm4_cm7.o
 .debug_macro   0x0000000000000d96       0x49 ./Common/Src/system_stm32h7xx_dualcore_boot_cm4_cm7.o
 .debug_macro   0x0000000000000ddf       0x22 ./Common/Src/system_stm32h7xx_dualcore_boot_cm4_cm7.o
 .debug_macro   0x0000000000000e01       0x8e ./Common/Src/system_stm32h7xx_dualcore_boot_cm4_cm7.o
 .debug_macro   0x0000000000000e8f       0x51 ./Common/Src/system_stm32h7xx_dualcore_boot_cm4_cm7.o
 .debug_macro   0x0000000000000ee0      0x103 ./Common/Src/system_stm32h7xx_dualcore_boot_cm4_cm7.o
 .debug_macro   0x0000000000000fe3       0x6a ./Common/Src/system_stm32h7xx_dualcore_boot_cm4_cm7.o
 .debug_macro   0x000000000000104d      0x1df ./Common/Src/system_stm32h7xx_dualcore_boot_cm4_cm7.o
 .debug_macro   0x000000000000122c       0x1c ./Common/Src/system_stm32h7xx_dualcore_boot_cm4_cm7.o
 .debug_macro   0x0000000000001248       0x22 ./Common/Src/system_stm32h7xx_dualcore_boot_cm4_cm7.o
 .debug_macro   0x000000000000126a       0xfb ./Common/Src/system_stm32h7xx_dualcore_boot_cm4_cm7.o
 .debug_macro   0x0000000000001365     0x1305 ./Common/Src/system_stm32h7xx_dualcore_boot_cm4_cm7.o
 .debug_macro   0x000000000000266a      0x11f ./Common/Src/system_stm32h7xx_dualcore_boot_cm4_cm7.o
 .debug_macro   0x0000000000002789       0x27 ./Common/Src/system_stm32h7xx_dualcore_boot_cm4_cm7.o
 .debug_macro   0x00000000000027b0    0x2737b ./Common/Src/system_stm32h7xx_dualcore_boot_cm4_cm7.o
 .debug_macro   0x0000000000029b2b       0x6d ./Common/Src/system_stm32h7xx_dualcore_boot_cm4_cm7.o
 .debug_macro   0x0000000000029b98      0x23e ./Common/Src/system_stm32h7xx_dualcore_boot_cm4_cm7.o
 .debug_macro   0x0000000000029dd6     0x3d5d ./Common/Src/system_stm32h7xx_dualcore_boot_cm4_cm7.o
 .debug_macro   0x000000000002db33      0x174 ./Common/Src/system_stm32h7xx_dualcore_boot_cm4_cm7.o
 .debug_macro   0x000000000002dca7       0x52 ./Common/Src/system_stm32h7xx_dualcore_boot_cm4_cm7.o
 .debug_macro   0x000000000002dcf9       0x1d ./Common/Src/system_stm32h7xx_dualcore_boot_cm4_cm7.o
 .debug_macro   0x000000000002dd16       0x3c ./Common/Src/system_stm32h7xx_dualcore_boot_cm4_cm7.o
 .debug_macro   0x000000000002dd52       0x34 ./Common/Src/system_stm32h7xx_dualcore_boot_cm4_cm7.o
 .debug_macro   0x000000000002dd86       0x16 ./Common/Src/system_stm32h7xx_dualcore_boot_cm4_cm7.o
 .debug_macro   0x000000000002dd9c       0x43 ./Common/Src/system_stm32h7xx_dualcore_boot_cm4_cm7.o
 .debug_macro   0x000000000002dddf       0x34 ./Common/Src/system_stm32h7xx_dualcore_boot_cm4_cm7.o
 .debug_macro   0x000000000002de13       0x10 ./Common/Src/system_stm32h7xx_dualcore_boot_cm4_cm7.o
 .debug_macro   0x000000000002de23       0x58 ./Common/Src/system_stm32h7xx_dualcore_boot_cm4_cm7.o
 .debug_macro   0x000000000002de7b       0x71 ./Common/Src/system_stm32h7xx_dualcore_boot_cm4_cm7.o
 .debug_macro   0x000000000002deec       0x1c ./Common/Src/system_stm32h7xx_dualcore_boot_cm4_cm7.o
 .debug_macro   0x000000000002df08      0x12a ./Common/Src/system_stm32h7xx_dualcore_boot_cm4_cm7.o
 .debug_macro   0x000000000002e032      0x341 ./Common/Src/system_stm32h7xx_dualcore_boot_cm4_cm7.o
 .debug_macro   0x000000000002e373      0x19b ./Common/Src/system_stm32h7xx_dualcore_boot_cm4_cm7.o
 .debug_macro   0x000000000002e50e       0x5d ./Common/Src/system_stm32h7xx_dualcore_boot_cm4_cm7.o
 .debug_macro   0x000000000002e56b     0x3b99 ./Common/Src/system_stm32h7xx_dualcore_boot_cm4_cm7.o
 .debug_macro   0x0000000000032104     0x1072 ./Common/Src/system_stm32h7xx_dualcore_boot_cm4_cm7.o
 .debug_macro   0x0000000000033176      0x154 ./Common/Src/system_stm32h7xx_dualcore_boot_cm4_cm7.o
 .debug_macro   0x00000000000332ca      0x130 ./Common/Src/system_stm32h7xx_dualcore_boot_cm4_cm7.o
 .debug_macro   0x00000000000333fa      0x3be ./Common/Src/system_stm32h7xx_dualcore_boot_cm4_cm7.o
 .debug_macro   0x00000000000337b8       0xac ./Common/Src/system_stm32h7xx_dualcore_boot_cm4_cm7.o
 .debug_macro   0x0000000000033864      0x72d ./Common/Src/system_stm32h7xx_dualcore_boot_cm4_cm7.o
 .debug_macro   0x0000000000033f91      0x228 ./Common/Src/system_stm32h7xx_dualcore_boot_cm4_cm7.o
 .debug_macro   0x00000000000341b9       0x66 ./Common/Src/system_stm32h7xx_dualcore_boot_cm4_cm7.o
 .debug_macro   0x000000000003421f      0x3bb ./Common/Src/system_stm32h7xx_dualcore_boot_cm4_cm7.o
 .debug_macro   0x00000000000345da      0x407 ./Common/Src/system_stm32h7xx_dualcore_boot_cm4_cm7.o
 .debug_macro   0x00000000000349e1      0x27c ./Common/Src/system_stm32h7xx_dualcore_boot_cm4_cm7.o
 .debug_macro   0x0000000000034c5d      0x3ca ./Common/Src/system_stm32h7xx_dualcore_boot_cm4_cm7.o
 .debug_macro   0x0000000000035027      0x4a2 ./Common/Src/system_stm32h7xx_dualcore_boot_cm4_cm7.o
 .debug_macro   0x00000000000354c9       0x51 ./Common/Src/system_stm32h7xx_dualcore_boot_cm4_cm7.o
 .debug_macro   0x000000000003551a       0x4a ./Common/Src/system_stm32h7xx_dualcore_boot_cm4_cm7.o
 .debug_macro   0x0000000000035564      0x22c ./Common/Src/system_stm32h7xx_dualcore_boot_cm4_cm7.o
 .debug_macro   0x0000000000035790       0x67 ./Common/Src/system_stm32h7xx_dualcore_boot_cm4_cm7.o
 .debug_macro   0x00000000000357f7       0xa5 ./Common/Src/system_stm32h7xx_dualcore_boot_cm4_cm7.o
 .debug_macro   0x000000000003589c      0x218 ./Common/Src/system_stm32h7xx_dualcore_boot_cm4_cm7.o
 .debug_macro   0x0000000000035ab4      0x2ea ./Common/Src/system_stm32h7xx_dualcore_boot_cm4_cm7.o
 .debug_macro   0x0000000000035d9e       0x35 ./Common/Src/system_stm32h7xx_dualcore_boot_cm4_cm7.o
 .debug_macro   0x0000000000035dd3      0x5e4 ./Common/Src/system_stm32h7xx_dualcore_boot_cm4_cm7.o
 .debug_macro   0x00000000000363b7       0xba ./Common/Src/system_stm32h7xx_dualcore_boot_cm4_cm7.o
 .debug_macro   0x0000000000036471      0x693 ./Common/Src/system_stm32h7xx_dualcore_boot_cm4_cm7.o
 .debug_macro   0x0000000000036b04       0xa6 ./Common/Src/system_stm32h7xx_dualcore_boot_cm4_cm7.o
 .debug_macro   0x0000000000036baa      0x264 ./Common/Src/system_stm32h7xx_dualcore_boot_cm4_cm7.o
 .debug_macro   0x0000000000036e0e       0x90 ./Common/Src/system_stm32h7xx_dualcore_boot_cm4_cm7.o
 .debug_macro   0x0000000000036e9e      0x798 ./Common/Src/system_stm32h7xx_dualcore_boot_cm4_cm7.o
 .debug_macro   0x0000000000037636      0x275 ./Core/Src/emulator.o
 .debug_macro   0x00000000000378ab      0xb6e ./Core/Src/emulator.o
 .debug_macro   0x0000000000038419       0x1c ./Core/Src/emulator.o
 .debug_macro   0x0000000000038435      0x18a ./Core/Src/emulator.o
 .debug_macro   0x00000000000385bf       0x10 ./Core/Src/emulator.o
 .debug_macro   0x00000000000385cf      0x3d1 ./Core/Src/emulator.o
 .debug_macro   0x00000000000389a0       0x41 ./Core/Src/emulator.o
 .debug_macro   0x00000000000389e1       0x12 ./Core/Src/emulator.o
 .debug_macro   0x00000000000389f3       0x27 ./Core/Src/emulator.o
 .debug_macro   0x0000000000038a1a       0x1c ./Core/Src/emulator.o
 .debug_macro   0x0000000000038a36       0x18 ./Core/Src/emulator.o
 .debug_macro   0x0000000000038a4e       0x4f ./Core/Src/emulator.o
 .debug_macro   0x0000000000038a9d       0x28 ./Core/Src/emulator.o
 .debug_macro   0x0000000000038ac5       0x2e ./Core/Src/emulator.o
 .debug_macro   0x0000000000038af3       0x19 ./Core/Src/emulator.o
 .debug_macro   0x0000000000038b0c       0x88 ./Core/Src/emulator.o
 .debug_macro   0x0000000000038b94       0x19 ./Core/Src/emulator.o
 .debug_macro   0x0000000000038bad       0x34 ./Core/Src/emulator.o
 .debug_macro   0x0000000000038be1      0x17b ./Core/Src/emulator.o
 .debug_macro   0x0000000000038d5c       0x43 ./Core/Src/emulator.o
 .debug_macro   0x0000000000038d9f       0x16 ./Core/Src/emulator.o
 .debug_macro   0x0000000000038db5      0x364 ./Core/Src/emulator.o
 .debug_macro   0x0000000000039119       0x10 ./Core/Src/emulator.o
 .debug_macro   0x0000000000039129       0x35 ./Core/Src/emulator.o
 .debug_macro   0x000000000003915e       0x20 ./Core/Src/emulator.o
 .debug_macro   0x000000000003917e      0x389 ./Core/Src/gpio_impl.o
 .debug_macro   0x0000000000039507     0x1305 ./Core/Src/gpio_impl.o
 .debug_macro   0x000000000003a80c      0x194 ./Core/Src/gpio_impl.o
 .debug_macro   0x000000000003a9a0       0x10 ./Core/Src/gpio_impl.o
 .debug_macro   0x000000000003a9b0       0x16 ./Core/Src/gpio_impl.o
 .debug_macro   0x000000000003a9c6       0x16 ./Core/Src/gpio_impl.o
 .debug_macro   0x000000000003a9dc       0x29 ./Core/Src/gpio_impl.o
 .debug_macro   0x000000000003aa05       0x10 ./Core/Src/gpio_impl.o
 .debug_macro   0x000000000003aa15      0x3c7 ./Core/Src/gpio_impl.o
 .debug_macro   0x000000000003addc       0x64 ./Core/Src/gpio_impl.o
 .debug_macro   0x000000000003ae40      0x4c7 ./Core/Src/main.o
 .debug_macro   0x000000000003b307       0x16 ./Core/Src/main.o
 .debug_macro   0x000000000003b31d      0x46a ./Core/Src/serial_impl.o
 .debug_macro   0x000000000003b787      0x2e1 ./Core/Src/stm32h7xx_hal_msp.o
 .debug_macro   0x000000000003ba68      0x2eb ./Core/Src/stm32h7xx_it.o
 .debug_macro   0x000000000003bd53      0x24c ./Core/Src/syscalls.o
 .debug_macro   0x000000000003bf9f       0x4c ./Core/Src/syscalls.o
 .debug_macro   0x000000000003bfeb       0x94 ./Core/Src/syscalls.o
 .debug_macro   0x000000000003c07f       0x57 ./Core/Src/syscalls.o
 .debug_macro   0x000000000003c0d6       0x10 ./Core/Src/syscalls.o
 .debug_macro   0x000000000003c0e6       0x35 ./Core/Src/syscalls.o
 .debug_macro   0x000000000003c11b       0x10 ./Core/Src/syscalls.o
 .debug_macro   0x000000000003c12b       0x10 ./Core/Src/syscalls.o
 .debug_macro   0x000000000003c13b       0x10 ./Core/Src/syscalls.o
 .debug_macro   0x000000000003c14b       0x1c ./Core/Src/syscalls.o
 .debug_macro   0x000000000003c167       0x52 ./Core/Src/syscalls.o
 .debug_macro   0x000000000003c1b9       0x22 ./Core/Src/syscalls.o
 .debug_macro   0x000000000003c1db       0x10 ./Core/Src/syscalls.o
 .debug_macro   0x000000000003c1eb       0x52 ./Core/Src/syscalls.o
 .debug_macro   0x000000000003c23d       0xd5 ./Core/Src/syscalls.o
 .debug_macro   0x000000000003c312       0x1c ./Core/Src/syscalls.o
 .debug_macro   0x000000000003c32e       0x3d ./Core/Src/syscalls.o
 .debug_macro   0x000000000003c36b       0x35 ./Core/Src/syscalls.o
 .debug_macro   0x000000000003c3a0      0x12c ./Core/Src/syscalls.o
 .debug_macro   0x000000000003c4cc       0x10 ./Core/Src/syscalls.o
 .debug_macro   0x000000000003c4dc      0x241 ./Core/Src/syscalls.o
 .debug_macro   0x000000000003c71d       0x1c ./Core/Src/syscalls.o
 .debug_macro   0x000000000003c739       0x10 ./Core/Src/syscalls.o
 .debug_macro   0x000000000003c749       0x10 ./Core/Src/syscalls.o
 .debug_macro   0x000000000003c759       0x16 ./Core/Src/syscalls.o
 .debug_macro   0x000000000003c76f      0x145 ./Core/Src/syscalls.o
 .debug_macro   0x000000000003c8b4      0x189 ./Core/Src/syscalls.o
 .debug_macro   0x000000000003ca3d       0x16 ./Core/Src/syscalls.o
 .debug_macro   0x000000000003ca53       0xce ./Core/Src/syscalls.o
 .debug_macro   0x000000000003cb21      0x389 ./Core/Src/time_impl.o
 .debug_macro   0x000000000003ceaa      0x2fc ./Drivers/STM32H7xx_HAL_Driver/stm32h7xx_hal.o
 .debug_macro   0x000000000003d1a6      0x2d2 ./Drivers/STM32H7xx_HAL_Driver/stm32h7xx_hal_cortex.o
 .debug_macro   0x000000000003d478      0x2e6 ./Drivers/STM32H7xx_HAL_Driver/stm32h7xx_hal_gpio.o
 .debug_macro   0x000000000003d75e      0x2e4 ./Drivers/STM32H7xx_HAL_Driver/stm32h7xx_hal_hsem.o
 .debug_macro   0x000000000003da42      0x2de ./Drivers/STM32H7xx_HAL_Driver/stm32h7xx_hal_pcd.o
 .debug_macro   0x000000000003dd20      0x2d2 ./Drivers/STM32H7xx_HAL_Driver/stm32h7xx_hal_pcd_ex.o
 .debug_macro   0x000000000003dff2      0x30b ./Drivers/STM32H7xx_HAL_Driver/stm32h7xx_hal_pwr_ex.o
 .debug_macro   0x000000000003e2fd      0x2f6 ./Drivers/STM32H7xx_HAL_Driver/stm32h7xx_hal_rcc.o
 .debug_macro   0x000000000003e5f3      0x2f0 ./Drivers/STM32H7xx_HAL_Driver/stm32h7xx_hal_rcc_ex.o
 .debug_macro   0x000000000003e8e3      0x2e1 ./Drivers/STM32H7xx_HAL_Driver/stm32h7xx_hal_spi.o
 .debug_macro   0x000000000003ebc4      0x2fd ./Drivers/STM32H7xx_HAL_Driver/stm32h7xx_hal_uart.o
 .debug_macro   0x000000000003eec1      0x2de ./Drivers/STM32H7xx_HAL_Driver/stm32h7xx_hal_uart_ex.o
 .debug_macro   0x000000000003f19f      0x2d2 ./Drivers/STM32H7xx_HAL_Driver/stm32h7xx_ll_usb.o

.debug_line     0x0000000000000000    0x18f7a
 .debug_line    0x0000000000000000      0xaa0 ./Common/Src/system_stm32h7xx_dualcore_boot_cm4_cm7.o
 .debug_line    0x0000000000000aa0      0xc2c ./Core/Src/emulator.o
 .debug_line    0x00000000000016cc      0xcd8 ./Core/Src/gpio_impl.o
 .debug_line    0x00000000000023a4     0x1263 ./Core/Src/main.o
 .debug_line    0x0000000000003607      0xeef ./Core/Src/serial_impl.o
 .debug_line    0x00000000000044f6      0x9a6 ./Core/Src/stm32h7xx_hal_msp.o
 .debug_line    0x0000000000004e9c      0x96e ./Core/Src/stm32h7xx_it.o
 .debug_line    0x000000000000580a      0x7d1 ./Core/Src/syscalls.o
 .debug_line    0x0000000000005fdb      0xc45 ./Core/Src/time_impl.o
 .debug_line    0x0000000000006c20       0x88 ./Core/Startup/startup_stm32h755zitx.o
 .debug_line    0x0000000000006ca8      0xfdf ./Drivers/STM32H7xx_HAL_Driver/stm32h7xx_hal.o
 .debug_line    0x0000000000007c87      0xe92 ./Drivers/STM32H7xx_HAL_Driver/stm32h7xx_hal_cortex.o
 .debug_line    0x0000000000008b19      0xd43 ./Drivers/STM32H7xx_HAL_Driver/stm32h7xx_hal_gpio.o
 .debug_line    0x000000000000985c      0xa42 ./Drivers/STM32H7xx_HAL_Driver/stm32h7xx_hal_hsem.o
 .debug_line    0x000000000000a29e     0x1658 ./Drivers/STM32H7xx_HAL_Driver/stm32h7xx_hal_pcd.o
 .debug_line    0x000000000000b8f6      0xaa2 ./Drivers/STM32H7xx_HAL_Driver/stm32h7xx_hal_pcd_ex.o
 .debug_line    0x000000000000c398     0x10ad ./Drivers/STM32H7xx_HAL_Driver/stm32h7xx_hal_pwr_ex.o
 .debug_line    0x000000000000d445     0x1450 ./Drivers/STM32H7xx_HAL_Driver/stm32h7xx_hal_rcc.o
 .debug_line    0x000000000000e895     0x1d36 ./Drivers/STM32H7xx_HAL_Driver/stm32h7xx_hal_rcc_ex.o
 .debug_line    0x00000000000105cb     0x1f8f ./Drivers/STM32H7xx_HAL_Driver/stm32h7xx_hal_spi.o
 .debug_line    0x000000000001255a     0x3edd ./Drivers/STM32H7xx_HAL_Driver/stm32h7xx_hal_uart.o
 .debug_line    0x0000000000016437      0xf1e ./Drivers/STM32H7xx_HAL_Driver/stm32h7xx_hal_uart_ex.o
 .debug_line    0x0000000000017355     0x1c25 ./Drivers/STM32H7xx_HAL_Driver/stm32h7xx_ll_usb.o

.debug_str      0x0000000000000000   0x187112
 .debug_str     0x0000000000000000   0x179b32 ./Common/Src/system_stm32h7xx_dualcore_boot_cm4_cm7.o