Archive member included to satisfy reference by file (symbol)

/opt/st/stm32cubeide_1.12.1/plugins/com.st.stm32cube.ide.mcu.externaltools.gnu-tools-for-stm32.10.3-2021.10.linux64_1.0.200.202301161003/tools/bin/../lib/gcc/arm-none-eabi/10.3.1/../../../../arm-none-eabi/lib/thumb/v7e-m+dp/hard/libstdc++_nano.a(pure.o)
                              ./Core/Src/main.o (__cxa_pure_virtual)
/opt/st/stm32cubeide_1.12.1/plugins/com.st.stm32cube.ide.mcu.externaltools.gnu-tools-for-stm32.10.3-2021.10.linux64_1.0.200.202301161003/tools/bin/../lib/gcc/arm-none-eabi/10.3.1/../../../../arm-none-eabi/lib/thumb/v7e-m+dp/hard/libstdc++_nano.a(eh_terminate.o)
                              /opt/st/stm32cubeide_1.12.1/plugins/com.st.stm32cube.ide.mcu.externaltools.gnu-tools-for-stm32.10.3-2021.10.linux64_1.0.200.202301161003/tools/bin/../lib/gcc/arm-none-eabi/10.3.1/../../../../arm-none-eabi/lib/thumb/v7e-m+dp/hard/libstdc++_nano.a(pure.o) (std::terminate())
/opt/st/stm32cubeide_1.12.1/plugins/com.st.stm32cube.ide.mcu.externaltools.gnu-tools-for-stm32.10.3-2021.10.linux64_1.0.200.202301161003/tools/bin/../lib/gcc/arm-none-eabi/10.3.1/../../../../arm-none-eabi/lib/thumb/v7e-m+dp/hard/libstdc++_nano.a(eh_unex_handler.o)
                              /opt/st/stm32cubeide_1.12.1/plugins/com.st.stm32cube.ide.mcu.externaltools.gnu-tools-for-stm32.10.3-2021.10.linux64_1.0.200.202301161003/tools/bin/../lib/gcc/arm-none-eabi/10.3.1/../../../../arm-none-eabi/lib/thumb/v7e-m+dp/hard/libstdc++_nano.a(eh_terminate.o) (__cxxabiv1::__unexpected_handler)
/opt/st/stm32cubeide_1.12.1/plugins/com.st.stm32cube.ide.mcu.externaltools.gnu-tools-for-stm32.10.3-2021.10.linux64_1.0.200.202301161003/tools/bin/../lib/gcc/arm-none-eabi/10.3.1/../../../../arm-none-eabi/lib/thumb/v7e-m+dp/hard/libstdc++_nano.a(eh_term_handler.o)
                              /opt/st/stm32cubeide_1.12.1/plugins/com.st.stm32cube.ide.mcu.externaltools.gnu-tools-for-stm32.10.3-2021.10.linux64_1.0.200.202301161003/tools/bin/../lib/gcc/arm-none-eabi/10.3.1/../../../../arm-none-eabi/lib/thumb/v7e-m+dp/hard/libstdc++_nano.a(eh_terminate.o) (__cxxabiv1::__terminate_handler)
/opt/st/stm32cubeide_1.12.1/plugins/com.st.stm32cube.ide.mcu.externaltools.gnu-tools-for-stm32.10.3-2021.10.linux64_1.0.200.202301161003/tools/bin/../lib/gcc/arm-none-eabi/10.3.1/../../../../arm-none-eabi/lib/thumb/v7e-m+dp/hard/libc_nano.a(lib_a-abort.o)
                              /opt/st/stm32cubeide_1.12.1/plugins/com.st.stm32cube.ide.mcu.externaltools.gnu-tools-for-stm32.10.3-2021.10.linux64_1.0.200.202301161003/tools/bin/../lib/gcc/arm-none-eabi/10.3.1/../../../../arm-none-eabi/lib/thumb/v7e-m+dp/hard/libstdc++_nano.a(eh_terminate.o) (abort)
/opt/st/stm32cubeide_1.12.1/plugins/com.st.stm32cube.ide.mcu.externaltools.gnu-tools-for-stm32.10.3-2021.10.linux64_1.0.200.202301161003/tools/bin/../lib/gcc/arm-none-eabi/10.3.1/../../../../arm-none-eabi/lib/thumb/v7e-m+dp/hard/libc_nano.a(lib_a-errno.o)
                              ./Core/Src/syscalls.o (__errno)
/opt/st/stm32cubeide_1.12.1/plugins/com.st.stm32cube.ide.mcu.externaltools.gnu-tools-for-stm32.10.3-2021.10.linux64_1.0.200.202301161003/tools/bin/../lib/gcc/arm-none-eabi/10.3.1/../../../../arm-none-eabi/lib/thumb/v7e-m+dp/hard/libc_nano.a(lib_a-exit.o)
                              /opt/st/stm32cubeide_1.12.1/plugins/com.st.stm32cube.ide.mcu.externaltools.gnu-tools-for-stm32.10.3-2021.10.linux64_1.0.200.202301161003/tools/bin/../lib/gcc/arm-none-eabi/10.3.1/../../../../arm-none-eabi/lib/thumb/v7e-m+dp/hard/crt0.o (exit)
/opt/st/stm32cubeide_1.12.1/plugins/com.st.stm32cube.ide.mcu.externaltools.gnu-tools-for-stm32.10.3-2021.10.linux64_1.0.200.202301161003/tools/bin/../lib/gcc/arm-none-eabi/10.3.1/../../../../arm-none-eabi/lib/thumb/v7e-m+dp/hard/libc_nano.a(lib_a-impure.o)
                              /opt/st/stm32cubeide_1.12.1/plugins/com.st.stm32cube.ide.mcu.externaltools.gnu-tools-for-stm32.10.3-2021.10.linux64_1.0.200.202301161003/tools/bin/../lib/gcc/arm-none-eabi/10.3.1/../../../../arm-none-eabi/lib/thumb/v7e-m+dp/hard/libc_nano.a(lib_a-exit.o) (_global_impure_ptr)
/opt/st/stm32cubeide_1.12.1/plugins/com.st.stm32cube.ide.mcu.externaltools.gnu-tools-for-stm32.10.3-2021.10.linux64_1.0.200.202301161003/tools/bin/../lib/gcc/arm-none-eabi/10.3.1/../../../../arm-none-eabi/lib/thumb/v7e-m+dp/hard/libc_nano.a(lib_a-init.o)
                              /opt/st/stm32cubeide_1.12.1/plugins/com.st.stm32cube.ide.mcu.externaltools.gnu-tools-for-stm32.10.3-2021.10.linux64_1.0.200.202301161003/tools/bin/../lib/gcc/arm-none-eabi/10.3.1/../../../../arm-none-eabi/lib/thumb/v7e-m+dp/hard/crt0.o (__libc_init_array)
/opt/st/stm32cubeide_1.12.1/plugins/com.st.stm32cube.ide.mcu.externaltools.gnu-tools-for-stm32.10.3-2021.10.linux64_1.0.200.202301161003/tools/bin/../lib/gcc/arm-none-eabi/10.3.1/../../../../arm-none-eabi/lib/thumb/v7e-m+dp/hard/libc_nano.a(lib_a-memcpy-stub.o)
                              ./Core/Src/emulator.o (memcpy)
[...]
Memory Configuration

Name             Origin             Length             Attributes
RAM_D1           0x0000000024000000 0x0000000000080000 xrw
FLASH            0x0000000008000000 0x0000000000100000 xr
DTCMRAM          0x0000000020000000 0x0000000000020000 xrw
RAM_D2           0x0000000030000000 0x0000000000048000 xrw
RAM_D3           0x0000000038000000 0x0000000000010000 xrw
ITCMRAM          0x0000000000000000 0x0000000000010000 xrw
*default*        0x0000000000000000 0xffffffffffffffff

Linker script and memory map

LOAD /opt/st/stm32cubeide_1.12.1/plugins/com.st.stm32cube.ide.mcu.externaltools.gnu-tools-for-stm32.10.3-2021.10.linux64_1.0.200.202301161003/tools/bin/../lib/gcc/arm-none-eabi/10.3.1/thumb/v7e-m+dp/hard/crti.o
LOAD /opt/st/stm32cubeide_1.12.1/plugins/com.st.stm32cube.ide.mcu.externaltools.gnu-tools-for-stm32.10.3-2021.10.linux64_1.0.200.202301161003/tools/bin/../lib/gcc/arm-none-eabi/10.3.1/thumb/v7e-m+dp/hard/crtbegin.o
LOAD /opt/st/stm32cubeide_1.12.1/plugins/com.st.stm32cube.ide.mcu.externaltools.gnu-tools-for-stm32.10.3-2021.10.linux64_1.0.200.202301161003/tools/bin/../lib/gcc/arm-none-eabi/10.3.1/../../../../arm-none-eabi/lib/thumb/v7e-m+dp/hard/crt0.o
LOAD ./Common/Src/system_stm32h7xx_dualcore_boot_cm4_cm7.o
LOAD ./Core/Src/emulator.o
LOAD ./Core/Src/gpio_impl.o
LOAD ./Core/Src/interrupt_callback.o
LOAD ./Core/Src/main.o
LOAD ./Core/Src/serial_impl.o
LOAD ./Core/Src/stm32h7xx_hal_msp.o
LOAD ./Core/Src/stm32h7xx_it.o
LOAD ./Core/Src/syscalls.o
LOAD ./Core/Src/sysmem.o
LOAD ./Core/Src/time_impl.o
LOAD ./Core/Startup/startup_stm32h755zitx.o
LOAD ./Drivers/STM32H7xx_HAL_Driver/stm32h7xx_hal.o
LOAD ./Drivers/STM32H7xx_HAL_Driver/stm32h7xx_hal_cortex.o
LOAD ./Drivers/STM32H7xx_HAL_Driver/stm32h7xx_hal_dma.o
LOAD ./Drivers/STM32H7xx_HAL_Driver/stm32h7xx_hal_dma_ex.o
LOAD ./Drivers/STM32H7xx_HAL_Driver/stm32h7xx_hal_exti.o
LOAD ./Drivers/STM32H7xx_HAL_Driver/stm32h7xx_hal_flash.o
LOAD ./Drivers/STM32H7xx_HAL_Driver/stm32h7xx_hal_flash_ex.o
LOAD ./Drivers/STM32H7xx_HAL_Driver/stm32h7xx_hal_gpio.o
LOAD ./Drivers/STM32H7xx_HAL_Driver/stm32h7xx_hal_hsem.o
LOAD ./Drivers/STM32H7xx_HAL_Driver/stm32h7xx_hal_i2c.o
LOAD ./Drivers/STM32H7xx_HAL_Driver/stm32h7xx_hal_i2c_ex.o
LOAD ./Drivers/STM32H7xx_HAL_Driver/stm32h7xx_hal_mdma.o
LOAD ./Drivers/STM32H7xx_HAL_Driver/stm32h7xx_hal_pcd.o
LOAD ./Drivers/STM32H7xx_HAL_Driver/stm32h7xx_hal_pcd_ex.o
LOAD ./Drivers/STM32H7xx_HAL_Driver/stm32h7xx_hal_pwr.o
LOAD ./Drivers/STM32H7xx_HAL_Driver/stm32h7xx_hal_pwr_ex.o
LOAD ./Drivers/STM32H7xx_HAL_Driver/stm32h7xx_hal_rcc.o
LOAD ./Drivers/STM32H7xx_HAL_Driver/stm32h7xx_hal_rcc_ex.o
LOAD ./Drivers/STM32H7xx_HAL_Driver/stm32h7xx_hal_spi.o
LOAD ./Drivers/STM32H7xx_HAL_Driver/stm32h7xx_hal_spi_ex.o
LOAD ./Drivers/STM32H7xx_HAL_Driver/stm32h7xx_hal_tim.o
LOAD ./Drivers/STM32H7xx_HAL_Driver/stm32h7xx_hal_tim_ex.o
LOAD ./Drivers/STM32H7xx_HAL_Driver/stm32h7xx_hal_uart.o
LOAD ./Drivers/STM32H7xx_HAL_Driver/stm32h7xx_hal_uart_ex.o
LOAD ./Drivers/STM32H7xx_HAL_Driver/stm32h7xx_ll_usb.o
START GROUP
LOAD /opt/st/stm32cubeide_1.12.1/plugins/com.st.stm32cube.ide.mcu.externaltools.gnu-tools-for-stm32.10.3-2021.10.linux64_1.0.200.202301161003/tools/bin/../lib/gcc/arm-none-eabi/10.3.1/../../../../arm-none-eabi/lib/thumb/v7e-m+dp/hard/libstdc++_nano.a
LOAD /opt/st/stm32cubeide_1.12.1/plugins/com.st.stm32cube.ide.mcu.externaltools.gnu-tools-for-stm32.10.3-2021.10.linux64_1.0.200.202301161003/tools/bin/../lib/gcc/arm-none-eabi/10.3.1/../../../../arm-none-eabi/lib/thumb/v7e-m+dp/hard/libsupc++_nano.a
END GROUP
LOAD /opt/st/stm32cubeide_1.12.1/plugins/com.st.stm32cube.ide.mcu.externaltools.gnu-tools-for-stm32.10.3-2021.10.linux64_1.0.200.202301161003/tools/bin/../lib/gcc/arm-none-eabi/10.3.1/../../../../arm-none-eabi/lib/thumb/v7e-m+dp/hard/libstdc++_nano.a
LOAD /opt/st/stm32cubeide_1.12.1/plugins/com.st.stm32cube.ide.mcu.externaltools.gnu-tools-for-stm32.10.3-2021.10.linux64_1.0.200.202301161003/tools/bin/../lib/gcc/arm-none-eabi/10.3.1/../../../../arm-none-eabi/lib/thumb/v7e-m+dp/hard/libm.a
LOAD /opt/st/stm32cubeide_1.12.1/plugins/com.st.stm32cube.ide.mcu.externaltools.gnu-tools-for-stm32.10.3-2021.10.linux64_1.0.200.202301161003/tools/bin/../lib/gcc/arm-none-eabi/10.3.1/../../../../arm-none-eabi/lib/thumb/v7e-m+dp/hard/libc_nano.a
START GROUP
LOAD /opt/st/stm32cubeide_1.12.1/plugins/com.st.stm32cube.ide.mcu.externaltools.gnu-tools-for-stm32.10.3-2021.10.linux64_1.0.200.202301161003/tools/bin/../lib/gcc/arm-none-eabi/10.3.1/thumb/v7e-m+dp/hard/libgcc.a
LOAD /opt/st/stm32cubeide_1.12.1/plugins/com.st.stm32cube.ide.mcu.externaltools.gnu-tools-for-stm32.10.3-2021.10.linux64_1.0.200.202301161003/tools/bin/../lib/gcc/arm-none-eabi/10.3.1/../../../../arm-none-eabi/lib/thumb/v7e-m+dp/hard/libc_nano.a
END GROUP
START GROUP
LOAD /opt/st/stm32cubeide_1.12.1/plugins/com.st.stm32cube.ide.mcu.externaltools.gnu-tools-for-stm32.10.3-2021.10.linux64_1.0.200.202301161003/tools/bin/../lib/gcc/arm-none-eabi/10.3.1/thumb/v7e-m+dp/hard/libgcc.a
LOAD /opt/st/stm32cubeide_1.12.1/plugins/com.st.stm32cube.ide.mcu.externaltools.gnu-tools-for-stm32.10.3-2021.10.linux64_1.0.200.202301161003/tools/bin/../lib/gcc/arm-none-eabi/10.3.1/../../../../arm-none-eabi/lib/thumb/v7e-m+dp/hard/libc_nano.a
LOAD /opt/st/stm32cubeide_1.12.1/plugins/com.st.stm32cube.ide.mcu.externaltools.gnu-tools-for-stm32.10.3-2021.10.linux64_1.0.200.202301161003/tools/bin/../lib/gcc/arm-none-eabi/10.3.1/../../../../arm-none-eabi/lib/thumb/v7e-m+dp/hard/libnosys.a
END GROUP
START GROUP
LOAD /opt/st/stm32cubeide_1.12.1/plugins/com.st.stm32cube.ide.mcu.externaltools.gnu-tools-for-stm32.10.3-2021.10.linux64_1.0.200.202301161003/tools/bin/../lib/gcc/arm-none-eabi/10.3.1/thumb/v7e-m+dp/hard/libgcc.a
LOAD /opt/st/stm32cubeide_1.12.1/plugins/com.st.stm32cube.ide.mcu.externaltools.gnu-tools-for-stm32.10.3-2021.10.linux64_1.0.200.202301161003/tools/bin/../lib/gcc/arm-none-eabi/10.3.1/../../../../arm-none-eabi/lib/thumb/v7e-m+dp/hard/libc_nano.a
LOAD /opt/st/stm32cubeide_1.12.1/plugins/com.st.stm32cube.ide.mcu.externaltools.gnu-tools-for-stm32.10.3-2021.10.linux64_1.0.200.202301161003/tools/bin/../lib/gcc/arm-none-eabi/10.3.1/../../../../arm-none-eabi/lib/thumb/v7e-m+dp/hard/libnosys.a
END GROUP
LOAD /opt/st/stm32cubeide_1.12.1/plugins/com.st.stm32cube.ide.mcu.externaltools.gnu-tools-for-stm32.10.3-2021.10.linux64_1.0.200.202301161003/tools/bin/../lib/gcc/arm-none-eabi/10.3.1/thumb/v7e-m+dp/hard/crtend.o
LOAD /opt/st/stm32cubeide_1.12.1/plugins/com.st.stm32cube.ide.mcu.externaltools.gnu-tools-for-stm32.10.3-2021.10.linux64_1.0.200.202301161003/tools/bin/../lib/gcc/arm-none-eabi/10.3.1/thumb/v7e-m+dp/hard/crtn.o
                0x0000000024080000                _estack = (ORIGIN (RAM_D1) + LENGTH (RAM_D1))
                0x0000000000000200                _Min_Heap_Size = 0x200
                0x0000000000000400                _Min_Stack_Size = 0x400

.isr_vector     0x0000000008000000      0x298
                0x0000000008000000                . = ALIGN (0x4)
 *(.isr_vector)
 .isr_vector    0x0000000008000000      0x298 ./Core/Startup/startup_stm32h755zitx.o
                0x0000000008000000                g_pfnVectors
                0x0000000008000298                . = ALIGN (0x4)

.text           0x0000000008000298     0x7364
                0x0000000008000298                . = ALIGN (0x4)
 *(.text)
 .text          0x0000000008000298       0x40 /opt/st/stm32cubeide_1.12.1/plugins/com.st.stm32cube.ide.mcu.externaltools.gnu-tools-for-stm32.10.3-2021.10.linux64_1.0.200.202301161003/tools/bin/../lib/gcc/arm-none-eabi/10.3.1/thumb/v7e-m+dp/hard/crtbegin.o
 .text          0x00000000080002d8       0x10 /opt/st/stm32cubeide_1.12.1/plugins/com.st.stm32cube.ide.mcu.externaltools.gnu-tools-for-stm32.10.3-2021.10.linux64_1.0.200.202301161003/tools/bin/../lib/gcc/arm-none-eabi/10.3.1/../../../../arm-none-eabi/lib/thumb/v7e-m+dp/hard/libc_nano.a(lib_a-strlen.o)
                0x00000000080002d8                strlen
 .text          0x00000000080002e8       0x30 /opt/st/stm32cubeide_1.12.1/plugins/com.st.stm32cube.ide.mcu.externaltools.gnu-tools-for-stm32.10.3-2021.10.linux64_1.0.200.202301161003/tools/bin/../lib/gcc/arm-none-eabi/10.3.1/thumb/v7e-m+dp/hard/libgcc.a(_aeabi_uldivmod.o)
                0x00000000080002e8                __aeabi_uldivmod
 .text          0x0000000008000318      0x2d0 /opt/st/stm32cubeide_1.12.1/plugins/com.st.stm32cube.ide.mcu.externaltools.gnu-tools-for-stm32.10.3-2021.10.linux64_1.0.200.202301161003/tools/bin/../lib/gcc/arm-none-eabi/10.3.1/thumb/v7e-m+dp/hard/libgcc.a(_udivmoddi4.o)
                0x0000000008000318                __udivmoddi4
 .text          0x00000000080005e8        0x4 /opt/st/stm32cubeide_1.12.1/plugins/com.st.stm32cube.ide.mcu.externaltools.gnu-tools-for-stm32.10.3-2021.10.linux64_1.0.200.202301161003/tools/bin/../lib/gcc/arm-none-eabi/10.3.1/thumb/v7e-m+dp/hard/libgcc.a(_dvmd_tls.o)
                0x00000000080005e8                __aeabi_ldiv0
                0x00000000080005e8                __aeabi_idiv0
 *(.text*)
 .text.SystemInit
                0x00000000080005ec      0x12c ./Common/Src/system_stm32h7xx_dualcore_boot_cm4_cm7.o
                0x00000000080005ec                SystemInit
 .text._ZN15binarx_emulator14BinarXEmulator3RunEv
                0x0000000008000718       0x88 ./Core/Src/emulator.o
                0x0000000008000718                binarx_emulator::BinarXEmulator::Run()
 .text._ZN15binarx_emulator14BinarXEmulator27PayloadCommunicationHandlerEv
                0x00000000080007a0      0x12c ./Core/Src/emulator.o
                0x00000000080007a0                binarx_emulator::BinarXEmulator::PayloadCommunicationHandler()
 .text._ZN15binarx_emulator14BinarXEmulator4InitEv
                0x00000000080008cc       0x22 ./Core/Src/emulator.o
                0x00000000080008cc                binarx_emulator::BinarXEmulator::Init()
 .text._ZN15binarx_emulator14BinarXEmulator28PayloadCommunicationCallbackEv
                0x00000000080008ee       0x1a ./Core/Src/emulator.o
                0x00000000080008ee                binarx_emulator::BinarXEmulator::PayloadCommunicationCallback()
 .text._ZN15binarx_emulator14BinarXEmulator19ButtonPressCallbackEv
                0x0000000008000908       0x1a ./Core/Src/emulator.o
                0x0000000008000908                binarx_emulator::BinarXEmulator::ButtonPressCallback()
 *fill*         0x0000000008000922        0x2 
 .text._ZN15binarx_emulator14BinarXEmulator12RunStartInfoEv
                0x0000000008000924       0x5c ./Core/Src/emulator.o
                0x0000000008000924                binarx_emulator::BinarXEmulator::RunStartInfo()
 .text._ZN15binarx_emulator14BinarXEmulator10RunEndInfoEv
                0x0000000008000980       0x54 ./Core/Src/emulator.o
                0x0000000008000980                binarx_emulator::BinarXEmulator::RunEndInfo()
 .text._ZN16binarx_gpio_impl8GpioImpl7SetHighEN21binarx_gpio_interface12GpioSelectorE
                0x00000000080009d4       0x36 ./Core/Src/gpio_impl.o
                0x00000000080009d4                binarx_gpio_impl::GpioImpl::SetHigh(binarx_gpio_interface::GpioSelector)
 .text._ZN16binarx_gpio_impl8GpioImpl6SetLowEN21binarx_gpio_interface12GpioSelectorE
                0x0000000008000a0a       0x36 ./Core/Src/gpio_impl.o
                0x0000000008000a0a                binarx_gpio_impl::GpioImpl::SetLow(binarx_gpio_interface::GpioSelector)
 .text._ZN16binarx_gpio_impl8GpioImpl9TogglePinEN21binarx_gpio_interface12GpioSelectorE
                0x0000000008000a40       0x34 ./Core/Src/gpio_impl.o
                0x0000000008000a40                binarx_gpio_impl::GpioImpl::TogglePin(binarx_gpio_interface::GpioSelector)
 .text._ZN16binarx_gpio_impl8GpioImpl16WaitForInterruptEN21binarx_gpio_interface12GpioSelectorEm
                0x0000000008000a74       0x64 ./Core/Src/gpio_impl.o
                0x0000000008000a74                binarx_gpio_impl::GpioImpl::WaitForInterrupt(binarx_gpio_interface::GpioSelector, unsigned long)
 .text._ZN16binarx_gpio_impl8GpioImpl6GetPinEN21binarx_gpio_interface12GpioSelectorE
                0x0000000008000ad8       0x3a ./Core/Src/gpio_impl.o
                0x0000000008000ad8                binarx_gpio_impl::GpioImpl::GetPin(binarx_gpio_interface::GpioSelector)
 *fill*         0x0000000008000b12        0x2 
 .text._ZN16binarx_gpio_impl8GpioImpl7GetPortEN21binarx_gpio_interface12GpioSelectorE
                0x0000000008000b14       0x40 ./Core/Src/gpio_impl.o
                0x0000000008000b14                binarx_gpio_impl::GpioImpl::GetPort(binarx_gpio_interface::GpioSelector)
 .text._ZN21binarx_gpio_interface13GpioInterfaceC2Ev
                0x0000000008000b54       0x20 ./Core/Src/main.o
                0x0000000008000b54                binarx_gpio_interface::GpioInterface::GpioInterface()
                0x0000000008000b54                binarx_gpio_interface::GpioInterface::GpioInterface()
 .text._ZN16binarx_gpio_impl8GpioImplC2Ev
                0x0000000008000b74       0x24 ./Core/Src/main.o
                0x0000000008000b74                binarx_gpio_impl::GpioImpl::GpioImpl()
                0x0000000008000b74                binarx_gpio_impl::GpioImpl::GpioImpl()
 .text._ZN21binarx_time_interface13TimeInterfaceC2Ev
                0x0000000008000b98       0x20 ./Core/Src/main.o
                0x0000000008000b98                binarx_time_interface::TimeInterface::TimeInterface()
                0x0000000008000b98                binarx_time_interface::TimeInterface::TimeInterface()
 .text._ZN16binarx_time_impl8TimeImplC2Ev
                0x0000000008000bb8       0x24 ./Core/Src/main.o
                0x0000000008000bb8                binarx_time_impl::TimeImpl::TimeImpl()
                0x0000000008000bb8                binarx_time_impl::TimeImpl::TimeImpl()
 .text._ZN23binarx_serial_interface28SerialCommunicationInterfaceC2Ev
                0x0000000008000bdc       0x20 ./Core/Src/main.o
                0x0000000008000bdc                binarx_serial_interface::SerialCommunicationInterface::SerialCommunicationInterface()
                0x0000000008000bdc                binarx_serial_interface::SerialCommunicationInterface::SerialCommunicationInterface()
 .text._ZN18binarx_serial_impl7SpiImplC2Ev
                0x0000000008000bfc       0x24 ./Core/Src/main.o
                0x0000000008000bfc                binarx_serial_impl::SpiImpl::SpiImpl()
                0x0000000008000bfc                binarx_serial_impl::SpiImpl::SpiImpl()
 .text._ZN18binarx_serial_impl8UartImplC2Ev
                0x0000000008000c20       0x24 ./Core/Src/main.o
                0x0000000008000c20                binarx_serial_impl::UartImpl::UartImpl()
                0x0000000008000c20                binarx_serial_impl::UartImpl::UartImpl()
 .text._ZN15binarx_emulator14BinarXEmulatorC2EPN23binarx_serial_interface28SerialCommunicationInterfaceES3_PN21binarx_gpio_interface13GpioInterfaceEPN21binarx_time_interface13TimeInterfaceE
                0x0000000008000c44       0x40 ./Core/Src/main.o
                0x0000000008000c44                binarx_emulator::BinarXEmulator::BinarXEmulator(binarx_serial_interface::SerialCommunicationInterface*, binarx_serial_interface::SerialCommunicationInterface*, binarx_gpio_interface::GpioInterface*, binarx_time_interface::TimeInterface*)
                0x0000000008000c44                binarx_emulator::BinarXEmulator::BinarXEmulator(binarx_serial_interface::SerialCommunicationInterface*, binarx_serial_interface::SerialCommunicationInterface*, binarx_gpio_interface::GpioInterface*, binarx_time_interface::TimeInterface*)
 .text.HAL_GPIO_EXTI_Callback
                0x0000000008000c84       0x34 ./Core/Src/main.o
                0x0000000008000c84                HAL_GPIO_EXTI_Callback
 .text.main     0x0000000008000cb8       0x60 ./Core/Src/main.o
                0x0000000008000cb8                main
 .text._Z18SystemClock_Configv
                0x0000000008000d18      0x11c ./Core/Src/main.o
                0x0000000008000d18                SystemClock_Config()
 .text._ZL12MX_SPI1_Initv
                0x0000000008000e34       0xb8 ./Core/Src/main.o
 .text._ZL19MX_USART3_UART_Initv
                0x0000000008000eec       0xc0 ./Core/Src/main.o
 .text._ZL22MX_USB_OTG_FS_PCD_Initv
                0x0000000008000fac       0x6c ./Core/Src/main.o
 .text._ZL12MX_GPIO_Initv
                0x0000000008001018      0x18c ./Core/Src/main.o
 .text.Error_Handler
                0x00000000080011a4        0xa ./Core/Src/main.o
                0x00000000080011a4                Error_Handler
 *fill*         0x00000000080011ae        0x2 
 .text._Z41__static_initialization_and_destruction_0ii
                0x00000000080011b0       0x60 ./Core/Src/main.o
 .text._GLOBAL__sub_I_hspi1
                0x0000000008001210       0x10 ./Core/Src/main.o
 .text._ZN18binarx_serial_impl7SpiImpl8TransmitEPhtm
                0x0000000008001220       0x38 ./Core/Src/serial_impl.o
                0x0000000008001220                binarx_serial_impl::SpiImpl::Transmit(unsigned char*, unsigned short, unsigned long)
 .text._ZN18binarx_serial_impl7SpiImpl7ReceiveEPhtm
                0x0000000008001258       0x38 ./Core/Src/serial_impl.o
                0x0000000008001258                binarx_serial_impl::SpiImpl::Receive(unsigned char*, unsigned short, unsigned long)
 .text._ZN18binarx_serial_impl8UartImpl8TransmitEPhtm
                0x0000000008001290       0x38 ./Core/Src/serial_impl.o
                0x0000000008001290                binarx_serial_impl::UartImpl::Transmit(unsigned char*, unsigned short, unsigned long)
 .text._ZN18binarx_serial_impl8UartImpl7ReceiveEPhtm
                0x00000000080012c8       0x38 ./Core/Src/serial_impl.o
                0x00000000080012c8                binarx_serial_impl::UartImpl::Receive(unsigned char*, unsigned short, unsigned long)
 .text._ZN18binarx_serial_impl18SerialErrorHandlerE17HAL_StatusTypeDef
                0x0000000008001300       0x48 ./Core/Src/serial_impl.o
                0x0000000008001300                binarx_serial_impl::SerialErrorHandler(HAL_StatusTypeDef)
 .text.HAL_MspInit
                0x0000000008001348       0x34 ./Core/Src/stm32h7xx_hal_msp.o
                0x0000000008001348                HAL_MspInit
 .text.HAL_SPI_MspInit
                0x000000000800137c       0xd0 ./Core/Src/stm32h7xx_hal_msp.o
                0x000000000800137c                HAL_SPI_MspInit
 .text.HAL_UART_MspInit
                0x000000000800144c       0xd4 ./Core/Src/stm32h7xx_hal_msp.o
                0x000000000800144c                HAL_UART_MspInit
 .text.HAL_PCD_MspInit
                0x0000000008001520       0xf8 ./Core/Src/stm32h7xx_hal_msp.o
                0x0000000008001520                HAL_PCD_MspInit
 .text.NMI_Handler
                0x0000000008001618        0x6 ./Core/Src/stm32h7xx_it.o
                0x0000000008001618                NMI_Handler
 .text.HardFault_Handler
                0x000000000800161e        0x6 ./Core/Src/stm32h7xx_it.o
                0x000000000800161e                HardFault_Handler
 .text.MemManage_Handler
                0x0000000008001624        0x6 ./Core/Src/stm32h7xx_it.o
                0x0000000008001624                MemManage_Handler
 .text.BusFault_Handler
                0x000000000800162a        0x6 ./Core/Src/stm32h7xx_it.o
                0x000000000800162a                BusFault_Handler
 .text.UsageFault_Handler
                0x0000000008001630        0x6 ./Core/Src/stm32h7xx_it.o
                0x0000000008001630                UsageFault_Handler
 .text.SVC_Handler
                0x0000000008001636        0xe ./Core/Src/stm32h7xx_it.o
                0x0000000008001636                SVC_Handler
 .text.DebugMon_Handler
                0x0000000008001644        0xe ./Core/Src/stm32h7xx_it.o
                0x0000000008001644                DebugMon_Handler
 .text.PendSV_Handler
                0x0000000008001652        0xe ./Core/Src/stm32h7xx_it.o
                0x0000000008001652                PendSV_Handler
 .text.SysTick_Handler
                0x0000000008001660        0xc ./Core/Src/stm32h7xx_it.o
                0x0000000008001660                SysTick_Handler
 .text.EXTI4_IRQHandler
                0x000000000800166c        0xe ./Core/Src/stm32h7xx_it.o
                0x000000000800166c                EXTI4_IRQHandler
 .text.EXTI15_10_IRQHandler
                0x000000000800167a       0x10 ./Core/Src/stm32h7xx_it.o
                0x000000000800167a                EXTI15_10_IRQHandler
 .text._getpid  0x000000000800168a       0x10 ./Core/Src/syscalls.o
                0x000000000800168a                _getpid
 .text._kill    0x000000000800169a       0x20 ./Core/Src/syscalls.o
                0x000000000800169a                _kill
 .text._exit    0x00000000080016ba       0x14 ./Core/Src/syscalls.o
                0x00000000080016ba                _exit
 .text._ZN16binarx_time_impl8TimeImpl5DelayEm
                0x00000000080016ce       0x18 ./Core/Src/time_impl.o
                0x00000000080016ce                binarx_time_impl::TimeImpl::Delay(unsigned long)
 .text._ZN16binarx_time_impl8TimeImpl8GetTicksEv
                0x00000000080016e6       0x16 ./Core/Src/time_impl.o
                0x00000000080016e6                binarx_time_impl::TimeImpl::GetTicks()
 .text.Reset_Handler
                0x00000000080016fc       0x50 ./Core/Startup/startup_stm32h755zitx.o
                0x00000000080016fc                Reset_Handler
 .text.Default_Handler
                0x000000000800174c        0x2 ./Core/Startup/startup_stm32h755zitx.o
                0x000000000800174c                RTC_Alarm_IRQHandler
                0x000000000800174c                HASH_RNG_IRQHandler
                0x000000000800174c                EXTI2_IRQHandler
                0x000000000800174c                TIM8_CC_IRQHandler
                0x000000000800174c                HRTIM1_Master_IRQHandler
                0x000000000800174c                UART8_IRQHandler
                0x000000000800174c                SPI4_IRQHandler
                0x000000000800174c                TIM1_CC_IRQHandler
                0x000000000800174c                BDMA_Channel6_IRQHandler
                0x000000000800174c                DMA2_Stream5_IRQHandler
                0x000000000800174c                HRTIM1_FLT_IRQHandler
                0x000000000800174c                JPEG_IRQHandler
                0x000000000800174c                DMA1_Stream5_IRQHandler
                0x000000000800174c                BDMA_Channel1_IRQHandler
                0x000000000800174c                HRTIM1_TIMD_IRQHandler
                0x000000000800174c                TAMP_STAMP_IRQHandler
                0x000000000800174c                EXTI3_IRQHandler
                0x000000000800174c                LPTIM4_IRQHandler
                0x000000000800174c                TIM8_TRG_COM_TIM14_IRQHandler
                0x000000000800174c                LPTIM2_IRQHandler
                0x000000000800174c                DFSDM1_FLT1_IRQHandler
                0x000000000800174c                DMAMUX2_OVR_IRQHandler
                0x000000000800174c                TIM8_UP_TIM13_IRQHandler
                0x000000000800174c                I2C3_ER_IRQHandler
                0x000000000800174c                DFSDM1_FLT2_IRQHandler
                0x000000000800174c                MDMA_IRQHandler
                0x000000000800174c                LPTIM3_IRQHandler
                0x000000000800174c                HSEM1_IRQHandler
                0x000000000800174c                EXTI0_IRQHandler
                0x000000000800174c                I2C2_EV_IRQHandler
                0x000000000800174c                DMA1_Stream2_IRQHandler
                0x000000000800174c                FPU_IRQHandler
                0x000000000800174c                OTG_HS_WKUP_IRQHandler
                0x000000000800174c                FDCAN1_IT1_IRQHandler
                0x000000000800174c                LTDC_ER_IRQHandler
                0x000000000800174c                DMA2_Stream2_IRQHandler
                0x000000000800174c                HRTIM1_TIME_IRQHandler
                0x000000000800174c                SPI1_IRQHandler
                0x000000000800174c                TIM6_DAC_IRQHandler
                0x000000000800174c                DCMI_IRQHandler
                0x000000000800174c                HRTIM1_TIMC_IRQHandler
                0x000000000800174c                DMA2_Stream3_IRQHandler
                0x000000000800174c                SAI2_IRQHandler
                0x000000000800174c                DFSDM1_FLT3_IRQHandler
                0x000000000800174c                USART6_IRQHandler
                0x000000000800174c                TIM17_IRQHandler
                0x000000000800174c                USART3_IRQHandler
                0x000000000800174c                BDMA_Channel7_IRQHandler
                0x000000000800174c                CRYP_IRQHandler
                0x000000000800174c                LPTIM5_IRQHandler
                0x000000000800174c                UART5_IRQHandler
                0x000000000800174c                ADC3_IRQHandler
                0x000000000800174c                DMA2_Stream0_IRQHandler
                0x000000000800174c                TIM4_IRQHandler
                0x000000000800174c                BDMA_Channel2_IRQHandler
                0x000000000800174c                QUADSPI_IRQHandler
                0x000000000800174c                I2C1_EV_IRQHandler
                0x000000000800174c                DMA1_Stream6_IRQHandler
                0x000000000800174c                DMAMUX1_OVR_IRQHandler
                0x000000000800174c                DMA1_Stream1_IRQHandler
                0x000000000800174c                TIM16_IRQHandler
                0x000000000800174c                UART4_IRQHandler
                0x000000000800174c                BDMA_Channel5_IRQHandler
                0x000000000800174c                TIM3_IRQHandler
                0x000000000800174c                RCC_IRQHandler
                0x000000000800174c                TIM8_BRK_TIM12_IRQHandler
                0x000000000800174c                TIM1_TRG_COM_IRQHandler
                0x000000000800174c                Default_Handler
                0x000000000800174c                ECC_IRQHandler
                0x000000000800174c                CEC_IRQHandler
                0x000000000800174c                BDMA_Channel0_IRQHandler
                0x000000000800174c                ADC_IRQHandler
                0x000000000800174c                DMA1_Stream7_IRQHandler
                0x000000000800174c                HRTIM1_TIMA_IRQHandler
                0x000000000800174c                SPI5_IRQHandler
                0x000000000800174c                TIM7_IRQHandler
                0x000000000800174c                SDMMC1_IRQHandler
                0x000000000800174c                TIM5_IRQHandler
                0x000000000800174c                DMA2_Stream7_IRQHandler
                0x000000000800174c                TIM15_IRQHandler
                0x000000000800174c                PVD_AVD_IRQHandler
                0x000000000800174c                I2C3_EV_IRQHandler
                0x000000000800174c                EXTI9_5_IRQHandler
                0x000000000800174c                RTC_WKUP_IRQHandler
                0x000000000800174c                LTDC_IRQHandler
                0x000000000800174c                SAI3_IRQHandler
                0x000000000800174c                ETH_WKUP_IRQHandler
                0x000000000800174c                SPDIF_RX_IRQHandler
                0x000000000800174c                SPI2_IRQHandler
                0x000000000800174c                OTG_HS_EP1_IN_IRQHandler
                0x000000000800174c                DMA1_Stream0_IRQHandler
                0x000000000800174c                CRS_IRQHandler
                0x000000000800174c                CM7_SEV_IRQHandler
                0x000000000800174c                CM4_SEV_IRQHandler
                0x000000000800174c                HRTIM1_TIMB_IRQHandler
                0x000000000800174c                FDCAN2_IT1_IRQHandler
                0x000000000800174c                ETH_IRQHandler
                0x000000000800174c                TIM1_UP_IRQHandler
                0x000000000800174c                WWDG_RST_IRQHandler
                0x000000000800174c                BDMA_Channel4_IRQHandler
                0x000000000800174c                OTG_HS_EP1_OUT_IRQHandler
                0x000000000800174c                WWDG_IRQHandler
                0x000000000800174c                SPI6_IRQHandler
                0x000000000800174c                MDIOS_IRQHandler
                0x000000000800174c                I2C4_EV_IRQHandler
                0x000000000800174c                FDCAN2_IT0_IRQHandler
                0x000000000800174c                LPUART1_IRQHandler
                0x000000000800174c                FDCAN1_IT0_IRQHandler
                0x000000000800174c                TIM2_IRQHandler
                0x000000000800174c                OTG_FS_WKUP_IRQHandler
                0x000000000800174c                OTG_HS_IRQHandler
                0x000000000800174c                HSEM2_IRQHandler
                0x000000000800174c                DMA2D_IRQHandler
                0x000000000800174c                TIM1_BRK_IRQHandler
                0x000000000800174c                EXTI1_IRQHandler
                0x000000000800174c                SDMMC2_IRQHandler
                0x000000000800174c                OTG_FS_EP1_OUT_IRQHandler
                0x000000000800174c                BDMA_Channel3_IRQHandler
                0x000000000800174c                HOLD_CORE_IRQHandler
                0x000000000800174c                UART7_IRQHandler
                0x000000000800174c                MDIOS_WKUP_IRQHandler
                0x000000000800174c                USART2_IRQHandler
                0x000000000800174c                DFSDM1_FLT0_IRQHandler
                0x000000000800174c                SAI4_IRQHandler
                0x000000000800174c                I2C2_ER_IRQHandler
                0x000000000800174c                DMA2_Stream1_IRQHandler
                0x000000000800174c                FLASH_IRQHandler
                0x000000000800174c                DMA2_Stream4_IRQHandler
                0x000000000800174c                USART1_IRQHandler
                0x000000000800174c                OTG_FS_IRQHandler
                0x000000000800174c                SPI3_IRQHandler
                0x000000000800174c                WAKEUP_PIN_IRQHandler
                0x000000000800174c                DMA1_Stream4_IRQHandler
                0x000000000800174c                OTG_FS_EP1_IN_IRQHandler
                0x000000000800174c                I2C1_ER_IRQHandler
                0x000000000800174c                FMC_IRQHandler
                0x000000000800174c                FDCAN_CAL_IRQHandler
                0x000000000800174c                SWPMI1_IRQHandler
                0x000000000800174c                COMP1_IRQHandler
                0x000000000800174c                LPTIM1_IRQHandler
                0x000000000800174c                I2C4_ER_IRQHandler
                0x000000000800174c                DMA2_Stream6_IRQHandler
                0x000000000800174c                SAI1_IRQHandler
                0x000000000800174c                DMA1_Stream3_IRQHandler
 *fill*         0x000000000800174e        0x2 
 .text.HAL_Init
                0x0000000008001750       0x78 ./Drivers/STM32H7xx_HAL_Driver/stm32h7xx_hal.o
                0x0000000008001750                HAL_Init
 .text.HAL_InitTick
                0x00000000080017c8       0x6c ./Drivers/STM32H7xx_HAL_Driver/stm32h7xx_hal.o
                0x00000000080017c8                HAL_InitTick
 .text.HAL_IncTick
                0x0000000008001834       0x28 ./Drivers/STM32H7xx_HAL_Driver/stm32h7xx_hal.o
                0x0000000008001834                HAL_IncTick
 .text.HAL_GetTick
                0x000000000800185c       0x18 ./Drivers/STM32H7xx_HAL_Driver/stm32h7xx_hal.o
                0x000000000800185c                HAL_GetTick
 .text.HAL_Delay
                0x0000000008001874       0x48 ./Drivers/STM32H7xx_HAL_Driver/stm32h7xx_hal.o
                0x0000000008001874                HAL_Delay
 .text.HAL_GetREVID
                0x00000000080018bc       0x18 ./Drivers/STM32H7xx_HAL_Driver/stm32h7xx_hal.o
                0x00000000080018bc                HAL_GetREVID
 .text.__NVIC_SetPriorityGrouping
                0x00000000080018d4       0x48 ./Drivers/STM32H7xx_HAL_Driver/stm32h7xx_hal_cortex.o
 .text.__NVIC_GetPriorityGrouping
                0x000000000800191c       0x1c ./Drivers/STM32H7xx_HAL_Driver/stm32h7xx_hal_cortex.o
 .text.__NVIC_EnableIRQ
                0x0000000008001938       0x3c ./Drivers/STM32H7xx_HAL_Driver/stm32h7xx_hal_cortex.o
 .text.__NVIC_SetPriority
                0x0000000008001974       0x54 ./Drivers/STM32H7xx_HAL_Driver/stm32h7xx_hal_cortex.o
 .text.NVIC_EncodePriority
                0x00000000080019c8       0x66 ./Drivers/STM32H7xx_HAL_Driver/stm32h7xx_hal_cortex.o
 *fill*         0x0000000008001a2e        0x2 
 .text.SysTick_Config
                0x0000000008001a30       0x44 ./Drivers/STM32H7xx_HAL_Driver/stm32h7xx_hal_cortex.o
 .text.HAL_NVIC_SetPriorityGrouping
                0x0000000008001a74       0x16 ./Drivers/STM32H7xx_HAL_Driver/stm32h7xx_hal_cortex.o
                0x0000000008001a74                HAL_NVIC_SetPriorityGrouping
 .text.HAL_NVIC_SetPriority
                0x0000000008001a8a       0x34 ./Drivers/STM32H7xx_HAL_Driver/stm32h7xx_hal_cortex.o
                0x0000000008001a8a                HAL_NVIC_SetPriority
 .text.HAL_NVIC_EnableIRQ
                0x0000000008001abe       0x1c ./Drivers/STM32H7xx_HAL_Driver/stm32h7xx_hal_cortex.o
                0x0000000008001abe                HAL_NVIC_EnableIRQ
 .text.HAL_SYSTICK_Config
                0x0000000008001ada       0x18 ./Drivers/STM32H7xx_HAL_Driver/stm32h7xx_hal_cortex.o
                0x0000000008001ada                HAL_SYSTICK_Config
 *fill*         0x0000000008001af2        0x2 
 .text.HAL_GPIO_Init
                0x0000000008001af4      0x360 ./Drivers/STM32H7xx_HAL_Driver/stm32h7xx_hal_gpio.o
                0x0000000008001af4                HAL_GPIO_Init
 .text.HAL_GPIO_ReadPin
                0x0000000008001e54       0x30 ./Drivers/STM32H7xx_HAL_Driver/stm32h7xx_hal_gpio.o
                0x0000000008001e54                HAL_GPIO_ReadPin
 .text.HAL_GPIO_WritePin
                0x0000000008001e84       0x32 ./Drivers/STM32H7xx_HAL_Driver/stm32h7xx_hal_gpio.o
                0x0000000008001e84                HAL_GPIO_WritePin
 .text.HAL_GPIO_TogglePin
                0x0000000008001eb6       0x34 ./Drivers/STM32H7xx_HAL_Driver/stm32h7xx_hal_gpio.o
                0x0000000008001eb6                HAL_GPIO_TogglePin
 .text.HAL_GPIO_EXTI_IRQHandler
                0x0000000008001eea       0x34 ./Drivers/STM32H7xx_HAL_Driver/stm32h7xx_hal_gpio.o
                0x0000000008001eea                HAL_GPIO_EXTI_IRQHandler
 *fill*         0x0000000008001f1e        0x2 
 .text.HAL_HSEM_FastTake
                0x0000000008001f20       0x34 ./Drivers/STM32H7xx_HAL_Driver/stm32h7xx_hal_hsem.o
                0x0000000008001f20                HAL_HSEM_FastTake
 .text.HAL_HSEM_Release
                0x0000000008001f54       0x28 ./Drivers/STM32H7xx_HAL_Driver/stm32h7xx_hal_hsem.o
                0x0000000008001f54                HAL_HSEM_Release
 .text.HAL_PCD_Init
                0x0000000008001f7c      0x248 ./Drivers/STM32H7xx_HAL_Driver/stm32h7xx_hal_pcd.o
                0x0000000008001f7c                HAL_PCD_Init
 .text.HAL_PCDEx_ActivateLPM
                0x00000000080021c4       0x48 ./Drivers/STM32H7xx_HAL_Driver/stm32h7xx_hal_pcd_ex.o
                0x00000000080021c4                HAL_PCDEx_ActivateLPM
 .text.HAL_PWREx_ConfigSupply
                0x000000000800220c       0xb4 ./Drivers/STM32H7xx_HAL_Driver/stm32h7xx_hal_pwr_ex.o
                0x000000000800220c                HAL_PWREx_ConfigSupply
 .text.HAL_PWREx_EnableUSBVoltageDetector
                0x00000000080022c0       0x20 ./Drivers/STM32H7xx_HAL_Driver/stm32h7xx_hal_pwr_ex.o
                0x00000000080022c0                HAL_PWREx_EnableUSBVoltageDetector
 .text.HAL_RCC_OscConfig
                0x00000000080022e0      0x8b4 ./Drivers/STM32H7xx_HAL_Driver/stm32h7xx_hal_rcc.o
                0x00000000080022e0                HAL_RCC_OscConfig
 .text.HAL_RCC_ClockConfig
                0x0000000008002b94      0x36c ./Drivers/STM32H7xx_HAL_Driver/stm32h7xx_hal_rcc.o
                0x0000000008002b94                HAL_RCC_ClockConfig
 .text.HAL_RCC_GetSysClockFreq
                0x0000000008002f00      0x2f4 ./Drivers/STM32H7xx_HAL_Driver/stm32h7xx_hal_rcc.o
                0x0000000008002f00                HAL_RCC_GetSysClockFreq
 .text.HAL_RCC_GetHCLKFreq
                0x00000000080031f4       0x60 ./Drivers/STM32H7xx_HAL_Driver/stm32h7xx_hal_rcc.o
                0x00000000080031f4                HAL_RCC_GetHCLKFreq
 .text.HAL_RCC_GetPCLK1Freq
                0x0000000008003254       0x2c ./Drivers/STM32H7xx_HAL_Driver/stm32h7xx_hal_rcc.o
                0x0000000008003254                HAL_RCC_GetPCLK1Freq
 .text.HAL_RCC_GetPCLK2Freq
                0x0000000008003280       0x2c ./Drivers/STM32H7xx_HAL_Driver/stm32h7xx_hal_rcc.o
                0x0000000008003280                HAL_RCC_GetPCLK2Freq
 .text.HAL_RCCEx_PeriphCLKConfig
                0x00000000080032ac     0x1414 ./Drivers/STM32H7xx_HAL_Driver/stm32h7xx_hal_rcc_ex.o
                0x00000000080032ac                HAL_RCCEx_PeriphCLKConfig
 .text.HAL_RCCEx_GetD3PCLK1Freq
                0x00000000080046c0       0x2c ./Drivers/STM32H7xx_HAL_Driver/stm32h7xx_hal_rcc_ex.o
                0x00000000080046c0                HAL_RCCEx_GetD3PCLK1Freq
 .text.HAL_RCCEx_GetPLL2ClockFreq
                0x00000000080046ec      0x2a8 ./Drivers/STM32H7xx_HAL_Driver/stm32h7xx_hal_rcc_ex.o
                0x00000000080046ec                HAL_RCCEx_GetPLL2ClockFreq
 .text.HAL_RCCEx_GetPLL3ClockFreq
                0x0000000008004994      0x2a8 ./Drivers/STM32H7xx_HAL_Driver/stm32h7xx_hal_rcc_ex.o
                0x0000000008004994                HAL_RCCEx_GetPLL3ClockFreq
 .text.RCCEx_PLL2_Config
                0x0000000008004c3c      0x164 ./Drivers/STM32H7xx_HAL_Driver/stm32h7xx_hal_rcc_ex.o
 .text.RCCEx_PLL3_Config
                0x0000000008004da0      0x164 ./Drivers/STM32H7xx_HAL_Driver/stm32h7xx_hal_rcc_ex.o
 .text.HAL_SPI_Init
                0x0000000008004f04      0x248 ./Drivers/STM32H7xx_HAL_Driver/stm32h7xx_hal_spi.o
                0x0000000008004f04                HAL_SPI_Init
 .text.HAL_SPI_Transmit
                0x000000000800514c      0x3f8 ./Drivers/STM32H7xx_HAL_Driver/stm32h7xx_hal_spi.o
                0x000000000800514c                HAL_SPI_Transmit
 .text.HAL_SPI_Receive
                0x0000000008005544      0x320 ./Drivers/STM32H7xx_HAL_Driver/stm32h7xx_hal_spi.o
                0x0000000008005544                HAL_SPI_Receive
 .text.SPI_CloseTransfer
                0x0000000008005864      0x140 ./Drivers/STM32H7xx_HAL_Driver/stm32h7xx_hal_spi.o
 .text.SPI_WaitOnFlagUntilTimeout
                0x00000000080059a4       0x5c ./Drivers/STM32H7xx_HAL_Driver/stm32h7xx_hal_spi.o
 .text.SPI_GetPacketSize
                0x0000000008005a00       0x36 ./Drivers/STM32H7xx_HAL_Driver/stm32h7xx_hal_spi.o
 .text.HAL_UART_Init
                0x0000000008005a36       0xa0 ./Drivers/STM32H7xx_HAL_Driver/stm32h7xx_hal_uart.o
                0x0000000008005a36                HAL_UART_Init
 .text.HAL_UART_Transmit
                0x0000000008005ad6      0x11c ./Drivers/STM32H7xx_HAL_Driver/stm32h7xx_hal_uart.o
                0x0000000008005ad6                HAL_UART_Transmit
 .text.HAL_UART_Receive
                0x0000000008005bf2      0x190 ./Drivers/STM32H7xx_HAL_Driver/stm32h7xx_hal_uart.o
                0x0000000008005bf2                HAL_UART_Receive
 *fill*         0x0000000008005d82        0x2 
 .text.UART_SetConfig
                0x0000000008005d84      0xad0 ./Drivers/STM32H7xx_HAL_Driver/stm32h7xx_hal_uart.o
                0x0000000008005d84                UART_SetConfig
 .text.UART_AdvFeatureConfig
                0x0000000008006854      0x144 ./Drivers/STM32H7xx_HAL_Driver/stm32h7xx_hal_uart.o
                0x0000000008006854                UART_AdvFeatureConfig
 .text.UART_CheckIdleState
                0x0000000008006998      0x154 ./Drivers/STM32H7xx_HAL_Driver/stm32h7xx_hal_uart.o
                0x0000000008006998                UART_CheckIdleState
 .text.UART_WaitOnFlagUntilTimeout
                0x0000000008006aec       0xce ./Drivers/STM32H7xx_HAL_Driver/stm32h7xx_hal_uart.o
                0x0000000008006aec                UART_WaitOnFlagUntilTimeout
 *fill*         0x0000000008006bba        0x2 
 .text.UART_EndRxTransfer
                0x0000000008006bbc       0xcc ./Drivers/STM32H7xx_HAL_Driver/stm32h7xx_hal_uart.o
 .text.HAL_UARTEx_DisableFifoMode
                0x0000000008006c88       0x72 ./Drivers/STM32H7xx_HAL_Driver/stm32h7xx_hal_uart_ex.o
                0x0000000008006c88                HAL_UARTEx_DisableFifoMode
 .text.HAL_UARTEx_SetTxFifoThreshold
                0x0000000008006cfa       0x7c ./Drivers/STM32H7xx_HAL_Driver/stm32h7xx_hal_uart_ex.o
                0x0000000008006cfa                HAL_UARTEx_SetTxFifoThreshold
 .text.HAL_UARTEx_SetRxFifoThreshold
                0x0000000008006d76       0x7c ./Drivers/STM32H7xx_HAL_Driver/stm32h7xx_hal_uart_ex.o
                0x0000000008006d76                HAL_UARTEx_SetRxFifoThreshold
 *fill*         0x0000000008006df2        0x2 
 .text.UARTEx_SetNbDataToProcess
                0x0000000008006df4       0x9c ./Drivers/STM32H7xx_HAL_Driver/stm32h7xx_hal_uart_ex.o
 .text.USB_CoreInit
                0x0000000008006e90       0xdc ./Drivers/STM32H7xx_HAL_Driver/stm32h7xx_ll_usb.o
                0x0000000008006e90                USB_CoreInit
 .text.USB_DisableGlobalInt
                0x0000000008006f6c       0x22 ./Drivers/STM32H7xx_HAL_Driver/stm32h7xx_ll_usb.o
                0x0000000008006f6c                USB_DisableGlobalInt
 .text.USB_SetCurrentMode
                0x0000000008006f8e       0x98 ./Drivers/STM32H7xx_HAL_Driver/stm32h7xx_ll_usb.o
                0x0000000008006f8e                USB_SetCurrentMode
 *fill*         0x0000000008007026        0x2 
 .text.USB_DevInit
                0x0000000008007028      0x2bc ./Drivers/STM32H7xx_HAL_Driver/stm32h7xx_ll_usb.o
                0x0000000008007028                USB_DevInit
 .text.USB_FlushTxFifo
                0x00000000080072e4       0x68 ./Drivers/STM32H7xx_HAL_Driver/stm32h7xx_ll_usb.o
                0x00000000080072e4                USB_FlushTxFifo
 .text.USB_FlushRxFifo
                0x000000000800734c       0x60 ./Drivers/STM32H7xx_HAL_Driver/stm32h7xx_ll_usb.o
                0x000000000800734c                USB_FlushRxFifo
 .text.USB_SetDevSpeed
                0x00000000080073ac       0x32 ./Drivers/STM32H7xx_HAL_Driver/stm32h7xx_ll_usb.o
                0x00000000080073ac                USB_SetDevSpeed
 .text.USB_DevDisconnect
                0x00000000080073de       0x42 ./Drivers/STM32H7xx_HAL_Driver/stm32h7xx_ll_usb.o
                0x00000000080073de                USB_DevDisconnect
 .text.USB_GetMode
                0x0000000008007420       0x1c ./Drivers/STM32H7xx_HAL_Driver/stm32h7xx_ll_usb.o
                0x0000000008007420                USB_GetMode
 .text.USB_CoreReset
                0x000000000800743c       0x68 ./Drivers/STM32H7xx_HAL_Driver/stm32h7xx_ll_usb.o
 .text.__cxa_pure_virtual
                0x00000000080074a4        0x6 /opt/st/stm32cubeide_1.12.1/plugins/com.st.stm32cube.ide.mcu.externaltools.gnu-tools-for-stm32.10.3-2021.10.linux64_1.0.200.202301161003/tools/bin/../lib/gcc/arm-none-eabi/10.3.1/../../../../arm-none-eabi/lib/thumb/v7e-m+dp/hard/libstdc++_nano.a(pure.o)
                0x00000000080074a4                __cxa_pure_virtual
 .text._ZN10__cxxabiv111__terminateEPFvvE
                0x00000000080074aa        0x8 /opt/st/stm32cubeide_1.12.1/plugins/com.st.stm32cube.ide.mcu.externaltools.gnu-tools-for-stm32.10.3-2021.10.linux64_1.0.200.202301161003/tools/bin/../lib/gcc/arm-none-eabi/10.3.1/../../../../arm-none-eabi/lib/thumb/v7e-m+dp/hard/libstdc++_nano.a(eh_terminate.o)
                0x00000000080074aa                __cxxabiv1::__terminate(void (*)())
 *fill*         0x00000000080074b2        0x2 
 .text._ZSt13get_terminatev
                0x00000000080074b4       0x10 /opt/st/stm32cubeide_1.12.1/plugins/com.st.stm32cube.ide.mcu.externaltools.gnu-tools-for-stm32.10.3-2021.10.linux64_1.0.200.202301161003/tools/bin/../lib/gcc/arm-none-eabi/10.3.1/../../../../arm-none-eabi/lib/thumb/v7e-m+dp/hard/libstdc++_nano.a(eh_terminate.o)
                0x00000000080074b4                std::get_terminate()
 .text._ZSt9terminatev
                0x00000000080074c4        0xa /opt/st/stm32cubeide_1.12.1/plugins/com.st.stm32cube.ide.mcu.externaltools.gnu-tools-for-stm32.10.3-2021.10.linux64_1.0.200.202301161003/tools/bin/../lib/gcc/arm-none-eabi/10.3.1/../../../../arm-none-eabi/lib/thumb/v7e-m+dp/hard/libstdc++_nano.a(eh_terminate.o)
                0x00000000080074c4                std::terminate()
 .text.abort    0x00000000080074ce        0xe /opt/st/stm32cubeide_1.12.1/plugins/com.st.stm32cube.ide.mcu.externaltools.gnu-tools-for-stm32.10.3-2021.10.linux64_1.0.200.202301161003/tools/bin/../lib/gcc/arm-none-eabi/10.3.1/../../../../arm-none-eabi/lib/thumb/v7e-m+dp/hard/libc_nano.a(lib_a-abort.o)
                0x00000000080074ce                abort
 .text.__errno  0x00000000080074dc        0xc /opt/st/stm32cubeide_1.12.1/plugins/com.st.stm32cube.ide.mcu.externaltools.gnu-tools-for-stm32.10.3-2021.10.linux64_1.0.200.202301161003/tools/bin/../lib/gcc/arm-none-eabi/10.3.1/../../../../arm-none-eabi/lib/thumb/v7e-m+dp/hard/libc_nano.a(lib_a-errno.o)
                0x00000000080074dc                __errno
 .text.__libc_init_array
                0x00000000080074e8       0x48 /opt/st/stm32cubeide_1.12.1/plugins/com.st.stm32cube.ide.mcu.externaltools.gnu-tools-for-stm32.10.3-2021.10.linux64_1.0.200.202301161003/tools/bin/../lib/gcc/arm-none-eabi/10.3.1/../../../../arm-none-eabi/lib/thumb/v7e-m+dp/hard/libc_nano.a(lib_a-init.o)
                0x00000000080074e8                __libc_init_array
 .text.memcpy   0x0000000008007530       0x1c /opt/st/stm32cubeide_1.12.1/plugins/com.st.stm32cube.ide.mcu.externaltools.gnu-tools-for-stm32.10.3-2021.10.linux64_1.0.200.202301161003/tools/bin/../lib/gcc/arm-none-eabi/10.3.1/../../../../arm-none-eabi/lib/thumb/v7e-m+dp/hard/libc_nano.a(lib_a-memcpy-stub.o)
                0x0000000008007530                memcpy
 .text.memset   0x000000000800754c       0x10 /opt/st/stm32cubeide_1.12.1/plugins/com.st.stm32cube.ide.mcu.externaltools.gnu-tools-for-stm32.10.3-2021.10.linux64_1.0.200.202301161003/tools/bin/../lib/gcc/arm-none-eabi/10.3.1/../../../../arm-none-eabi/lib/thumb/v7e-m+dp/hard/libc_nano.a(lib_a-memset.o)
                0x000000000800754c                memset
 .text._raise_r
                0x000000000800755c       0x50 /opt/st/stm32cubeide_1.12.1/plugins/com.st.stm32cube.ide.mcu.externaltools.gnu-tools-for-stm32.10.3-2021.10.linux64_1.0.200.202301161003/tools/bin/../lib/gcc/arm-none-eabi/10.3.1/../../../../arm-none-eabi/lib/thumb/v7e-m+dp/hard/libc_nano.a(lib_a-signal.o)
                0x000000000800755c                _raise_r
 .text.raise    0x00000000080075ac       0x10 /opt/st/stm32cubeide_1.12.1/plugins/com.st.stm32cube.ide.mcu.externaltools.gnu-tools-for-stm32.10.3-2021.10.linux64_1.0.200.202301161003/tools/bin/../lib/gcc/arm-none-eabi/10.3.1/../../../../arm-none-eabi/lib/thumb/v7e-m+dp/hard/libc_nano.a(lib_a-signal.o)
                0x00000000080075ac                raise
 .text._kill_r  0x00000000080075bc       0x24 /opt/st/stm32cubeide_1.12.1/plugins/com.st.stm32cube.ide.mcu.externaltools.gnu-tools-for-stm32.10.3-2021.10.linux64_1.0.200.202301161003/tools/bin/../lib/gcc/arm-none-eabi/10.3.1/../../../../arm-none-eabi/lib/thumb/v7e-m+dp/hard/libc_nano.a(lib_a-signalr.o)
                0x00000000080075bc                _kill_r
 .text._getpid_r
                0x00000000080075e0        0x4 /opt/st/stm32cubeide_1.12.1/plugins/com.st.stm32cube.ide.mcu.externaltools.gnu-tools-for-stm32.10.3-2021.10.linux64_1.0.200.202301161003/tools/bin/../lib/gcc/arm-none-eabi/10.3.1/../../../../arm-none-eabi/lib/thumb/v7e-m+dp/hard/libc_nano.a(lib_a-signalr.o)
                0x00000000080075e0                _getpid_r
 *(.glue_7)
 .glue_7        0x00000000080075e4        0x0 linker stubs
 *(.glue_7t)
 .glue_7t       0x00000000080075e4        0x0 linker stubs
 *(.eh_frame)
 .eh_frame      0x00000000080075e4        0x0 /opt/st/stm32cubeide_1.12.1/plugins/com.st.stm32cube.ide.mcu.externaltools.gnu-tools-for-stm32.10.3-2021.10.linux64_1.0.200.202301161003/tools/bin/../lib/gcc/arm-none-eabi/10.3.1/thumb/v7e-m+dp/hard/crtbegin.o
 *(.init)
 .init          0x00000000080075e4        0x4 /opt/st/stm32cubeide_1.12.1/plugins/com.st.stm32cube.ide.mcu.externaltools.gnu-tools-for-stm32.10.3-2021.10.linux64_1.0.200.202301161003/tools/bin/../lib/gcc/arm-none-eabi/10.3.1/thumb/v7e-m+dp/hard/crti.o
                0x00000000080075e4                _init
 .init          0x00000000080075e8        0x8 /opt/st/stm32cubeide_1.12.1/plugins/com.st.stm32cube.ide.mcu.externaltools.gnu-tools-for-stm32.10.3-2021.10.linux64_1.0.200.202301161003/tools/bin/../lib/gcc/arm-none-eabi/10.3.1/thumb/v7e-m+dp/hard/crtn.o
 *(.fini)
 .fini          0x00000000080075f0        0x4 /opt/st/stm32cubeide_1.12.1/plugins/com.st.stm32cube.ide.mcu.externaltools.gnu-tools-for-stm32.10.3-2021.10.linux64_1.0.200.202301161003/tools/bin/../lib/gcc/arm-none-eabi/10.3.1/thumb/v7e-m+dp/hard/crti.o
                0x00000000080075f0                _fini
 .fini          0x00000000080075f4        0x8 /opt/st/stm32cubeide_1.12.1/plugins/com.st.stm32cube.ide.mcu.externaltools.gnu-tools-for-stm32.10.3-2021.10.linux64_1.0.200.202301161003/tools/bin/../lib/gcc/arm-none-eabi/10.3.1/thumb/v7e-m+dp/hard/crtn.o
                0x00000000080075fc                . = ALIGN (0x4)
                0x00000000080075fc                _etext = .

.vfp11_veneer   0x00000000080075fc        0x0
 .vfp11_veneer  0x00000000080075fc        0x0 linker stubs

.v4_bx          0x00000000080075fc        0x0
 .v4_bx         0x00000000080075fc        0x0 linker stubs

.iplt           0x00000000080075fc        0x0
 .iplt          0x00000000080075fc        0x0 /opt/st/stm32cubeide_1.12.1/plugins/com.st.stm32cube.ide.mcu.externaltools.gnu-tools-for-stm32.10.3-2021.10.linux64_1.0.200.202301161003/tools/bin/../lib/gcc/arm-none-eabi/10.3.1/thumb/v7e-m+dp/hard/crtbegin.o

.rodata         0x00000000080075fc      0x160
                0x00000000080075fc                . = ALIGN (0x4)
 *(.rodata)
 .rodata        0x00000000080075fc       0xa5 ./Core/Src/emulator.o
 *(.rodata*)
 *fill*         0x00000000080076a1        0x3 
 .rodata.D1CorePrescTable
                0x00000000080076a4       0x10 ./Common/Src/system_stm32h7xx_dualcore_boot_cm4_cm7.o
                0x00000000080076a4                D1CorePrescTable
 .rodata._ZTVN16binarx_gpio_impl8GpioImplE
                0x00000000080076b4       0x18 ./Core/Src/gpio_impl.o
                0x00000000080076b4                vtable for binarx_gpio_impl::GpioImpl
 .rodata._ZTVN23binarx_serial_interface28SerialCommunicationInterfaceE
                0x00000000080076cc       0x10 ./Core/Src/main.o
                0x00000000080076cc                vtable for binarx_serial_interface::SerialCommunicationInterface
 .rodata._ZTVN21binarx_time_interface13TimeInterfaceE
                0x00000000080076dc       0x10 ./Core/Src/main.o
                0x00000000080076dc                vtable for binarx_time_interface::TimeInterface
 .rodata._ZTVN21binarx_gpio_interface13GpioInterfaceE
                0x00000000080076ec       0x18 ./Core/Src/main.o
                0x00000000080076ec                vtable for binarx_gpio_interface::GpioInterface
 .rodata._ZTVN18binarx_serial_impl8UartImplE
                0x0000000008007704       0x10 ./Core/Src/serial_impl.o
                0x0000000008007704                vtable for binarx_serial_impl::UartImpl
 .rodata._ZTVN18binarx_serial_impl7SpiImplE
                0x0000000008007714       0x10 ./Core/Src/serial_impl.o
                0x0000000008007714                vtable for binarx_serial_impl::SpiImpl
 .rodata._ZTVN16binarx_time_impl8TimeImplE
                0x0000000008007724       0x10 ./Core/Src/time_impl.o
                0x0000000008007724                vtable for binarx_time_impl::TimeImpl
 .rodata.UARTPrescTable
                0x0000000008007734       0x18 ./Drivers/STM32H7xx_HAL_Driver/stm32h7xx_hal_uart.o
                0x0000000008007734                UARTPrescTable
 .rodata.numerator.1
                0x000000000800774c        0x8 ./Drivers/STM32H7xx_HAL_Driver/stm32h7xx_hal_uart_ex.o
 .rodata.denominator.0
                0x0000000008007754        0x8 ./Drivers/STM32H7xx_HAL_Driver/stm32h7xx_hal_uart_ex.o
                0x000000000800775c                . = ALIGN (0x4)

.ARM.extab      0x000000000800775c        0x0
                0x000000000800775c                . = ALIGN (0x4)
 *(.ARM.extab* .gnu.linkonce.armextab.*)
                0x000000000800775c                . = ALIGN (0x4)

.ARM            0x000000000800775c        0x8
                0x000000000800775c                . = ALIGN (0x4)
                0x000000000800775c                __exidx_start = .
 *(.ARM.exidx*)
 .ARM.exidx     0x000000000800775c        0x8 /opt/st/stm32cubeide_1.12.1/plugins/com.st.stm32cube.ide.mcu.externaltools.gnu-tools-for-stm32.10.3-2021.10.linux64_1.0.200.202301161003/tools/bin/../lib/gcc/arm-none-eabi/10.3.1/thumb/v7e-m+dp/hard/libgcc.a(_udivmoddi4.o)
                0x0000000008007764                __exidx_end = .
                0x0000000008007764                . = ALIGN (0x4)

.rel.dyn        0x0000000008007764        0x0
 .rel.iplt      0x0000000008007764        0x0 /opt/st/stm32cubeide_1.12.1/plugins/com.st.stm32cube.ide.mcu.externaltools.gnu-tools-for-stm32.10.3-2021.10.linux64_1.0.200.202301161003/tools/bin/../lib/gcc/arm-none-eabi/10.3.1/thumb/v7e-m+dp/hard/crtbegin.o

.preinit_array  0x0000000008007764        0x0
                0x0000000008007764                . = ALIGN (0x4)
                0x0000000008007764                PROVIDE (__preinit_array_start = .)
 *(.preinit_array*)
                0x0000000008007764                PROVIDE (__preinit_array_end = .)
                0x0000000008007764                . = ALIGN (0x4)

.init_array     0x0000000008007764        0x8
                0x0000000008007764                . = ALIGN (0x4)
                0x0000000008007764                PROVIDE (__init_array_start = .)
 *(SORT_BY_NAME(.init_array.*))
 *(.init_array*)
 .init_array    0x0000000008007764        0x4 /opt/st/stm32cubeide_1.12.1/plugins/com.st.stm32cube.ide.mcu.externaltools.gnu-tools-for-stm32.10.3-2021.10.linux64_1.0.200.202301161003/tools/bin/../lib/gcc/arm-none-eabi/10.3.1/thumb/v7e-m+dp/hard/crtbegin.o
 .init_array    0x0000000008007768        0x4 ./Core/Src/main.o
                0x000000000800776c                PROVIDE (__init_array_end = .)
                0x000000000800776c                . = ALIGN (0x4)

.fini_array     0x000000000800776c        0x4
                0x000000000800776c                . = ALIGN (0x4)
                [!provide]                        PROVIDE (__fini_array_start = .)
 *(SORT_BY_NAME(.fini_array.*))
 *(.fini_array*)
 .fini_array    0x000000000800776c        0x4 /opt/st/stm32cubeide_1.12.1/plugins/com.st.stm32cube.ide.mcu.externaltools.gnu-tools-for-stm32.10.3-2021.10.linux64_1.0.200.202301161003/tools/bin/../lib/gcc/arm-none-eabi/10.3.1/thumb/v7e-m+dp/hard/crtbegin.o
                [!provide]                        PROVIDE (__fini_array_end = .)
                0x0000000008007770                . = ALIGN (0x4)
                0x0000000008007770                _sidata = LOADADDR (.data)

.data           0x0000000024000000       0x78 load address 0x0000000008007770
                0x0000000024000000                . = ALIGN (0x4)
                0x0000000024000000                _sdata = .
 *(.data)
 *(.data*)
 .data.SystemCoreClock
                0x0000000024000000        0x4 ./Common/Src/system_stm32h7xx_dualcore_boot_cm4_cm7.o
                0x0000000024000000                SystemCoreClock
 .data.SystemD2Clock
                0x0000000024000004        0x4 ./Common/Src/system_stm32h7xx_dualcore_boot_cm4_cm7.o
                0x0000000024000004                SystemD2Clock
 .data.uwTickPrio
                0x0000000024000008        0x4 ./Drivers/STM32H7xx_HAL_Driver/stm32h7xx_hal.o
                0x0000000024000008                uwTickPrio
 .data.uwTickFreq
                0x000000002400000c        0x1 ./Drivers/STM32H7xx_HAL_Driver/stm32h7xx_hal.o
                0x000000002400000c                uwTickFreq
 *fill*         0x000000002400000d        0x3 
 .data._ZN10__cxxabiv119__terminate_handlerE
                0x0000000024000010        0x4 /opt/st/stm32cubeide_1.12.1/plugins/com.st.stm32cube.ide.mcu.externaltools.gnu-tools-for-stm32.10.3-2021.10.linux64_1.0.200.202301161003/tools/bin/../lib/gcc/arm-none-eabi/10.3.1/../../../../arm-none-eabi/lib/thumb/v7e-m+dp/hard/libstdc++_nano.a(eh_term_handler.o)
                0x0000000024000010                __cxxabiv1::__terminate_handler
 .data._impure_ptr
                0x0000000024000014        0x4 /opt/st/stm32cubeide_1.12.1/plugins/com.st.stm32cube.ide.mcu.externaltools.gnu-tools-for-stm32.10.3-2021.10.linux64_1.0.200.202301161003/tools/bin/../lib/gcc/arm-none-eabi/10.3.1/../../../../arm-none-eabi/lib/thumb/v7e-m+dp/hard/libc_nano.a(lib_a-impure.o)
                0x0000000024000014                _impure_ptr
 .data.impure_data
                0x0000000024000018       0x60 /opt/st/stm32cubeide_1.12.1/plugins/com.st.stm32cube.ide.mcu.externaltools.gnu-tools-for-stm32.10.3-2021.10.linux64_1.0.200.202301161003/tools/bin/../lib/gcc/arm-none-eabi/10.3.1/../../../../arm-none-eabi/lib/thumb/v7e-m+dp/hard/libc_nano.a(lib_a-impure.o)
 *(.RamFunc)
 *(.RamFunc*)
                0x0000000024000078                . = ALIGN (0x4)
                0x0000000024000078                _edata = .

.igot.plt       0x0000000024000078        0x0 load address 0x00000000080077e8
 .igot.plt      0x0000000024000078        0x0 /opt/st/stm32cubeide_1.12.1/plugins/com.st.stm32cube.ide.mcu.externaltools.gnu-tools-for-stm32.10.3-2021.10.linux64_1.0.200.202301161003/tools/bin/../lib/gcc/arm-none-eabi/10.3.1/thumb/v7e-m+dp/hard/crtbegin.o
                0x0000000024000078                . = ALIGN (0x4)

.bss            0x0000000024000078      0x674 load address 0x00000000080077e8
                0x0000000024000078                _sbss = .
                0x0000000024000078                __bss_start__ = _sbss
 *(.bss)
 .bss           0x0000000024000078       0x1c /opt/st/stm32cubeide_1.12.1/plugins/com.st.stm32cube.ide.mcu.externaltools.gnu-tools-for-stm32.10.3-2021.10.linux64_1.0.200.202301161003/tools/bin/../lib/gcc/arm-none-eabi/10.3.1/thumb/v7e-m+dp/hard/crtbegin.o
 *(.bss*)
 .bss.hspi1     0x0000000024000094       0x88 ./Core/Src/main.o
                0x0000000024000094                hspi1
 .bss.huart3    0x000000002400011c       0x94 ./Core/Src/main.o
                0x000000002400011c                huart3
 .bss.hpcd_USB_OTG_FS
                0x00000000240001b0      0x50c ./Core/Src/main.o
                0x00000000240001b0                hpcd_USB_OTG_FS
 .bss.gpio_controller
                0x00000000240006bc        0x4 ./Core/Src/main.o
                0x00000000240006bc                gpio_controller
 .bss.spi_controller
                0x00000000240006c0        0x4 ./Core/Src/main.o
                0x00000000240006c0                spi_controller
 .bss.uart_controller
                0x00000000240006c4        0x4 ./Core/Src/main.o
                0x00000000240006c4                uart_controller
 .bss.time_controller
                0x00000000240006c8        0x4 ./Core/Src/main.o
                0x00000000240006c8                time_controller
 .bss.emulator  0x00000000240006cc       0x18 ./Core/Src/main.o
                0x00000000240006cc                emulator
 .bss.uwTick    0x00000000240006e4        0x4 ./Drivers/STM32H7xx_HAL_Driver/stm32h7xx_hal.o
                0x00000000240006e4                uwTick
 .bss.errno     0x00000000240006e8        0x4 /opt/st/stm32cubeide_1.12.1/plugins/com.st.stm32cube.ide.mcu.externaltools.gnu-tools-for-stm32.10.3-2021.10.linux64_1.0.200.202301161003/tools/bin/../lib/gcc/arm-none-eabi/10.3.1/../../../../arm-none-eabi/lib/thumb/v7e-m+dp/hard/libc_nano.a(lib_a-reent.o)
                0x00000000240006e8                errno
 *(COMMON)
                0x00000000240006ec                . = ALIGN (0x4)
                0x00000000240006ec                _ebss = .
                0x00000000240006ec                __bss_end__ = _ebss

._user_heap_stack
                0x00000000240006ec      0x604 load address 0x00000000080077e8
                0x00000000240006f0                . = ALIGN (0x8)
 *fill*         0x00000000240006ec        0x4 
                [!provide]                        PROVIDE (end = .)
                0x00000000240006f0                PROVIDE (_end = .)
                0x00000000240008f0                . = (. + _Min_Heap_Size)
 *fill*         0x00000000240006f0      0x200 
                0x0000000024000cf0                . = (. + _Min_Stack_Size)
 *fill*         0x00000000240008f0      0x400 
                0x0000000024000cf0                . = ALIGN (0x8)

/DISCARD/
 libc.a(*)
 libm.a(*)
 libgcc.a(*)

.ARM.attributes
                0x0000000000000000       0x2e
 *(.ARM.attributes)
 .ARM.attributes
                0x0000000000000000       0x1e /opt/st/stm32cubeide_1.12.1/plugins/com.st.stm32cube.ide.mcu.externaltools.gnu-tools-for-stm32.10.3-2021.10.linux64_1.0.200.202301161003/tools/bin/../lib/gcc/arm-none-eabi/10.3.1/thumb/v7e-m+dp/hard/crti.o
 .ARM.attributes
                0x000000000000001e       0x32 /opt/st/stm32cubeide_1.12.1/plugins/com.st.stm32cube.ide.mcu.externaltools.gnu-tools-for-stm32.10.3-2021.10.linux64_1.0.200.202301161003/tools/bin/../lib/gcc/arm-none-eabi/10.3.1/thumb/v7e-m+dp/hard/crtbegin.o
 .ARM.attributes
                0x0000000000000050       0x32 ./Common/Src/system_stm32h7xx_dualcore_boot_cm4_cm7.o
 .ARM.attributes
                0x0000000000000082       0x32 ./Core/Src/emulator.o
 .ARM.attributes
                0x00000000000000b4       0x32 ./Core/Src/gpio_impl.o
 .ARM.attributes
                0x00000000000000e6       0x32 ./Core/Src/main.o
 .ARM.attributes
                0x0000000000000118       0x32 ./Core/Src/serial_impl.o
 .ARM.attributes
                0x000000000000014a       0x32 ./Core/Src/stm32h7xx_hal_msp.o
 .ARM.attributes
                0x000000000000017c       0x32 ./Core/Src/stm32h7xx_it.o
 .ARM.attributes
                0x00000000000001ae       0x32 ./Core/Src/syscalls.o
 .ARM.attributes
                0x00000000000001e0       0x32 ./Core/Src/time_impl.o
 .ARM.attributes
                0x0000000000000212       0x21 ./Core/Startup/startup_stm32h755zitx.o
 .ARM.attributes
                0x0000000000000233       0x32 ./Drivers/STM32H7xx_HAL_Driver/stm32h7xx_hal.o
 .ARM.attributes
                0x0000000000000265       0x32 ./Drivers/STM32H7xx_HAL_Driver/stm32h7xx_hal_cortex.o
 .ARM.attributes
                0x0000000000000297       0x32 ./Drivers/STM32H7xx_HAL_Driver/stm32h7xx_hal_gpio.o
 .ARM.attributes
                0x00000000000002c9       0x32 ./Drivers/STM32H7xx_HAL_Driver/stm32h7xx_hal_hsem.o
 .ARM.attributes
                0x00000000000002fb       0x32 ./Drivers/STM32H7xx_HAL_Driver/stm32h7xx_hal_pcd.o
 .ARM.attributes
                0x000000000000032d       0x32 ./Drivers/STM32H7xx_HAL_Driver/stm32h7xx_hal_pcd_ex.o
 .ARM.attributes
                0x000000000000035f       0x32 ./Drivers/STM32H7xx_HAL_Driver/stm32h7xx_hal_pwr_ex.o
 .ARM.attributes
                0x0000000000000391       0x32 ./Drivers/STM32H7xx_HAL_Driver/stm32h7xx_hal_rcc.o
 .ARM.attributes
                0x00000000000003c3       0x32 ./Drivers/STM32H7xx_HAL_Driver/stm32h7xx_hal_rcc_ex.o
 .ARM.attributes
                0x00000000000003f5       0x32 ./Drivers/STM32H7xx_HAL_Driver/stm32h7xx_hal_spi.o
 .ARM.attributes
                0x0000000000000427       0x32 ./Drivers/STM32H7xx_HAL_Driver/stm32h7xx_hal_uart.o
 .ARM.attributes
                0x0000000000000459       0x32 ./Drivers/STM32H7xx_HAL_Driver/stm32h7xx_hal_uart_ex.o
 .ARM.attributes
                0x000000000000048b       0x32 ./Drivers/STM32H7xx_HAL_Driver/stm32h7xx_ll_usb.o
 .ARM.attributes
                0x00000000000004bd       0x32 /opt/st/stm32cubeide_1.12.1/plugins/com.st.stm32cube.ide.mcu.externaltools.gnu-tools-for-stm32.10.3-2021.10.linux64_1.0.200.202301161003/tools/bin/../lib/gcc/arm-none-eabi/10.3.1/../../../../arm-none-eabi/lib/thumb/v7e-m+dp/hard/libstdc++_nano.a(pure.o)
 .ARM.attributes
                0x00000000000004ef       0x32 /opt/st/stm32cubeide_1.12.1/plugins/com.st.stm32cube.ide.mcu.externaltools.gnu-tools-for-stm32.10.3-2021.10.linux64_1.0.200.202301161003/tools/bin/../lib/gcc/arm-none-eabi/10.3.1/../../../../arm-none-eabi/lib/thumb/v7e-m+dp/hard/libstdc++_nano.a(eh_terminate.o)
 .ARM.attributes
                0x0000000000000521       0x32 /opt/st/stm32cubeide_1.12.1/plugins/com.st.stm32cube.ide.mcu.externaltools.gnu-tools-for-stm32.10.3-2021.10.linux64_1.0.200.202301161003/tools/bin/../lib/gcc/arm-none-eabi/10.3.1/../../../../arm-none-eabi/lib/thumb/v7e-m+dp/hard/libstdc++_nano.a(eh_term_handler.o)
 .ARM.attributes
                0x0000000000000553       0x32 /opt/st/stm32cubeide_1.12.1/plugins/com.st.stm32cube.ide.mcu.externaltools.gnu-tools-for-stm32.10.3-2021.10.linux64_1.0.200.202301161003/tools/bin/../lib/gcc/arm-none-eabi/10.3.1/../../../../arm-none-eabi/lib/thumb/v7e-m+dp/hard/libc_nano.a(lib_a-abort.o)
 .ARM.attributes
                0x0000000000000585       0x32 /opt/st/stm32cubeide_1.12.1/plugins/com.st.stm32cube.ide.mcu.externaltools.gnu-tools-for-stm32.10.3-2021.10.linux64_1.0.200.202301161003/tools/bin/../lib/gcc/arm-none-eabi/10.3.1/../../../../arm-none-eabi/lib/thumb/v7e-m+dp/hard/libc_nano.a(lib_a-errno.o)
 .ARM.attributes
                0x00000000000005b7       0x32 /opt/st/stm32cubeide_1.12.1/plugins/com.st.stm32cube.ide.mcu.externaltools.gnu-tools-for-stm32.10.3-2021.10.linux64_1.0.200.202301161003/tools/bin/../lib/gcc/arm-none-eabi/10.3.1/../../../../arm-none-eabi/lib/thumb/v7e-m+dp/hard/libc_nano.a(lib_a-impure.o)
 .ARM.attributes
                0x00000000000005e9       0x32 /opt/st/stm32cubeide_1.12.1/plugins/com.st.stm32cube.ide.mcu.externaltools.gnu-tools-for-stm32.10.3-2021.10.linux64_1.0.200.202301161003/tools/bin/../lib/gcc/arm-none-eabi/10.3.1/../../../../arm-none-eabi/lib/thumb/v7e-m+dp/hard/libc_nano.a(lib_a-init.o)
 .ARM.attributes
                0x000000000000061b       0x32 /opt/st/stm32cubeide_1.12.1/plugins/com.st.stm32cube.ide.mcu.externaltools.gnu-tools-for-stm32.10.3-2021.10.linux64_1.0.200.202301161003/tools/bin/../lib/gcc/arm-none-eabi/10.3.1/../../../../arm-none-eabi/lib/thumb/v7e-m+dp/hard/libc_nano.a(lib_a-memcpy-stub.o)
 .ARM.attributes
                0x000000000000064d       0x32 /opt/st/stm32cubeide_1.12.1/plugins/com.st.stm32cube.ide.mcu.externaltools.gnu-tools-for-stm32.10.3-2021.10.linux64_1.0.200.202301161003/tools/bin/../lib/gcc/arm-none-eabi/10.3.1/../../../../arm-none-eabi/lib/thumb/v7e-m+dp/hard/libc_nano.a(lib_a-memset.o)
 .ARM.attributes
                0x000000000000067f       0x32 /opt/st/stm32cubeide_1.12.1/plugins/com.st.stm32cube.ide.mcu.externaltools.gnu-tools-for-stm32.10.3-2021.10.linux64_1.0.200.202301161003/tools/bin/../lib/gcc/arm-none-eabi/10.3.1/../../../../arm-none-eabi/lib/thumb/v7e-m+dp/hard/libc_nano.a(lib_a-signal.o)
 .ARM.attributes
                0x00000000000006b1       0x32 /opt/st/stm32cubeide_1.12.1/plugins/com.st.stm32cube.ide.mcu.externaltools.gnu-tools-for-stm32.10.3-2021.10.linux64_1.0.200.202301161003/tools/bin/../lib/gcc/arm-none-eabi/10.3.1/../../../../arm-none-eabi/lib/thumb/v7e-m+dp/hard/libc_nano.a(lib_a-signalr.o)
 .ARM.attributes
                0x00000000000006e3       0x17 /opt/st/stm32cubeide_1.12.1/plugins/com.st.stm32cube.ide.mcu.externaltools.gnu-tools-for-stm32.10.3-2021.10.linux64_1.0.200.202301161003/tools/bin/../lib/gcc/arm-none-eabi/10.3.1/../../../../arm-none-eabi/lib/thumb/v7e-m+dp/hard/libc_nano.a(lib_a-strlen.o)
 .ARM.attributes
                0x00000000000006fa       0x32 /opt/st/stm32cubeide_1.12.1/plugins/com.st.stm32cube.ide.mcu.externaltools.gnu-tools-for-stm32.10.3-2021.10.linux64_1.0.200.202301161003/tools/bin/../lib/gcc/arm-none-eabi/10.3.1/../../../../arm-none-eabi/lib/thumb/v7e-m+dp/hard/libc_nano.a(lib_a-reent.o)
 .ARM.attributes
                0x000000000000072c       0x1e /opt/st/stm32cubeide_1.12.1/plugins/com.st.stm32cube.ide.mcu.externaltools.gnu-tools-for-stm32.10.3-2021.10.linux64_1.0.200.202301161003/tools/bin/../lib/gcc/arm-none-eabi/10.3.1/thumb/v7e-m+dp/hard/libgcc.a(_aeabi_uldivmod.o)
 .ARM.attributes
                0x000000000000074a       0x32 /opt/st/stm32cubeide_1.12.1/plugins/com.st.stm32cube.ide.mcu.externaltools.gnu-tools-for-stm32.10.3-2021.10.linux64_1.0.200.202301161003/tools/bin/../lib/gcc/arm-none-eabi/10.3.1/thumb/v7e-m+dp/hard/libgcc.a(_udivmoddi4.o)
 .ARM.attributes
                0x000000000000077c       0x1e /opt/st/stm32cubeide_1.12.1/plugins/com.st.stm32cube.ide.mcu.externaltools.gnu-tools-for-stm32.10.3-2021.10.linux64_1.0.200.202301161003/tools/bin/../lib/gcc/arm-none-eabi/10.3.1/thumb/v7e-m+dp/hard/libgcc.a(_dvmd_tls.o)
 .ARM.attributes
                0x000000000000079a       0x1e /opt/st/stm32cubeide_1.12.1/plugins/com.st.stm32cube.ide.mcu.externaltools.gnu-tools-for-stm32.10.3-2021.10.linux64_1.0.200.202301161003/tools/bin/../lib/gcc/arm-none-eabi/10.3.1/thumb/v7e-m+dp/hard/crtn.o
OUTPUT(binarX_software_Emulator_CM7.elf elf32-littlearm)
LOAD linker stubs
LOAD /opt/st/stm32cubeide_1.12.1/plugins/com.st.stm32cube.ide.mcu.externaltools.gnu-tools-for-stm32.10.3-2021.10.linux64_1.0.200.202301161003/tools/bin/../lib/gcc/arm-none-eabi/10.3.1/../../../../arm-none-eabi/lib/thumb/v7e-m+dp/hard/libc.a
LOAD /opt/st/stm32cubeide_1.12.1/plugins/com.st.stm32cube.ide.mcu.externaltools.gnu-tools-for-stm32.10.3-2021.10.linux64_1.0.200.202301161003/tools/bin/../lib/gcc/arm-none-eabi/10.3.1/../../../../arm-none-eabi/lib/thumb/v7e-m+dp/hard/libm.a
LOAD /opt/st/stm32cubeide_1.12.1/plugins/com.st.stm32cube.ide.mcu.externaltools.gnu-tools-for-stm32.10.3-2021.10.linux64_1.0.200.202301161003/tools/bin/../lib/gcc/arm-none-eabi/10.3.1/thumb/v7e-m+dp/hard/libgcc.a

.debug_info     0x0000000000000000    0x1f8e2
 .debug_info    0x0000000000000000      0xdca ./Common/Src/system_stm32h7xx_dualcore_boot_cm4_cm7.o
 .debug_info    0x0000000000000dca      0x692 ./Core/Src/emulator.o
 .debug_info    0x000000000000145c     0x1cf3 ./Core/Src/gpio_impl.o
 .debug_info    0x000000000000314f     0x42e2 ./Core/Src/main.o
 .debug_info    0x0000000000007431     0x27e7 ./Core/Src/serial_impl.o
 .debug_info    0x0000000000009c18     0x1abb ./Core/Src/stm32h7xx_hal_msp.o
 .debug_info    0x000000000000b6d3      0x186 ./Core/Src/stm32h7xx_it.o
 .debug_info    0x000000000000b859      0x6e0 ./Core/Src/syscalls.o
 .debug_info    0x000000000000bf39     0x1967 ./Core/Src/time_impl.o
 .debug_info    0x000000000000d8a0       0x22 ./Core/Startup/startup_stm32h755zitx.o
 .debug_info    0x000000000000d8c2     0x182c ./Drivers/STM32H7xx_HAL_Driver/stm32h7xx_hal.o
 .debug_info    0x000000000000f0ee     0x1191 ./Drivers/STM32H7xx_HAL_Driver/stm32h7xx_hal_cortex.o
 .debug_info    0x000000000001027f      0xde0 ./Drivers/STM32H7xx_HAL_Driver/stm32h7xx_hal_gpio.o
 .debug_info    0x000000000001105f      0x3fd ./Drivers/STM32H7xx_HAL_Driver/stm32h7xx_hal_hsem.o
 .debug_info    0x000000000001145c     0x169e ./Drivers/STM32H7xx_HAL_Driver/stm32h7xx_hal_pcd.o
 .debug_info    0x0000000000012afa      0x913 ./Drivers/STM32H7xx_HAL_Driver/stm32h7xx_hal_pcd_ex.o
 .debug_info    0x000000000001340d     0x12c2 ./Drivers/STM32H7xx_HAL_Driver/stm32h7xx_hal_pwr_ex.o
 .debug_info    0x00000000000146cf      0xf48 ./Drivers/STM32H7xx_HAL_Driver/stm32h7xx_hal_rcc.o
 .debug_info    0x0000000000015617     0x13b9 ./Drivers/STM32H7xx_HAL_Driver/stm32h7xx_hal_rcc_ex.o
 .debug_info    0x00000000000169d0     0x159c ./Drivers/STM32H7xx_HAL_Driver/stm32h7xx_hal_spi.o
 .debug_info    0x0000000000017f6c     0x4dca ./Drivers/STM32H7xx_HAL_Driver/stm32h7xx_hal_uart.o
 .debug_info    0x000000000001cd36     0x105a ./Drivers/STM32H7xx_HAL_Driver/stm32h7xx_hal_uart_ex.o
 .debug_info    0x000000000001dd90     0x1b52 ./Drivers/STM32H7xx_HAL_Driver/stm32h7xx_ll_usb.o

.debug_abbrev   0x0000000000000000     0x3ae9
 .debug_abbrev  0x0000000000000000      0x147 ./Common/Src/system_stm32h7xx_dualcore_boot_cm4_cm7.o
 .debug_abbrev  0x0000000000000147      0x2c7 ./Core/Src/emulator.o
 .debug_abbrev  0x000000000000040e      0x37d ./Core/Src/gpio_impl.o
 .debug_abbrev  0x000000000000078b      0x6ca ./Core/Src/main.o
 .debug_abbrev  0x0000000000000e55      0x3e3 ./Core/Src/serial_impl.o
 .debug_abbrev  0x0000000000001238      0x26b ./Core/Src/stm32h7xx_hal_msp.o
 .debug_abbrev  0x00000000000014a3       0x9f ./Core/Src/stm32h7xx_it.o
 .debug_abbrev  0x0000000000001542      0x1b3 ./Core/Src/syscalls.o
 .debug_abbrev  0x00000000000016f5      0x26e ./Core/Src/time_impl.o
 .debug_abbrev  0x0000000000001963       0x12 ./Core/Startup/startup_stm32h755zitx.o
 .debug_abbrev  0x0000000000001975      0x289 ./Drivers/STM32H7xx_HAL_Driver/stm32h7xx_hal.o
 .debug_abbrev  0x0000000000001bfe      0x329 ./Drivers/STM32H7xx_HAL_Driver/stm32h7xx_hal_cortex.o
 .debug_abbrev  0x0000000000001f27      0x1ec ./Drivers/STM32H7xx_HAL_Driver/stm32h7xx_hal_gpio.o
 .debug_abbrev  0x0000000000002113      0x1d0 ./Drivers/STM32H7xx_HAL_Driver/stm32h7xx_hal_hsem.o
 .debug_abbrev  0x00000000000022e3      0x2d2 ./Drivers/STM32H7xx_HAL_Driver/stm32h7xx_hal_pcd.o
 .debug_abbrev  0x00000000000025b5      0x24a ./Drivers/STM32H7xx_HAL_Driver/stm32h7xx_hal_pcd_ex.o
 .debug_abbrev  0x00000000000027ff      0x2bc ./Drivers/STM32H7xx_HAL_Driver/stm32h7xx_hal_pwr_ex.o
 .debug_abbrev  0x0000000000002abb      0x2b8 ./Drivers/STM32H7xx_HAL_Driver/stm32h7xx_hal_rcc.o
 .debug_abbrev  0x0000000000002d73      0x25c ./Drivers/STM32H7xx_HAL_Driver/stm32h7xx_hal_rcc_ex.o
 .debug_abbrev  0x0000000000002fcf      0x2a2 ./Drivers/STM32H7xx_HAL_Driver/stm32h7xx_hal_spi.o
 .debug_abbrev  0x0000000000003271      0x325 ./Drivers/STM32H7xx_HAL_Driver/stm32h7xx_hal_uart.o
 .debug_abbrev  0x0000000000003596      0x2bd ./Drivers/STM32H7xx_HAL_Driver/stm32h7xx_hal_uart_ex.o
 .debug_abbrev  0x0000000000003853      0x296 ./Drivers/STM32H7xx_HAL_Driver/stm32h7xx_ll_usb.o

.debug_aranges  0x0000000000000000     0x1218
 .debug_aranges
                0x0000000000000000       0x28 ./Common/Src/system_stm32h7xx_dualcore_boot_cm4_cm7.o
 .debug_aranges
                0x0000000000000028       0x50 ./Core/Src/emulator.o
 .debug_aranges
                0x0000000000000078       0x48 ./Core/Src/gpio_impl.o
 .debug_aranges
                0x00000000000000c0       0xa8 ./Core/Src/main.o
 .debug_aranges
                0x0000000000000168       0x40 ./Core/Src/serial_impl.o
 .debug_aranges
                0x00000000000001a8       0x50 ./Core/Src/stm32h7xx_hal_msp.o
 .debug_aranges
                0x00000000000001f8       0x70 ./Core/Src/stm32h7xx_it.o
 .debug_aranges
                0x0000000000000268       0xa8 ./Core/Src/syscalls.o
 .debug_aranges
                0x0000000000000310       0x28 ./Core/Src/time_impl.o
 .debug_aranges
                0x0000000000000338       0x28 ./Core/Startup/startup_stm32h755zitx.o
 .debug_aranges
                0x0000000000000360      0x200 ./Drivers/STM32H7xx_HAL_Driver/stm32h7xx_hal.o
 .debug_aranges
                0x0000000000000560      0x120 ./Drivers/STM32H7xx_HAL_Driver/stm32h7xx_hal_cortex.o
 .debug_aranges
                0x0000000000000680       0x58 ./Drivers/STM32H7xx_HAL_Driver/stm32h7xx_hal_gpio.o
 .debug_aranges
                0x00000000000006d8       0x70 ./Drivers/STM32H7xx_HAL_Driver/stm32h7xx_hal_hsem.o
 .debug_aranges
                0x0000000000000748      0x140 ./Drivers/STM32H7xx_HAL_Driver/stm32h7xx_hal_pcd.o
 .debug_aranges
                0x0000000000000888       0x60 ./Drivers/STM32H7xx_HAL_Driver/stm32h7xx_hal_pcd_ex.o
 .debug_aranges
                0x00000000000008e8      0x170 ./Drivers/STM32H7xx_HAL_Driver/stm32h7xx_hal_pwr_ex.o
 .debug_aranges
                0x0000000000000a58       0x88 ./Drivers/STM32H7xx_HAL_Driver/stm32h7xx_hal_rcc.o
 .debug_aranges
                0x0000000000000ae0      0x100 ./Drivers/STM32H7xx_HAL_Driver/stm32h7xx_hal_rcc_ex.o
 .debug_aranges
                0x0000000000000be0      0x1a8 ./Drivers/STM32H7xx_HAL_Driver/stm32h7xx_hal_spi.o
 .debug_aranges
                0x0000000000000d88      0x248 ./Drivers/STM32H7xx_HAL_Driver/stm32h7xx_hal_uart.o
 .debug_aranges
                0x0000000000000fd0       0xa8 ./Drivers/STM32H7xx_HAL_Driver/stm32h7xx_hal_uart_ex.o
 .debug_aranges
                0x0000000000001078      0x1a0 ./Drivers/STM32H7xx_HAL_Driver/stm32h7xx_ll_usb.o

.debug_ranges   0x0000000000000000     0x10e0
 .debug_ranges  0x0000000000000000       0x18 ./Common/Src/system_stm32h7xx_dualcore_boot_cm4_cm7.o
 .debug_ranges  0x0000000000000018       0x40 ./Core/Src/emulator.o
 .debug_ranges  0x0000000000000058       0x38 ./Core/Src/gpio_impl.o
 .debug_ranges  0x0000000000000090       0x98 ./Core/Src/main.o
 .debug_ranges  0x0000000000000128       0x30 ./Core/Src/serial_impl.o
 .debug_ranges  0x0000000000000158       0x40 ./Core/Src/stm32h7xx_hal_msp.o
 .debug_ranges  0x0000000000000198       0x60 ./Core/Src/stm32h7xx_it.o
 .debug_ranges  0x00000000000001f8       0x98 ./Core/Src/syscalls.o
 .debug_ranges  0x0000000000000290       0x18 ./Core/Src/time_impl.o
 .debug_ranges  0x00000000000002a8       0x20 ./Core/Startup/startup_stm32h755zitx.o
 .debug_ranges  0x00000000000002c8      0x1f0 ./Drivers/STM32H7xx_HAL_Driver/stm32h7xx_hal.o
 .debug_ranges  0x00000000000004b8      0x110 ./Drivers/STM32H7xx_HAL_Driver/stm32h7xx_hal_cortex.o
 .debug_ranges  0x00000000000005c8       0x48 ./Drivers/STM32H7xx_HAL_Driver/stm32h7xx_hal_gpio.o
 .debug_ranges  0x0000000000000610       0x60 ./Drivers/STM32H7xx_HAL_Driver/stm32h7xx_hal_hsem.o
 .debug_ranges  0x0000000000000670      0x130 ./Drivers/STM32H7xx_HAL_Driver/stm32h7xx_hal_pcd.o
 .debug_ranges  0x00000000000007a0       0x50 ./Drivers/STM32H7xx_HAL_Driver/stm32h7xx_hal_pcd_ex.o
 .debug_ranges  0x00000000000007f0      0x160 ./Drivers/STM32H7xx_HAL_Driver/stm32h7xx_hal_pwr_ex.o
 .debug_ranges  0x0000000000000950       0x78 ./Drivers/STM32H7xx_HAL_Driver/stm32h7xx_hal_rcc.o
 .debug_ranges  0x00000000000009c8       0xf0 ./Drivers/STM32H7xx_HAL_Driver/stm32h7xx_hal_rcc_ex.o
 .debug_ranges  0x0000000000000ab8      0x198 ./Drivers/STM32H7xx_HAL_Driver/stm32h7xx_hal_spi.o
 .debug_ranges  0x0000000000000c50      0x268 ./Drivers/STM32H7xx_HAL_Driver/stm32h7xx_hal_uart.o
 .debug_ranges  0x0000000000000eb8       0x98 ./Drivers/STM32H7xx_HAL_Driver/stm32h7xx_hal_uart_ex.o
 .debug_ranges  0x0000000000000f50      0x190 ./Drivers/STM32H7xx_HAL_Driver/stm32h7xx_ll_usb.o

.debug_macro    0x0000000000000000    0x3f471
 .debug_macro   0x0000000000000000      0x2d2 ./Common/Src/system_stm32h7xx_dualcore_boot_cm4_cm7.o
 .debug_macro   0x00000000000002d2      0xa96 ./Common/Src/system_stm32h7xx_dualcore_boot_cm4_cm7.o
 .debug_macro   0x0000000000000d68       0x2e ./Common/Src/system_stm32h7xx_dualcore_boot_cm4_cm7.o
 .debug_macro   0x0000000000000d96       0x49 ./Common/Src/system_stm32h7xx_dualcore_boot_cm4_cm7.o
 .debug_macro   0x0000000000000ddf       0x22 ./Common/Src/system_stm32h7xx_dualcore_boot_cm4_cm7.o
 .debug_macro   0x0000000000000e01       0x8e ./Common/Src/system_stm32h7xx_dualcore_boot_cm4_cm7.o
 .debug_macro   0x0000000000000e8f       0x51 ./Common/Src/system_stm32h7xx_dualcore_boot_cm4_cm7.o
 .debug_macro   0x0000000000000ee0      0x103 ./Common/Src/system_stm32h7xx_dualcore_boot_cm4_cm7.o
 .debug_macro   0x0000000000000fe3       0x6a ./Common/Src/system_stm32h7xx_dualcore_boot_cm4_cm7.o
 .debug_macro   0x000000000000104d      0x1df ./Common/Src/system_stm32h7xx_dualcore_boot_cm4_cm7.o
 .debug_macro   0x000000000000122c       0x1c ./Common/Src/system_stm32h7xx_dualcore_boot_cm4_cm7.o
 .debug_macro   0x0000000000001248       0x22 ./Common/Src/system_stm32h7xx_dualcore_boot_cm4_cm7.o
 .debug_macro   0x000000000000126a       0xfb ./Common/Src/system_stm32h7xx_dualcore_boot_cm4_cm7.o
 .debug_macro   0x0000000000001365     0x1305 ./Common/Src/system_stm32h7xx_dualcore_boot_cm4_cm7.o
 .debug_macro   0x000000000000266a      0x11f ./Common/Src/system_stm32h7xx_dualcore_boot_cm4_cm7.o
 .debug_macro   0x0000000000002789       0x27 ./Common/Src/system_stm32h7xx_dualcore_boot_cm4_cm7.o
 .debug_macro   0x00000000000027b0    0x2737b ./Common/Src/system_stm32h7xx_dualcore_boot_cm4_cm7.o
 .debug_macro   0x0000000000029b2b       0x6d ./Common/Src/system_stm32h7xx_dualcore_boot_cm4_cm7.o
 .debug_macro   0x0000000000029b98      0x23e ./Common/Src/system_stm32h7xx_dualcore_boot_cm4_cm7.o
 .debug_macro   0x0000000000029dd6     0x3d5d ./Common/Src/system_stm32h7xx_dualcore_boot_cm4_cm7.o
 .debug_macro   0x000000000002db33      0x174 ./Common/Src/system_stm32h7xx_dualcore_boot_cm4_cm7.o
 .debug_macro   0x000000000002dca7       0x52 ./Common/Src/system_stm32h7xx_dualcore_boot_cm4_cm7.o
 .debug_macro   0x000000000002dcf9       0x1d ./Common/Src/system_stm32h7xx_dualcore_boot_cm4_cm7.o
 .debug_macro   0x000000000002dd16       0x3c ./Common/Src/system_stm32h7xx_dualcore_boot_cm4_cm7.o
 .debug_macro   0x000000000002dd52       0x34 ./Common/Src/system_stm32h7xx_dualcore_boot_cm4_cm7.o
 .debug_macro   0x000000000002dd86       0x16 ./Common/Src/system_stm32h7xx_dualcore_boot_cm4_cm7.o
 .debug_macro   0x000000000002dd9c       0x43 ./Common/Src/system_stm32h7xx_dualcore_boot_cm4_cm7.o
 .debug_macro   0x000000000002dddf       0x34 ./Common/Src/system_stm32h7xx_dualcore_boot_cm4_cm7.o
 .debug_macro   0x000000000002de13       0x10 ./Common/Src/system_stm32h7xx_dualcore_boot_cm4_cm7.o
 .debug_macro   0x000000000002de23       0x58 ./Common/Src/system_stm32h7xx_dualcore_boot_cm4_cm7.o
 .debug_macro   0x000000000002de7b       0x71 ./Common/Src/system_stm32h7xx_dualcore_boot_cm4_cm7.o
 .debug_macro   0x000000000002deec       0x1c ./Common/Src/system_stm32h7xx_dualcore_boot_cm4_cm7.o
 .debug_macro   0x000000000002df08      0x12a ./Common/Src/system_stm32h7xx_dualcore_boot_cm4_cm7.o
 .debug_macro   0x000000000002e032      0x341 ./Common/Src/system_stm32h7xx_dualcore_boot_cm4_cm7.o
 .debug_macro   0x000000000002e373      0x19b ./Common/Src/system_stm32h7xx_dualcore_boot_cm4_cm7.o
 .debug_macro   0x000000000002e50e       0x5d ./Common/Src/system_stm32h7xx_dualcore_boot_cm4_cm7.o
 .debug_macro   0x000000000002e56b     0x3b99 ./Common/Src/system_stm32h7xx_dualcore_boot_cm4_cm7.o
 .debug_macro   0x0000000000032104     0x1072 ./Common/Src/system_stm32h7xx_dualcore_boot_cm4_cm7.o
 .debug_macro   0x0000000000033176      0x154 ./Common/Src/system_stm32h7xx_dualcore_boot_cm4_cm7.o
 .debug_macro   0x00000000000332ca      0x130 ./Common/Src/system_stm32h7xx_dualcore_boot_cm4_cm7.o
 .debug_macro   0x00000000000333fa      0x3be ./Common/Src/system_stm32h7xx_dualcore_boot_cm4_cm7.o
 .debug_macro   0x00000000000337b8       0xac ./Common/Src/system_stm32h7xx_dualcore_boot_cm4_cm7.o
 .debug_macro   0x0000000000033864      0x72d ./Common/Src/system_stm32h7xx_dualcore_boot_cm4_cm7.o
 .debug_macro   0x0000000000033f91      0x228 ./Common/Src/system_stm32h7xx_dualcore_boot_cm4_cm7.o
 .debug_macro   0x00000000000341b9       0x66 ./Common/Src/system_stm32h7xx_dualcore_boot_cm4_cm7.o
 .debug_macro   0x000000000003421f      0x3bb ./Common/Src/system_stm32h7xx_dualcore_boot_cm4_cm7.o
 .debug_macro   0x00000000000345da      0x407 ./Common/Src/system_stm32h7xx_dualcore_boot_cm4_cm7.o
 .debug_macro   0x00000000000349e1      0x27c ./Common/Src/system_stm32h7xx_dualcore_boot_cm4_cm7.o
 .debug_macro   0x0000000000034c5d      0x3ca ./Common/Src/system_stm32h7xx_dualcore_boot_cm4_cm7.o
 .debug_macro   0x0000000000035027      0x4a2 ./Common/Src/system_stm32h7xx_dualcore_boot_cm4_cm7.o
 .debug_macro   0x00000000000354c9       0x51 ./Common/Src/system_stm32h7xx_dualcore_boot_cm4_cm7.o
 .debug_macro   0x000000000003551a       0x4a ./Common/Src/system_stm32h7xx_dualcore_boot_cm4_cm7.o
 .debug_macro   0x0000000000035564      0x22c ./Common/Src/system_stm32h7xx_dualcore_boot_cm4_cm7.o
 .debug_macro   0x0000000000035790       0x67 ./Common/Src/system_stm32h7xx_dualcore_boot_cm4_cm7.o
 .debug_macro   0x00000000000357f7       0xa5 ./Common/Src/system_stm32h7xx_dualcore_boot_cm4_cm7.o
 .debug_macro   0x000000000003589c      0x218 ./Common/Src/system_stm32h7xx_dualcore_boot_cm4_cm7.o
 .debug_macro   0x0000000000035ab4      0x2ea ./Common/Src/system_stm32h7xx_dualcore_boot_cm4_cm7.o
 .debug_macro   0x0000000000035d9e       0x35 ./Common/Src/system_stm32h7xx_dualcore_boot_cm4_cm7.o
 .debug_macro   0x0000000000035dd3      0x5e4 ./Common/Src/system_stm32h7xx_dualcore_boot_cm4_cm7.o
 .debug_macro   0x00000000000363b7       0xba ./Common/Src/system_stm32h7xx_dualcore_boot_cm4_cm7.o
 .debug_macro   0x0000000000036471      0x693 ./Common/Src/system_stm32h7xx_dualcore_boot_cm4_cm7.o
 .debug_macro   0x0000000000036b04       0xa6 ./Common/Src/system_stm32h7xx_dualcore_boot_cm4_cm7.o
 .debug_macro   0x0000000000036baa      0x264 ./Common/Src/system_stm32h7xx_dualcore_boot_cm4_cm7.o
 .debug_macro   0x0000000000036e0e       0x90 ./Common/Src/system_stm32h7xx_dualcore_boot_cm4_cm7.o
 .debug_macro   0x0000000000036e9e      0x798 ./Common/Src/system_stm32h7xx_dualcore_boot_cm4_cm7.o
 .debug_macro   0x0000000000037636      0x275 ./Core/Src/emulator.o
 .debug_macro   0x00000000000378ab      0xb6e ./Core/Src/emulator.o
 .debug_macro   0x0000000000038419       0x1c ./Core/Src/emulator.o
 .debug_macro   0x0000000000038435      0x18a ./Core/Src/emulator.o
 .debug_macro   0x00000000000385bf       0x10 ./Core/Src/emulator.o
 .debug_macro   0x00000000000385cf      0x3d1 ./Core/Src/emulator.o
 .debug_macro   0x00000000000389a0       0x41 ./Core/Src/emulator.o
 .debug_macro   0x00000000000389e1       0x12 ./Core/Src/emulator.o
 .debug_macro   0x00000000000389f3       0x27 ./Core/Src/emulator.o
 .debug_macro   0x0000000000038a1a       0x1c ./Core/Src/emulator.o
 .debug_macro   0x0000000000038a36       0x18 ./Core/Src/emulator.o
 .debug_macro   0x0000000000038a4e       0x4f ./Core/Src/emulator.o
 .debug_macro   0x0000000000038a9d       0x28 ./Core/Src/emulator.o
 .debug_macro   0x0000000000038ac5       0x2e ./Core/Src/emulator.o
 .debug_macro   0x0000000000038af3       0x19 ./Core/Src/emulator.o
 .debug_macro   0x0000000000038b0c       0x88 ./Core/Src/emulator.o
 .debug_macro   0x0000000000038b94       0x19 ./Core/Src/emulator.o
 .debug_macro   0x0000000000038bad       0x34 ./Core/Src/emulator.o
 .debug_macro   0x0000000000038be1      0x17b ./Core/Src/emulator.o
 .debug_macro   0x0000000000038d5c       0x43 ./Core/Src/emulator.o
 .debug_macro   0x0000000000038d9f       0x16 ./Core/Src/emulator.o
 .debug_macro   0x0000000000038db5      0x364 ./Core/Src/emulator.o
 .debug_macro   0x0000000000039119       0x10 ./Core/Src/emulator.o
 .debug_macro   0x0000000000039129       0x35 ./Core/Src/emulator.o
 .debug_macro   0x000000000003915e       0x20 ./Core/Src/emulator.o
 .debug_macro   0x000000000003917e      0x389 ./Core/Src/gpio_impl.o
 .debug_macro   0x0000000000039507     0x1305 ./Core/Src/gpio_impl.o
 .debug_macro   0x000000000003a80c      0x194 ./Core/Src/gpio_impl.o
 .debug_macro   0x000000000003a9a0       0x10 ./Core/Src/gpio_impl.o
 .debug_macro   0x000000000003a9b0       0x16 ./Core/Src/gpio_impl.o
 .debug_macro   0x000000000003a9c6       0x16 ./Core/Src/gpio_impl.o
 .debug_macro   0x000000000003a9dc       0x29 ./Core/Src/gpio_impl.o
 .debug_macro   0x000000000003aa05       0x10 ./Core/Src/gpio_impl.o
 .debug_macro   0x000000000003aa15      0x3c7 ./Core/Src/gpio_impl.o
 .debug_macro   0x000000000003addc       0x64 ./Core/Src/gpio_impl.o
 .debug_macro   0x000000000003ae40      0x4c7 ./Core/Src/main.o
 .debug_macro   0x000000000003b307       0x16 ./Core/Src/main.o
 .debug_macro   0x000000000003b31d      0x46a ./Core/Src/serial_impl.o
 .debug_macro   0x000000000003b787      0x2e1 ./Core/Src/stm32h7xx_hal_msp.o
 .debug_macro   0x000000000003ba68      0x2eb ./Core/Src/stm32h7xx_it.o
 .debug_macro   0x000000000003bd53      0x24c ./Core/Src/syscalls.o
 .debug_macro   0x000000000003bf9f       0x4c ./Core/Src/syscalls.o
 .debug_macro   0x000000000003bfeb       0x94 ./Core/Src/syscalls.o
 .debug_macro   0x000000000003c07f       0x57 ./Core/Src/syscalls.o
 .debug_macro   0x000000000003c0d6       0x10 ./Core/Src/syscalls.o
 .debug_macro   0x000000000003c0e6       0x35 ./Core/Src/syscalls.o
 .debug_macro   0x000000000003c11b       0x10 ./Core/Src/syscalls.o
 .debug_macro   0x000000000003c12b       0x10 ./Core/Src/syscalls.o
 .debug_macro   0x000000000003c13b       0x10 ./Core/Src/syscalls.o
 .debug_macro   0x000000000003c14b       0x1c ./Core/Src/syscalls.o
 .debug_macro   0x000000000003c167       0x52 ./Core/Src/syscalls.o
 .debug_macro   0x000000000003c1b9       0x22 ./Core/Src/syscalls.o
 .debug_macro   0x000000000003c1db       0x10 ./Core/Src/syscalls.o
 .debug_macro   0x000000000003c1eb       0x52 ./Core/Src/syscalls.o
 .debug_macro   0x000000000003c23d       0xd5 ./Core/Src/syscalls.o
 .debug_macro   0x000000000003c312       0x1c ./Core/Src/syscalls.o
 .debug_macro   0x000000000003c32e       0x3d ./Core/Src/syscalls.o
 .debug_macro   0x000000000003c36b       0x35 ./Core/Src/syscalls.o
 .debug_macro   0x000000000003c3a0      0x12c ./Core/Src/syscalls.o
 .debug_macro   0x000000000003c4cc       0x10 ./Core/Src/syscalls.o
 .debug_macro   0x000000000003c4dc      0x241 ./Core/Src/syscalls.o
 .debug_macro   0x000000000003c71d       0x1c ./Core/Src/syscalls.o
 .debug_macro   0x000000000003c739       0x10 ./Core/Src/syscalls.o
 .debug_macro   0x000000000003c749       0x10 ./Core/Src/syscalls.o
 .debug_macro   0x000000000003c759       0x16 ./Core/Src/syscalls.o
 .debug_macro   0x000000000003c76f      0x145 ./Core/Src/syscalls.o
 .debug_macro   0x000000000003c8b4      0x189 ./Core/Src/syscalls.o
 .debug_macro   0x000000000003ca3d       0x16 ./Core/Src/syscalls.o
 .debug_macro   0x000000000003ca53       0xce ./Core/Src/syscalls.o
 .debug_macro   0x000000000003cb21      0x389 ./Core/Src/time_impl.o
 .debug_macro   0x000000000003ceaa      0x2fc ./Drivers/STM32H7xx_HAL_Driver/stm32h7xx_hal.o
 .debug_macro   0x000000000003d1a6      0x2d2 ./Drivers/STM32H7xx_HAL_Driver/stm32h7xx_hal_cortex.o
 .debug_macro   0x000000000003d478      0x2e6 ./Drivers/STM32H7xx_HAL_Driver/stm32h7xx_hal_gpio.o
 .debug_macro   0x000000000003d75e      0x2e4 ./Drivers/STM32H7xx_HAL_Driver/stm32h7xx_hal_hsem.o
 .debug_macro   0x000000000003da42      0x2de ./Drivers/STM32H7xx_HAL_Driver/stm32h7xx_hal_pcd.o
 .debug_macro   0x000000000003dd20      0x2d2 ./Drivers/STM32H7xx_HAL_Driver/stm32h7xx_hal_pcd_ex.o
 .debug_macro   0x000000000003dff2      0x30b ./Drivers/STM32H7xx_HAL_Driver/stm32h7xx_hal_pwr_ex.o
 .debug_macro   0x000000000003e2fd      0x2f6 ./Drivers/STM32H7xx_HAL_Driver/stm32h7xx_hal_rcc.o
 .debug_macro   0x000000000003e5f3      0x2f0 ./Drivers/STM32H7xx_HAL_Driver/stm32h7xx_hal_rcc_ex.o
 .debug_macro   0x000000000003e8e3      0x2e1 ./Drivers/STM32H7xx_HAL_Driver/stm32h7xx_hal_spi.o
 .debug_macro   0x000000000003ebc4      0x2fd ./Drivers/STM32H7xx_HAL_Driver/stm32h7xx_hal_uart.o
 .debug_macro   0x000000000003eec1      0x2de ./Drivers/STM32H7xx_HAL_Driver/stm32h7xx_hal_uart_ex.o
 .debug_macro   0x000000000003f19f      0x2d2 ./Drivers/STM32H7xx_HAL_Driver/stm32h7xx_ll_usb.o

.debug_line     0x0000000000000000    0x18e42
 .debug_line    0x0000000000000000      0xa8b ./Common/Src/system_stm32h7xx_dualcore_boot_cm4_cm7.o
 .debug_line    0x0000000000000a8b      0xc16 ./Core/Src/emulator.o
 .debug_line    0x00000000000016a1      0xcd8 ./Core/Src/gpio_impl.o
 .debug_line    0x0000000000002379     0x1267 ./Core/Src/main.o
 .debug_line    0x00000000000035e0      0xeef ./Core/Src/serial_impl.o
 .debug_line    0x00000000000044cf      0x9a6 ./Core/Src/stm32h7xx_hal_msp.o
 .debug_line    0x0000000000004e75      0x96e ./Core/Src/stm32h7xx_it.o
 .debug_line    0x00000000000057e3      0x7d1 ./Core/Src/syscalls.o
 .debug_line    0x0000000000005fb4      0xc45 ./Core/Src/time_impl.o
 .debug_line    0x0000000000006bf9       0x88 ./Core/Startup/startup_stm32h755zitx.o
 .debug_line    0x0000000000006c81      0xfca ./Drivers/STM32H7xx_HAL_Driver/stm32h7xx_hal.o
 .debug_line    0x0000000000007c4b      0xe7d ./Drivers/STM32H7xx_HAL_Driver/stm32h7xx_hal_cortex.o
 .debug_line    0x0000000000008ac8      0xd2e ./Drivers/STM32H7xx_HAL_Driver/stm32h7xx_hal_gpio.o
 .debug_line    0x00000000000097f6      0xa2d ./Drivers/STM32H7xx_HAL_Driver/stm32h7xx_hal_hsem.o
 .debug_line    0x000000000000a223     0x1643 ./Drivers/STM32H7xx_HAL_Driver/stm32h7xx_hal_pcd.o
 .debug_line    0x000000000000b866      0xa8d ./Drivers/STM32H7xx_HAL_Driver/stm32h7xx_hal_pcd_ex.o
 .debug_line    0x000000000000c2f3     0x1098 ./Drivers/STM32H7xx_HAL_Driver/stm32h7xx_hal_pwr_ex.o
 .debug_line    0x000000000000d38b     0x143b ./Drivers/STM32H7xx_HAL_Driver/stm32h7xx_hal_rcc.o
 .debug_line    0x000000000000e7c6     0x1d21 ./Drivers/STM32H7xx_HAL_Driver/stm32h7xx_hal_rcc_ex.o
 .debug_line    0x00000000000104e7     0x1f7a ./Drivers/STM32H7xx_HAL_Driver/stm32h7xx_hal_spi.o
 .debug_line    0x0000000000012461     0x3ec8 ./Drivers/STM32H7xx_HAL_Driver/stm32h7xx_hal_uart.o
 .debug_line    0x0000000000016329      0xf09 ./Drivers/STM32H7xx_HAL_Driver/stm32h7xx_hal_uart_ex.o
 .debug_line    0x0000000000017232     0x1c10 ./Drivers/STM32H7xx_HAL_Driver/stm32h7xx_ll_usb.o

.debug_str      0x0000000000000000   0x187023
 .debug_str     0x0000000000000000   0x179b08 ./Common/Src/system_stm32h7xx_dualcore_boot_cm4_cm7.o